[2026-03-31T16:38:34Z] agent-launch | role=orchestrator | task="T-002 Exhaustive Coverage" | scope=tests/agents/,tests/e2e/domain-01-auth.spec.ts,tests/e2e/domain-02-dashboard.spec.ts,tests/e2e/domain-03-chat.spec.ts,tests/e2e/domain-05-teambox.spec.ts,evidence/T-002/,sprints.json,playwright.agent.config.ts
[2026-03-31T16:38:34Z] step-0 | role=explorer | task="Pre-flight: T-001 committed, dev healthy, users login" | result=PASS
[2026-03-31T16:45:00Z] step-1 | role=dev | task="Auth domain plan — 116 test cases" | result=COMPLETE
[2026-03-31T16:55:00Z] step-2 | role=dev | task="Auth test generator — 47 tests, 44 passed, 3 skipped" | result=COMPLETE
[2026-03-31T17:00:00Z] step-3 | role=ghost | task="Ghost verify Auth — all checks PASS" | result=PASS
[2026-03-31T17:05:00Z] step-4 | role=dev | task="Dashboard domain plan — 94 test cases" | result=COMPLETE
[2026-03-31T17:12:00Z] step-5 | role=dev | task="Dashboard test generator — 39 tests, 39 passed" | result=COMPLETE
[2026-03-31T17:15:00Z] step-6 | role=ghost | task="Ghost verify Dashboard — all checks PASS" | result=PASS
[2026-03-31T17:18:00Z] step-7 | role=dev | task="Chat domain plan — 61 test cases" | result=COMPLETE
[2026-03-31T17:22:00Z] step-8 | role=dev | task="Chat test generator — 38 tests, 38 passed" | result=COMPLETE
[2026-03-31T17:25:00Z] step-9 | role=ghost | task="Ghost verify Chat — all checks PASS" | result=PASS
[2026-03-31T17:28:00Z] step-10 | role=dev | task="TeamBox domain plan — 109 test cases" | result=COMPLETE
[2026-03-31T17:33:00Z] step-11 | role=dev | task="TeamBox test generator — 48 tests, 48 passed" | result=COMPLETE
[2026-03-31T17:36:00Z] step-12 | role=ghost | task="Ghost verify TeamBox — all checks PASS" | result=PASS
[2026-03-31T17:38:00Z] step-13 | role=dev | task="Healer — no failures to fix" | result=SKIP
[2026-03-31T17:40:00Z] step-14 | role=orchestrator | task="Evidence written, operator review" | result=COMPLETE
[2026-03-31T17:45:13Z] CAPTAIN TOOL=Bash step=? sprint=T-002
[2026-03-31T17:45:47Z] CAPTAIN TOOL=Edit step=? sprint=T-002
[2026-03-31T17:45:52Z] CAPTAIN TOOL=Bash step=? sprint=T-002
[2026-03-31T17:46:01Z] CAPTAIN TOOL=Bash step=? sprint=T-002
[2026-03-31T17:46:10Z] PRE-COMMIT role=orchestrator sprint=T-002 result=BLOCKED detail="Watchdog gate: 1 violation(s) not addressed in ack."
[2026-03-31T17:46:15Z] CAPTAIN TOOL=Edit step=? sprint=T-002
[2026-03-31T17:46:21Z] CAPTAIN TOOL=Bash step=? sprint=T-002
[2026-03-31T17:46:34Z] PRE-COMMIT role=orchestrator sprint=T-002 result=PASS detail="All 7 gates passed"
