[2026-04-08T06:09:37Z] TOOL=Edit step=? sprint=SNP-WIDGET-01
[2026-04-08T06:09:44Z] TOOL=Bash step=? sprint=SNP-WIDGET-01
[2026-04-08T06:10:02Z] TOOL=Bash step=? sprint=SNP-WIDGET-01
[2026-04-08T06:10:08Z] TOOL=Bash step=? sprint=SNP-WIDGET-01
[2026-04-08T06:10:13Z] TOOL=Bash step=? sprint=SNP-WIDGET-01
[2026-04-08T06:10:20Z] TOOL=Bash step=? sprint=SNP-WIDGET-01
[2026-04-08T06:10:23Z] TOOL=Bash step=? sprint=SNP-WIDGET-01
[2026-04-08T06:10:33Z] TOOL=Bash step=? sprint=SNP-WIDGET-01
[2026-04-08T06:10:36Z] TOOL=Bash step=? sprint=SNP-WIDGET-01

2026-04-08T00:00:00Z builder SNP-WIDGET-01 EXECUTED: Fixed video popup dimensions — added width=1280,height=800,resizable=yes to window.open calls
[2026-04-08T06:10:39Z] TOOL=Bash step=? sprint=SNP-WIDGET-01
[2026-04-08T06:10:49Z] TOOL=Bash step=? sprint=SNP-WIDGET-01
[2026-04-08T06:10:52Z] TOOL=Bash step=? sprint=SNP-WIDGET-01
[2026-04-08T06:10:57Z] TOOL=Bash step=? sprint=SNP-WIDGET-01
[2026-04-08T06:11:01Z] TOOL=Bash step=? sprint=SNP-WIDGET-01
[2026-04-08T06:11:05Z] TOOL=Bash step=? sprint=SNP-WIDGET-01
[2026-04-08T06:11:15Z] TOOL=Bash step=? sprint=SNP-WIDGET-01
[2026-04-08T06:11:35Z] TOOL=Bash step=? sprint=SNP-WIDGET-01
[2026-04-08T06:11:46Z] TOOL=Bash step=? sprint=SNP-WIDGET-01
[2026-04-08T06:11:48Z] TOOL=Bash step=? sprint=SNP-WIDGET-01
[2026-04-08T06:12:00Z] PRE-COMMIT role=frontend sprint=SNP-WIDGET-01 result=BLOCKED detail="Watchdog gate: 1 violation(s) not addressed in ack."
[2026-04-08T06:12:37Z] TOOL=Bash step=? sprint=SNP-WIDGET-01
[2026-04-08T06:12:39Z] TOOL=Bash step=? sprint=SNP-WIDGET-01
[2026-04-08T06:12:44Z] TOOL=Bash step=? sprint=SNP-WIDGET-01
[2026-04-08T06:12:53Z] TOOL=Agent step=? sprint=SNP-WIDGET-01
[2026-04-08T06:12:56Z] TOOL=Bash step=? sprint=SNP-WIDGET-01
[2026-04-08T06:13:12Z] TOOL=Bash step=? sprint=SNP-WIDGET-01
[2026-04-08T06:13:12Z] TOOL=Bash step=? sprint=SNP-WIDGET-01
[2026-04-08T06:13:25Z] PRE-COMMIT role=frontend sprint=SNP-WIDGET-01 result=BLOCKED detail="Watchdog gate: 1 violation(s) not addressed in ack."
[2026-04-08T06:13:42Z] TOOL=Bash step=? sprint=SNP-WIDGET-01
[2026-04-08T06:13:54Z] TOOL=Bash step=? sprint=SNP-WIDGET-01
[2026-04-08T06:13:57Z] TOOL=Bash step=? sprint=SNP-WIDGET-01
[2026-04-08T06:14:02Z] TOOL=Bash step=? sprint=SNP-WIDGET-01
[2026-04-08T06:14:18Z] TOOL=Bash step=? sprint=SNP-WIDGET-01
[2026-04-08T06:14:27Z] TOOL=Bash step=? sprint=SNP-WIDGET-01
[2026-04-08T06:14:32Z] TOOL=Bash step=? sprint=SNP-WIDGET-01
[2026-04-08T06:14:38Z] TOOL=Bash step=? sprint=SNP-WIDGET-01
[2026-04-08T06:14:50Z] PRE-COMMIT role=frontend sprint=SNP-WIDGET-01 result=BLOCKED detail="Cross-sign not found: evidence/SNP-WIDGET-01/cross-sign.md. A different role must review and create it."
[2026-04-08T06:15:00Z] TOOL=Bash step=? sprint=SNP-WIDGET-01
[2026-04-08T06:15:05Z] TOOL=Bash step=? sprint=SNP-WIDGET-01
[2026-04-08T06:15:17Z] PRE-COMMIT role=frontend sprint=SNP-WIDGET-01 result=BLOCKED detail="Staged files outside frontend scope."
[2026-04-08T06:15:21Z] TOOL=Bash step=? sprint=SNP-WIDGET-01
[2026-04-08T06:15:28Z] TOOL=Bash step=? sprint=SNP-WIDGET-01
[2026-04-08T06:15:40Z] PRE-COMMIT role=orchestrator sprint=SNP-WIDGET-01 result=BLOCKED detail="Cross-sign implementing role (frontend) does not match COMMIT_ROLE (orchestrator)."
[2026-04-08T06:15:50Z] TOOL=Bash step=? sprint=SNP-WIDGET-01
[2026-04-08T06:15:55Z] TOOL=Bash step=? sprint=SNP-WIDGET-01
[2026-04-08T06:16:08Z] PRE-COMMIT role=orchestrator sprint=SNP-WIDGET-01 result=BLOCKED detail="Staged files outside orchestrator scope."
[2026-04-08T06:16:15Z] TOOL=Bash step=? sprint=SNP-WIDGET-01

[2026-04-08T06:16:16Z] agent-launch | role=frontend | task="Fix window.open dimensions" | scope=client/src/pages/widget-landing.tsx
[2026-04-08T06:16:19Z] TOOL=Bash step=? sprint=SNP-WIDGET-01
[2026-04-08T06:16:38Z] PRE-COMMIT role=orchestrator sprint=SNP-WIDGET-01 result=PASS detail="All 7 gates passed"
[2026-04-08T12:31:03Z] TOOL=Agent step=? sprint=SNP-WIDGET-01
[2026-04-08T12:31:05Z] TOOL=Bash step=? sprint=SNP-WIDGET-01
[2026-04-08T12:31:22Z] TOOL=Bash step=? sprint=SNP-WIDGET-01
[2026-04-08T12:39:52Z] TOOL=Agent step=? sprint=SNP-WIDGET-01
[2026-04-08T12:39:55Z] TOOL=Bash step=? sprint=SNP-WIDGET-01
[2026-04-08T12:40:04Z] TOOL=Bash step=? sprint=SNP-WIDGET-01
[2026-04-08T12:40:07Z] TOOL=Bash step=? sprint=SNP-WIDGET-01
[2026-04-08T12:40:09Z] TOOL=Bash step=? sprint=SNP-WIDGET-01
[2026-04-08T12:40:13Z] TOOL=Bash step=? sprint=SNP-WIDGET-01
[2026-04-08T12:40:50Z] TOOL=Edit step=? sprint=SNP-WIDGET-01
[2026-04-08T12:40:54Z] TOOL=Bash step=? sprint=SNP-WIDGET-01
[2026-04-08T12:40:57Z] TOOL=Bash step=? sprint=SNP-WIDGET-01
[2026-04-08T12:41:02Z] TOOL=Bash step=? sprint=SNP-WIDGET-01
[2026-04-08T12:41:07Z] TOOL=Bash step=? sprint=SNP-WIDGET-01
[2026-04-08T12:41:19Z] TOOL=Bash step=? sprint=SNP-WIDGET-01
[2026-04-08T12:41:40Z] TOOL=Bash step=? sprint=SNP-WIDGET-01
[2026-04-08T12:41:44Z] TOOL=Bash step=? sprint=SNP-WIDGET-01
[2026-04-08T12:41:49Z] TOOL=Bash step=? sprint=SNP-WIDGET-01
[2026-04-08T12:41:54Z] TOOL=Bash step=? sprint=SNP-WIDGET-01
[2026-04-08T12:42:08Z] PRE-COMMIT role=orchestrator sprint=SNP-WIDGET-01 result=BLOCKED detail="Watchdog gate: 1 violation(s) not addressed in ack."
[2026-04-08T12:42:13Z] TOOL=Bash step=? sprint=SNP-WIDGET-01
[2026-04-08T12:42:23Z] TOOL=Bash step=? sprint=SNP-WIDGET-01
[2026-04-08T12:42:29Z] TOOL=Bash step=? sprint=SNP-WIDGET-01
[2026-04-08T12:42:34Z] TOOL=Bash step=? sprint=SNP-WIDGET-01
[2026-04-08T12:42:47Z] PRE-COMMIT role=orchestrator sprint=SNP-WIDGET-01 result=BLOCKED detail="Enforcer checklist is stale (modified 23317s ago, max 1800s). Re-run the generator."
[2026-04-08T12:42:51Z] TOOL=Bash step=? sprint=SNP-WIDGET-01
[2026-04-08T12:42:58Z] TOOL=Bash step=? sprint=SNP-WIDGET-01
[2026-04-08T12:43:01Z] TOOL=Bash step=? sprint=SNP-WIDGET-01
[2026-04-08T12:43:15Z] PRE-COMMIT role=orchestrator sprint=SNP-WIDGET-01 result=BLOCKED detail="Cross-sign is stale (modified 23231s ago, max 1800s). Re-run the generator."
[2026-04-08T12:43:18Z] TOOL=Bash step=? sprint=SNP-WIDGET-01
[2026-04-08T12:43:24Z] TOOL=Bash step=? sprint=SNP-WIDGET-01
[2026-04-08T12:43:30Z] TOOL=Bash step=? sprint=SNP-WIDGET-01
[2026-04-08T12:43:49Z] PRE-COMMIT role=orchestrator sprint=SNP-WIDGET-01 result=PASS detail="All 7 gates passed"
[2026-04-08T12:43:54Z] TOOL=Bash step=? sprint=SNP-WIDGET-01
[2026-04-08T12:44:13Z] TOOL=Bash step=? sprint=SNP-WIDGET-01
[2026-04-08T13:05:41Z] TOOL=Edit step=? sprint=SNP-WIDGET-01
[2026-04-08T13:05:55Z] TOOL=Agent step=? sprint=SNP-WIDGET-01
[2026-04-08T13:06:10Z] TOOL=Edit step=? sprint=SNP-WIDGET-01
[2026-04-08T13:06:17Z] TOOL=Bash step=? sprint=SNP-WIDGET-01
[2026-04-08T13:06:28Z] TOOL=Bash step=? sprint=SNP-WIDGET-01
[2026-04-08T13:06:43Z] TOOL=Bash step=? sprint=SNP-WIDGET-01
[2026-04-08T13:06:47Z] TOOL=Bash step=? sprint=SNP-WIDGET-01
[2026-04-08T13:06:50Z] TOOL=Bash step=? sprint=SNP-WIDGET-01
[2026-04-08T13:06:55Z] TOOL=Bash step=? sprint=SNP-WIDGET-01
[2026-04-08T13:07:15Z] PRE-COMMIT role=orchestrator sprint=SNP-WIDGET-01 result=PASS detail="All 7 gates passed"
[2026-04-08T13:07:17Z] TOOL=Bash step=? sprint=SNP-WIDGET-01
[2026-04-08T13:07:35Z] TOOL=Bash step=? sprint=SNP-WIDGET-01
[2026-04-08T13:23:06Z] TOOL=Bash step=? sprint=SNP-WIDGET-01
[2026-04-08T13:23:08Z] TOOL=Bash step=? sprint=SNP-WIDGET-01
[2026-04-08T13:23:11Z] TOOL=Bash step=? sprint=SNP-WIDGET-01
[2026-04-08T13:23:20Z] TOOL=Agent step=? sprint=SNP-WIDGET-01
[2026-04-08T13:23:24Z] TOOL=Bash step=? sprint=SNP-WIDGET-01
[2026-04-08T13:23:25Z] TOOL=Bash step=? sprint=SNP-WIDGET-01
[2026-04-08T13:23:25Z] TOOL=Bash step=? sprint=SNP-WIDGET-01
[2026-04-08T13:23:29Z] TOOL=Bash step=? sprint=SNP-WIDGET-01
[2026-04-08T13:23:33Z] TOOL=Bash step=? sprint=SNP-WIDGET-01
[2026-04-08T13:23:34Z] TOOL=Bash step=? sprint=SNP-WIDGET-01
[2026-04-08T13:23:34Z] TOOL=Bash step=? sprint=SNP-WIDGET-01
[2026-04-08T13:23:35Z] TOOL=Bash step=? sprint=SNP-WIDGET-01
[2026-04-08T13:23:39Z] TOOL=Bash step=? sprint=SNP-WIDGET-01
[2026-04-08T13:23:42Z] TOOL=Bash step=? sprint=SNP-WIDGET-01
[2026-04-08T13:23:43Z] TOOL=Bash step=? sprint=SNP-WIDGET-01
[2026-04-08T13:23:44Z] TOOL=Bash step=? sprint=SNP-WIDGET-01
[2026-04-08T13:23:45Z] TOOL=Bash step=? sprint=SNP-WIDGET-01
[2026-04-08T13:23:48Z] TOOL=Bash step=? sprint=SNP-WIDGET-01
[2026-04-08T13:23:49Z] TOOL=Bash step=? sprint=SNP-WIDGET-01
[2026-04-08T13:23:52Z] TOOL=Bash step=? sprint=SNP-WIDGET-01
[2026-04-08T13:23:53Z] TOOL=Bash step=? sprint=SNP-WIDGET-01
[2026-04-08T13:24:03Z] TOOL=Bash step=? sprint=SNP-WIDGET-01
[2026-04-08T13:24:04Z] TOOL=Bash step=? sprint=SNP-WIDGET-01
[2026-04-08T13:24:15Z] TOOL=Bash step=? sprint=SNP-WIDGET-01
[2026-04-08T13:24:16Z] TOOL=Bash step=? sprint=SNP-WIDGET-01
[2026-04-08T13:25:35Z] TOOL=Agent step=? sprint=SNP-WIDGET-01
[2026-04-08T13:25:44Z] TOOL=Bash step=? sprint=SNP-WIDGET-01
[2026-04-08T13:25:44Z] TOOL=Bash step=? sprint=SNP-WIDGET-01
[2026-04-08T13:25:45Z] TOOL=Bash step=? sprint=SNP-WIDGET-01
[2026-04-08T13:25:52Z] TOOL=Bash step=? sprint=SNP-WIDGET-01
[2026-04-08T13:25:59Z] TOOL=Bash step=? sprint=SNP-WIDGET-01
[2026-04-08T13:26:08Z] TOOL=Edit step=? sprint=SNP-WIDGET-01
[2026-04-08T13:26:30Z] TOOL=Bash step=? sprint=SNP-WIDGET-01
[2026-04-08T13:26:55Z] TOOL=Bash step=? sprint=SNP-WIDGET-01
[2026-04-08T13:27:07Z] TOOL=Bash step=? sprint=SNP-WIDGET-01
[2026-04-08T13:27:12Z] TOOL=Bash step=? sprint=SNP-WIDGET-01
[2026-04-08T13:27:17Z] TOOL=Write step=? sprint=SNP-WIDGET-01
[2026-04-08T13:27:24Z] TOOL=Bash step=? sprint=SNP-WIDGET-01
[2026-04-08T13:27:42Z] TOOL=Write step=? sprint=SNP-WIDGET-01
[2026-04-08T13:27:51Z] TOOL=Write step=? sprint=SNP-WIDGET-01
[2026-04-08T13:27:57Z] TOOL=Write step=? sprint=SNP-WIDGET-01
[2026-04-08T13:28:02Z] TOOL=Edit step=? sprint=SNP-WIDGET-01
[2026-04-08T13:28:07Z] TOOL=Bash step=? sprint=SNP-WIDGET-01
[2026-04-08T13:28:10Z] TOOL=Bash step=? sprint=SNP-WIDGET-01
[2026-04-08T13:28:16Z] TOOL=Bash step=? sprint=SNP-WIDGET-01
[2026-04-08T13:28:19Z] TOOL=Bash step=? sprint=SNP-WIDGET-01
[2026-04-08T13:28:29Z] TOOL=Bash step=? sprint=SNP-WIDGET-01
[2026-04-08T13:28:37Z] TOOL=Bash step=? sprint=SNP-WIDGET-01
[2026-04-08T13:28:56Z] TOOL=Bash step=? sprint=SNP-WIDGET-01
[2026-04-09T04:21:39Z] TOOL=Edit step=? sprint=SNP-WIDGET-01
