[2026-04-07T18:41:26Z] TOOL=Bash step=1 sprint=PE-INSIGHTS-03
[2026-04-07T18:42:00Z] TOOL=Bash step=1 sprint=PE-INSIGHTS-03
[2026-04-07T18:42:04Z] TOOL=Bash step=1 sprint=PE-INSIGHTS-03
[2026-04-07T18:42:16Z] TOOL=Bash step=1 sprint=PE-INSIGHTS-03
[2026-04-07T18:42:35Z] TOOL=Bash step=1 sprint=PE-INSIGHTS-03
[2026-04-07T18:43:13Z] TOOL=Bash step=1 sprint=PE-INSIGHTS-03
[2026-04-07T18:43:17Z] TOOL=Bash step=1 sprint=PE-INSIGHTS-03
[2026-04-07T18:45:21Z] TOOL=Bash step=1 sprint=PE-INSIGHTS-03
[2026-04-07T18:45:24Z] TOOL=Bash step=1 sprint=PE-INSIGHTS-03
[2026-04-07T18:45:30Z] TOOL=Bash step=1 sprint=PE-INSIGHTS-03
[2026-04-07T18:45:34Z] TOOL=Bash step=1 sprint=PE-INSIGHTS-03
[2026-04-07T18:45:38Z] TOOL=Bash step=1 sprint=PE-INSIGHTS-03
[2026-04-07T18:45:42Z] TOOL=Bash step=1 sprint=PE-INSIGHTS-03
[2026-04-07T18:45:45Z] TOOL=Bash step=1 sprint=PE-INSIGHTS-03
[2026-04-07T18:45:49Z] TOOL=Bash step=1 sprint=PE-INSIGHTS-03
[2026-04-07T18:45:52Z] TOOL=Bash step=1 sprint=PE-INSIGHTS-03
[2026-04-07T18:46:40Z] TOOL=Write step=1 sprint=PE-INSIGHTS-03
[2026-04-07T18:47:18Z] TOOL=Write step=1 sprint=PE-INSIGHTS-03
[2026-04-07T18:47:22Z] TOOL=Bash step=1 sprint=PE-INSIGHTS-03
[2026-04-07T18:47:27Z] TOOL=Bash step=1 sprint=PE-INSIGHTS-03
[2026-04-07T18:47:30Z] TOOL=Bash step=1 sprint=PE-INSIGHTS-03
[2026-04-07T18:47:34Z] TOOL=Bash step=1 sprint=PE-INSIGHTS-03
[2026-04-07T18:47:40Z] TOOL=Bash step=1 sprint=PE-INSIGHTS-03
[2026-04-07T18:47:43Z] TOOL=Bash step=1 sprint=PE-INSIGHTS-03
[2026-04-07T18:47:48Z] TOOL=Bash step=1 sprint=PE-INSIGHTS-03
[2026-04-07T18:47:51Z] TOOL=Bash step=1 sprint=PE-INSIGHTS-03
[2026-04-07T18:48:53Z] TOOL=Write step=1 sprint=PE-INSIGHTS-03
[2026-04-07T18:49:08Z] TOOL=Bash step=1 sprint=PE-INSIGHTS-03
[2026-04-07T18:49:56Z] TOOL=Write step=1 sprint=PE-INSIGHTS-03
[2026-04-07T18:49:59Z] TOOL=Bash step=1 sprint=PE-INSIGHTS-03
[2026-04-07T18:50:03Z] TOOL=Bash step=1 sprint=PE-INSIGHTS-03
[2026-04-07T18:50:07Z] TOOL=Bash step=1 sprint=PE-INSIGHTS-03
[2026-04-07T18:50:14Z] TOOL=Bash step=1 sprint=PE-INSIGHTS-03
[2026-04-07T18:51:00Z] TOOL=Write step=1 sprint=PE-INSIGHTS-03
[2026-04-07T18:51:06Z] TOOL=Write step=1 sprint=PE-INSIGHTS-03
[2026-04-07T18:51:09Z] TOOL=Bash step=1 sprint=PE-INSIGHTS-03
[2026-04-07T18:51:13Z] TOOL=Bash step=1 sprint=PE-INSIGHTS-03
[2026-04-07T18:51:17Z] TOOL=Bash step=1 sprint=PE-INSIGHTS-03
[2026-04-07T18:51:21Z] TOOL=Bash step=1 sprint=PE-INSIGHTS-03
[2026-04-07T18:51:30Z] TOOL=Write step=1 sprint=PE-INSIGHTS-03
[2026-04-07T18:51:34Z] TOOL=Bash step=1 sprint=PE-INSIGHTS-03
[2026-04-07T18:51:40Z] TOOL=Edit step=1 sprint=PE-INSIGHTS-03
[2026-04-07T18:51:44Z] TOOL=Bash step=1 sprint=PE-INSIGHTS-03
[2026-04-07T18:51:50Z] TOOL=Bash step=1 sprint=PE-INSIGHTS-03
[2026-04-07T18:51:54Z] TOOL=Bash step=1 sprint=PE-INSIGHTS-03
[2026-04-07T18:51:57Z] TOOL=Bash step=1 sprint=PE-INSIGHTS-03
[2026-04-07T18:52:01Z] TOOL=Bash step=1 sprint=PE-INSIGHTS-03
[2026-04-07T18:52:04Z] TOOL=Bash step=1 sprint=PE-INSIGHTS-03
[2026-04-07T18:52:11Z] TOOL=Bash step=1 sprint=PE-INSIGHTS-03
[2026-04-07T18:52:15Z] TOOL=Bash step=1 sprint=PE-INSIGHTS-03
[2026-04-07T18:52:19Z] TOOL=Bash step=1 sprint=PE-INSIGHTS-03
[2026-04-07T18:52:22Z] TOOL=Bash step=1 sprint=PE-INSIGHTS-03
[2026-04-07T18:52:26Z] TOOL=Bash step=1 sprint=PE-INSIGHTS-03
[2026-04-07T18:52:31Z] TOOL=Bash step=1 sprint=PE-INSIGHTS-03
[2026-04-07T18:52:38Z] TOOL=Bash step=1 sprint=PE-INSIGHTS-03
[2026-04-07T18:52:44Z] TOOL=Bash step=1 sprint=PE-INSIGHTS-03
[2026-04-07T18:52:47Z] TOOL=Bash step=1 sprint=PE-INSIGHTS-03
[2026-04-07T18:52:55Z] TOOL=Bash step=1 sprint=PE-INSIGHTS-03
[2026-04-07T18:53:51Z] TOOL=Write step=1 sprint=PE-INSIGHTS-03
[2026-04-07T18:53:57Z] TOOL=Edit step=1 sprint=PE-INSIGHTS-03
[2026-04-07T18:54:01Z] TOOL=Bash step=1 sprint=PE-INSIGHTS-03
[2026-04-07T18:54:06Z] TOOL=Bash step=1 sprint=PE-INSIGHTS-03
[2026-04-07T18:54:09Z] TOOL=Bash step=1 sprint=PE-INSIGHTS-03
[2026-04-07T18:54:14Z] TOOL=Bash step=1 sprint=PE-INSIGHTS-03
[2026-04-07T18:54:18Z] TOOL=Bash step=1 sprint=PE-INSIGHTS-03
[2026-04-07T18:54:22Z] TOOL=Bash step=1 sprint=PE-INSIGHTS-03
[2026-04-07T18:54:26Z] TOOL=Bash step=1 sprint=PE-INSIGHTS-03
[2026-04-07T18:54:31Z] TOOL=Bash step=1 sprint=PE-INSIGHTS-03
[2026-04-07T18:54:36Z] TOOL=Bash step=1 sprint=PE-INSIGHTS-03
[2026-04-07T18:54:40Z] TOOL=Bash step=1 sprint=PE-INSIGHTS-03
[2026-04-07T18:54:43Z] TOOL=Bash step=1 sprint=PE-INSIGHTS-03
[2026-04-07T18:54:47Z] TOOL=Bash step=1 sprint=PE-INSIGHTS-03
[2026-04-07T18:54:51Z] TOOL=Bash step=1 sprint=PE-INSIGHTS-03
[2026-04-07T18:54:55Z] TOOL=Bash step=1 sprint=PE-INSIGHTS-03
[2026-04-07T18:55:02Z] TOOL=Bash step=1 sprint=PE-INSIGHTS-03
[2026-04-07T18:55:07Z] TOOL=Bash step=1 sprint=PE-INSIGHTS-03
[2026-04-07T18:55:13Z] TOOL=Bash step=1 sprint=PE-INSIGHTS-03
[2026-04-07T18:55:17Z] TOOL=Bash step=1 sprint=PE-INSIGHTS-03
[2026-04-07T18:56:12Z] TOOL=Write step=1 sprint=PE-INSIGHTS-03
[2026-04-07T18:56:24Z] TOOL=Write step=1 sprint=PE-INSIGHTS-03
[2026-04-07T18:56:39Z] TOOL=Write step=1 sprint=PE-INSIGHTS-03
[2026-04-07T18:57:31Z] TOOL=Write step=1 sprint=PE-INSIGHTS-03
[2026-04-07T18:57:55Z] TOOL=Write step=1 sprint=PE-INSIGHTS-03
[2026-04-07T18:58:26Z] TOOL=Write step=1 sprint=PE-INSIGHTS-03
[2026-04-07T18:58:40Z] TOOL=Write step=1 sprint=PE-INSIGHTS-03
[2026-04-07T18:59:19Z] TOOL=Write step=1 sprint=PE-INSIGHTS-03
[2026-04-07T18:59:29Z] TOOL=Write step=1 sprint=PE-INSIGHTS-03
[2026-04-07T18:59:36Z] TOOL=Write step=1 sprint=PE-INSIGHTS-03
[2026-04-07T18:59:41Z] TOOL=Bash step=1 sprint=PE-INSIGHTS-03
[2026-04-07T19:00:36Z] TOOL=Bash step=1 sprint=PE-INSIGHTS-03
[2026-04-07T19:00:58Z] TOOL=Bash step=1 sprint=PE-INSIGHTS-03
[2026-04-07T19:03:18Z] PRE-COMMIT role=orchestrator sprint=PE-INSIGHTS-03 result=BLOCKED detail="Watchdog gate: Ack is 61 minutes old (max 60). Re-acknowledge."
[2026-04-07T19:05:19Z] PRE-COMMIT role=orchestrator sprint=PE-INSIGHTS-03 result=BLOCKED detail="No exit gate verdict found in evidence/PE-INSIGHTS-03/post-sprint-report.md. Run Ghost exit gate first."
[2026-04-07T19:06:11Z] PRE-COMMIT role=orchestrator sprint=PE-INSIGHTS-03 result=BLOCKED detail="Pre-execution report has a Declared Files section but no file paths listed."
[2026-04-07T19:07:01Z] PRE-COMMIT role=orchestrator sprint=PE-INSIGHTS-03 result=BLOCKED detail="Pre-exec and post-sprint written -49s apart (minimum 300s / 5 minutes). Write the pre-exec FIRST, do the work, THEN write the post-sprint."
[2026-04-07T19:07:40Z] PRE-COMMIT role=orchestrator sprint=PE-INSIGHTS-03 result=BLOCKED detail="Enforcer checklist has a future timestamp. Clock manipulation detected."
[2026-04-07T19:08:17Z] PRE-COMMIT role=orchestrator sprint=PE-INSIGHTS-03 result=BLOCKED detail="Cross-sign verdict is '', not 'approved'."
[2026-04-07T19:09:10Z] PRE-COMMIT role=orchestrator sprint=PE-INSIGHTS-03 result=PASS detail="All 7 gates passed"
