[2026-04-07T19:10:45Z] TOOL=Bash step=1 sprint=PE-SERVICE-CAMPAIGNS-03
[2026-04-07T19:11:16Z] TOOL=Bash step=1 sprint=PE-SERVICE-CAMPAIGNS-03
[2026-04-07T19:11:22Z] TOOL=Bash step=1 sprint=PE-SERVICE-CAMPAIGNS-03
[2026-04-07T19:11:50Z] TOOL=Bash step=1 sprint=PE-SERVICE-CAMPAIGNS-03
[2026-04-07T19:11:56Z] TOOL=Bash step=1 sprint=PE-SERVICE-CAMPAIGNS-03
[2026-04-07T19:12:12Z] TOOL=Bash step=1 sprint=PE-SERVICE-CAMPAIGNS-03
[2026-04-07T19:12:14Z] TOOL=Bash step=1 sprint=PE-SERVICE-CAMPAIGNS-03
[2026-04-07T19:12:54Z] TOOL=Bash step=1 sprint=PE-SERVICE-CAMPAIGNS-03
[2026-04-07T19:13:00Z] TOOL=Bash step=1 sprint=PE-SERVICE-CAMPAIGNS-03
[2026-04-07T19:13:07Z] TOOL=Bash step=1 sprint=PE-SERVICE-CAMPAIGNS-03
[2026-04-07T19:13:21Z] TOOL=Bash step=1 sprint=PE-SERVICE-CAMPAIGNS-03
[2026-04-07T19:13:26Z] TOOL=Bash step=1 sprint=PE-SERVICE-CAMPAIGNS-03
[2026-04-07T19:13:31Z] TOOL=Bash step=1 sprint=PE-SERVICE-CAMPAIGNS-03
[2026-04-07T19:13:36Z] TOOL=Bash step=1 sprint=PE-SERVICE-CAMPAIGNS-03
[2026-04-07T19:13:44Z] TOOL=Bash step=1 sprint=PE-SERVICE-CAMPAIGNS-03
[2026-04-07T19:13:59Z] TOOL=Bash step=1 sprint=PE-SERVICE-CAMPAIGNS-03
[2026-04-07T19:14:12Z] TOOL=Bash step=1 sprint=PE-SERVICE-CAMPAIGNS-03
[2026-04-07T19:14:18Z] TOOL=Bash step=1 sprint=PE-SERVICE-CAMPAIGNS-03
[2026-04-07T19:14:23Z] TOOL=Bash step=1 sprint=PE-SERVICE-CAMPAIGNS-03
[2026-04-07T19:14:28Z] TOOL=Bash step=1 sprint=PE-SERVICE-CAMPAIGNS-03
[2026-04-07T19:14:33Z] TOOL=Bash step=1 sprint=PE-SERVICE-CAMPAIGNS-03
[2026-04-07T19:14:43Z] TOOL=Bash step=1 sprint=PE-SERVICE-CAMPAIGNS-03
[2026-04-07T19:14:50Z] TOOL=Bash step=1 sprint=PE-SERVICE-CAMPAIGNS-03
[2026-04-07T19:14:56Z] TOOL=Bash step=1 sprint=PE-SERVICE-CAMPAIGNS-03
[2026-04-07T19:14:59Z] TOOL=Bash step=1 sprint=PE-SERVICE-CAMPAIGNS-03
[2026-04-07T19:15:03Z] TOOL=Bash step=1 sprint=PE-SERVICE-CAMPAIGNS-03
[2026-04-07T19:15:07Z] TOOL=Bash step=1 sprint=PE-SERVICE-CAMPAIGNS-03
[2026-04-07T19:15:36Z] TOOL=Bash step=1 sprint=PE-SERVICE-CAMPAIGNS-03
[2026-04-07T19:16:19Z] TOOL=Write step=1 sprint=PE-SERVICE-CAMPAIGNS-03
[2026-04-07T19:16:44Z] TOOL=Write step=1 sprint=PE-SERVICE-CAMPAIGNS-03
[2026-04-07T19:17:41Z] TOOL=Write step=1 sprint=PE-SERVICE-CAMPAIGNS-03
[2026-04-07T19:18:02Z] TOOL=Write step=1 sprint=PE-SERVICE-CAMPAIGNS-03
[2026-04-07T19:18:31Z] TOOL=Write step=1 sprint=PE-SERVICE-CAMPAIGNS-03
[2026-04-07T19:19:13Z] TOOL=Write step=1 sprint=PE-SERVICE-CAMPAIGNS-03
[2026-04-07T19:19:27Z] TOOL=Write step=1 sprint=PE-SERVICE-CAMPAIGNS-03
[2026-04-07T19:19:36Z] TOOL=Write step=1 sprint=PE-SERVICE-CAMPAIGNS-03
[2026-04-07T19:20:05Z] TOOL=Write step=1 sprint=PE-SERVICE-CAMPAIGNS-03
[2026-04-07T19:20:54Z] TOOL=Write step=1 sprint=PE-SERVICE-CAMPAIGNS-03
[2026-04-07T19:21:09Z] TOOL=Write step=1 sprint=PE-SERVICE-CAMPAIGNS-03
[2026-04-07T19:21:18Z] TOOL=Write step=1 sprint=PE-SERVICE-CAMPAIGNS-03
[2026-04-07T19:21:24Z] TOOL=Bash step=1 sprint=PE-SERVICE-CAMPAIGNS-03
[2026-04-07T19:21:58Z] TOOL=Bash step=1 sprint=PE-SERVICE-CAMPAIGNS-03
[2026-04-07T19:22:06Z] TOOL=Bash step=1 sprint=PE-SERVICE-CAMPAIGNS-03
[2026-04-07T19:23:33Z] PRE-COMMIT role=orchestrator sprint=PE-SERVICE-CAMPAIGNS-03 result=BLOCKED detail="No exit gate verdict found in evidence/PE-SERVICE-CAMPAIGNS-03/post-sprint-report.md. Run Ghost exit gate first."
[2026-04-07T19:24:22Z] PRE-COMMIT role=orchestrator sprint=PE-SERVICE-CAMPAIGNS-03 result=BLOCKED detail="Pre-execution report has a Declared Files section but no file paths listed."
[2026-04-07T19:25:05Z] PRE-COMMIT role=orchestrator sprint=PE-SERVICE-CAMPAIGNS-03 result=BLOCKED detail="Pre-exec and post-sprint written -41s apart (minimum 300s / 5 minutes). Write the pre-exec FIRST, do the work, THEN write the post-sprint."
[2026-04-07T19:25:28Z] PRE-COMMIT role=orchestrator sprint=PE-SERVICE-CAMPAIGNS-03 result=BLOCKED detail="Cross-sign not found: evidence/PE-SERVICE-CAMPAIGNS-03/cross-sign.md. A different role must review and create it."
[2026-04-07T19:26:20Z] PRE-COMMIT role=orchestrator sprint=PE-SERVICE-CAMPAIGNS-03 result=PASS detail="All 7 gates passed"
