[2026-04-08T04:10:13Z] PRE-COMMIT role=orchestrator sprint=SNP-SEC-01 result=BLOCKED detail="Watchdog gate: Ack is 403 minutes old (max 60). Re-acknowledge."
[2026-04-08T04:11:13Z] PRE-COMMIT role=orchestrator sprint=SNP-SEC-01 result=BLOCKED detail="Pre-execution report has a Declared Files section but no file paths listed."
[2026-04-08T04:12:41Z] PRE-COMMIT role=governance sprint=SNP-SEC-01 result=BLOCKED detail="Governance file 'sprints.json' staged by role 'governance'. Only orchestrator may modify."
[2026-04-08T04:13:09Z] PRE-COMMIT role=orchestrator sprint=SNP-SEC-01 result=BLOCKED detail="Pre-execution report has a Declared Files section but no file paths listed."
[2026-04-08T04:14:07Z] PRE-COMMIT role=orchestrator sprint=SNP-SEC-01 result=BLOCKED detail="Pre-execution report has a Declared Files section but no file paths listed."
[2026-04-08T04:15:02Z] PRE-COMMIT role=orchestrator sprint=SNP-SEC-01 result=BLOCKED detail="Enforcer checklist not found: evidence/SNP-SEC-01/enforcer-checklist.txt. Run: ./scripts/enforcer-checklist.sh SNP-SEC-01"
[2026-04-08T05:09:22Z] TOOL=Bash step=? sprint=SNP-SEC-01
[2026-04-08T05:09:25Z] TOOL=Bash step=? sprint=SNP-SEC-01
[2026-04-08T05:09:31Z] TOOL=Bash step=? sprint=SNP-SEC-01
[2026-04-08T05:09:33Z] TOOL=Bash step=? sprint=SNP-SEC-01
[2026-04-08T05:09:35Z] TOOL=Bash step=? sprint=SNP-SEC-01
[2026-04-08T05:09:42Z] TOOL=Bash step=? sprint=SNP-SEC-01
[2026-04-08T05:09:46Z] TOOL=Bash step=? sprint=SNP-SEC-01
[2026-04-08T05:09:52Z] TOOL=Bash step=? sprint=SNP-SEC-01
[2026-04-08T05:10:01Z] TOOL=Bash step=? sprint=SNP-SEC-01
[2026-04-08T05:10:07Z] TOOL=Bash step=? sprint=SNP-SEC-01
[2026-04-08T05:10:11Z] TOOL=Bash step=? sprint=SNP-SEC-01
[2026-04-08T05:10:14Z] TOOL=Bash step=? sprint=SNP-SEC-01
[2026-04-08T05:10:19Z] TOOL=Bash step=? sprint=SNP-SEC-01
[2026-04-08T05:10:23Z] TOOL=Bash step=? sprint=SNP-SEC-01
[2026-04-08T05:10:27Z] TOOL=Bash step=? sprint=SNP-SEC-01
[2026-04-08T05:10:29Z] TOOL=Bash step=? sprint=SNP-SEC-01
[2026-04-08T05:10:35Z] TOOL=Bash step=? sprint=SNP-SEC-01
[2026-04-08T05:10:38Z] TOOL=Bash step=? sprint=SNP-SEC-01
[2026-04-08T05:10:59Z] TOOL=Bash step=? sprint=SNP-SEC-01
[2026-04-08T05:11:09Z] TOOL=Bash step=? sprint=SNP-SEC-01
[2026-04-08T05:11:41Z] TOOL=Bash step=? sprint=SNP-SEC-01
[2026-04-08T05:11:48Z] TOOL=Bash step=? sprint=SNP-SEC-01
[2026-04-08T05:11:53Z] TOOL=Bash step=? sprint=SNP-SEC-01
[2026-04-08T05:12:09Z] TOOL=Bash step=? sprint=SNP-SEC-01
[2026-04-08T05:14:27Z] PRE-COMMIT role=governance sprint=SNP-SEC-01 result=BLOCKED detail="Governance file 'sprints.json' staged by role 'governance'. Only orchestrator may modify."
[2026-04-08T05:15:00Z] agent-launch | role=orchestrator | task="governance commit — sprint registry v13.0 + issues backlog" | scope=sprints.json,issues.md,.governor/approvals/plan-change-approved,evidence/SNP-SEC-01,evidence/SNP-AI-HANDOFF-01,evidence/SNP-COMMS-FIX-01,evidence/SNP-INSIGHTS-A,evidence/SNP-INSIGHTS-B,evidence/SNP-LANDING-01,evidence/SNP-UI-MISC-01,evidence/SNP-WIDGET-01,evidence/WFV-COMMS-01
[2026-04-08T05:17:19Z] PRE-COMMIT role=orchestrator sprint=SNP-SEC-01 result=PASS detail="All 7 gates passed"
