[TAILING] Tailing last 200 lines for [nexxus-app] process (change the value with --lines option)
/home/ubuntu/.pm2/logs/nexxus-app-error.log last 200 lines:

/home/ubuntu/.pm2/logs/nexxus-app-out.log last 200 lines:
1:55:32 AM [express] POST /api/auth/refresh 200 in 525ms
1:55:33 AM [express] GET /api/auth/me 304 in 521ms
1:55:33 AM [express] GET /api/agents 304 in 348ms
1:55:33 AM [express] GET /api/organizations/24d64f99-ba04-4b43-af35-fd06f555ac86 304 in 350ms
1:55:33 AM [express] GET /api/notifications/unread-count 304 in 349ms
1:55:33 AM [express] GET /api/favorites 304 in 348ms
1:55:33 AM [express] GET /api/activity-log 304 in 359ms
1:55:33 AM [express] GET /api/notifications 304 in 432ms
1:55:34 AM [express] GET /api/conversations 200 in 347ms
1:55:34 AM [express] GET /api/conversations 200 in 352ms
1:55:34 AM [express] GET /api/agents 200 in 351ms
1:55:34 AM [express] GET /api/agents 200 in 350ms
1:55:34 AM [express] GET /api/agents 200 in 370ms
1:55:49 AM [express] GET /api/notifications/unread-count 304 in 350ms
1:55:59 AM [express] POST /api/auth/refresh 200 in 529ms
1:55:59 AM [express] GET /api/auth/me 304 in 520ms
1:55:59 AM [express] GET /api/agents 304 in 351ms
1:55:59 AM [express] GET /api/organizations/24d64f99-ba04-4b43-af35-fd06f555ac86 304 in 347ms
1:55:59 AM [express] GET /api/favorites 304 in 348ms
1:55:59 AM [express] GET /api/notifications/unread-count 304 in 355ms
1:55:59 AM [express] GET /api/activity-log 304 in 350ms
1:56:00 AM [express] GET /api/notifications 304 in 435ms
1:56:00 AM [express] GET /api/conversations 200 in 365ms
1:56:00 AM [express] GET /api/agents 200 in 367ms
1:56:00 AM [express] GET /api/agents 200 in 365ms
1:56:00 AM [express] GET /api/conversations 200 in 374ms
1:56:00 AM [express] GET /api/agents 200 in 380ms
1:56:00 AM [express] GET /api/metrics/pipeline 200 in 414ms
1:56:00 AM [express] GET /api/conversations 304 in 348ms
1:56:00 AM [express] GET /api/conversations/7d4c3432-98b0-43d0-827e-f098b15c14dc/messages 304 in 434ms
1:56:09 AM [express] POST /api/auth/refresh 200 in 543ms
1:56:10 AM [express] GET /api/auth/me 304 in 520ms
1:56:10 AM [express] GET /api/agents 304 in 348ms
1:56:10 AM [express] GET /api/organizations/24d64f99-ba04-4b43-af35-fd06f555ac86 304 in 349ms
1:56:10 AM [express] GET /api/notifications/unread-count 304 in 354ms
1:56:10 AM [express] GET /api/favorites 304 in 352ms
1:56:10 AM [express] GET /api/activity-log 304 in 349ms
1:56:10 AM [express] GET /api/notifications 304 in 435ms
1:56:10 AM [express] GET /api/users 304 in 354ms
1:56:10 AM [express] GET /api/roles 200 in 380ms
1:56:10 AM [express] GET /api/outbound/status 200 in 380ms
1:56:10 AM [express] GET /api/widgets 200 in 387ms
1:56:10 AM [express] GET /api/settings/org 200 in 398ms
1:56:10 AM [express] GET /api/documents 200 in 368ms
1:56:11 AM [express] GET /api/conversations 200 in 352ms
1:56:11 AM [express] GET /api/conversations 200 in 350ms
1:56:11 AM [express] GET /api/agents 200 in 354ms
1:56:11 AM [express] GET /api/agents 200 in 348ms
1:56:11 AM [express] GET /api/agents 200 in 352ms
1:56:19 AM [express] POST /api/auth/refresh 200 in 531ms
1:56:20 AM [express] GET /api/auth/me 304 in 525ms
1:56:20 AM [express] GET /api/organizations/24d64f99-ba04-4b43-af35-fd06f555ac86 304 in 347ms
1:56:20 AM [express] GET /api/agents 304 in 352ms
1:56:20 AM [express] GET /api/notifications/unread-count 304 in 350ms
1:56:20 AM [express] GET /api/favorites 304 in 355ms
1:56:20 AM [express] GET /api/activity-log 304 in 355ms
1:56:20 AM [express] GET /api/notifications 304 in 434ms
1:56:21 AM [express] GET /api/conversations 200 in 414ms
1:56:21 AM [express] GET /api/conversations 200 in 410ms
1:56:21 AM [express] GET /api/agents 200 in 418ms
1:56:21 AM [express] GET /api/agents 200 in 419ms
1:56:21 AM [express] GET /api/agents 200 in 401ms
1:56:21 AM [express] GET /api/conversations 200 in 388ms
1:56:21 AM [express] POST /api/conversations 201 in 355ms
1:56:22 AM [express] GET /api/conversations/415bfb73-37d5-4378-9d1d-affa2a9d8f7f/messages 200 in 432ms
1:56:22 AM [express] POST /api/conversations/415bfb73-37d5-4378-9d1d-affa2a9d8f7f/messages 201 in 527ms
1:56:22 AM [express] GET /api/conversations 200 in 351ms
1:56:31 AM [express] POST /api/auth/refresh 200 in 525ms
1:56:32 AM [express] GET /api/auth/me 304 in 522ms
1:56:32 AM [express] GET /api/agents 304 in 349ms
1:56:32 AM [express] GET /api/organizations/24d64f99-ba04-4b43-af35-fd06f555ac86 304 in 348ms
1:56:32 AM [express] GET /api/favorites 304 in 350ms
1:56:32 AM [express] GET /api/notifications/unread-count 304 in 354ms
1:56:32 AM [express] GET /api/activity-log 304 in 352ms
1:56:32 AM [express] GET /api/notifications 304 in 431ms
1:56:32 AM [express] GET /api/conversations 200 in 353ms
1:56:33 AM [express] GET /api/agents 200 in 381ms
1:56:33 AM [express] GET /api/agents 200 in 383ms
1:56:33 AM [express] GET /api/agents 200 in 385ms
1:56:33 AM [express] GET /api/conversations 200 in 365ms
1:56:33 AM [express] GET /api/tasks 200 in 839ms
1:56:44 AM [express] POST /api/auth/refresh 200 in 530ms
1:56:45 AM [express] GET /api/auth/me 304 in 525ms
1:56:45 AM [express] GET /api/organizations/24d64f99-ba04-4b43-af35-fd06f555ac86 304 in 347ms
1:56:45 AM [express] GET /api/agents 304 in 358ms
1:56:45 AM [express] GET /api/notifications/unread-count 304 in 358ms
1:56:45 AM [express] GET /api/favorites 304 in 356ms
1:56:45 AM [express] GET /api/activity-log 304 in 354ms
1:56:45 AM [express] GET /api/notifications 304 in 432ms
1:56:46 AM [express] GET /api/conversations 200 in 349ms
1:56:46 AM [express] GET /api/conversations 200 in 347ms
1:56:46 AM [express] GET /api/agents 200 in 349ms
1:56:46 AM [express] GET /api/agents 200 in 350ms
1:56:46 AM [express] GET /api/agents 200 in 348ms
1:56:46 AM [express] GET /api/usage/summary 200 in 442ms
1:56:53 AM [express] POST /api/auth/refresh 200 in 525ms
1:56:53 AM [express] GET /api/auth/me 304 in 522ms
1:56:54 AM [express] GET /api/agents 304 in 354ms
1:56:54 AM [express] GET /api/organizations/24d64f99-ba04-4b43-af35-fd06f555ac86 304 in 358ms
1:56:54 AM [express] GET /api/notifications/unread-count 304 in 362ms
1:56:54 AM [express] GET /api/favorites 304 in 361ms
1:56:54 AM [express] GET /api/activity-log 304 in 361ms
1:56:54 AM [express] GET /api/notifications 304 in 435ms
1:56:54 AM [express] GET /api/conversations 200 in 347ms
1:56:54 AM [express] GET /api/conversations 200 in 347ms
1:56:54 AM [express] GET /api/agents 200 in 349ms
1:56:54 AM [express] GET /api/agents 200 in 350ms
1:56:54 AM [express] GET /api/agents 200 in 369ms
1:57:02 AM [express] POST /api/auth/logout 200 in 350ms
1:57:02 AM [express] POST /api/auth/refresh 400 in 1ms
1:57:20 AM [express] POST /api/auth/login 200 in 591ms
1:57:20 AM [express] GET /api/organizations 200 in 352ms
1:57:20 AM [express] GET /api/organizations/f1b20850-8ad4-4c36-a342-4dc108e92ab6 200 in 351ms
1:57:20 AM [express] GET /api/notifications/unread-count 200 in 347ms
1:57:20 AM [express] GET /api/agents 200 in 354ms
1:57:20 AM [express] GET /api/favorites 304 in 352ms
1:57:21 AM [express] GET /api/notifications 200 in 432ms
1:57:21 AM [express] GET /api/activity-log 200 in 396ms
1:57:21 AM [express] GET /api/conversations 200 in 430ms
1:57:21 AM [express] GET /api/conversations 200 in 432ms
1:57:21 AM [express] GET /api/agents 200 in 431ms
1:57:21 AM [express] GET /api/agents 200 in 445ms
1:57:21 AM [express] GET /api/agents 200 in 439ms
1:57:21 AM [express] GET /api/metrics/pipeline 200 in 385ms
1:57:21 AM [express] GET /api/conversations 304 in 349ms
1:57:21 AM [express] GET /api/conversations/61efcfcc-8652-42c2-9a71-0ef176b5c653/messages 200 in 434ms
1:57:31 AM [express] POST /api/auth/refresh 200 in 525ms
1:57:31 AM [express] GET /api/auth/me 200 in 519ms
1:57:31 AM [express] GET /api/organizations 304 in 347ms
1:57:31 AM [express] GET /api/agents 304 in 346ms
1:57:31 AM [express] GET /api/organizations/f1b20850-8ad4-4c36-a342-4dc108e92ab6 304 in 345ms
1:57:31 AM [express] GET /api/notifications/unread-count 304 in 347ms
1:57:31 AM [express] GET /api/favorites 304 in 347ms
1:57:32 AM [express] GET /api/notifications 304 in 436ms
1:57:32 AM [express] GET /api/activity-log 304 in 357ms
1:57:32 AM [express] GET /api/activity-log 200 in 414ms
1:57:32 AM [express] GET /api/hunches 200 in 487ms
1:57:32 AM [express] GET /api/conversations 200 in 356ms
1:57:32 AM [express] GET /api/conversations 200 in 350ms
1:57:32 AM [express] GET /api/agents 200 in 348ms
[Insights] Failed to fetch lead source mapping for org f1b20850-8ad4-4c36-a342-4dc108e92ab6: Error: VIN integration not found: f1b20850-8ad4-4c36-a342-4dc108e92ab6
1:57:32 AM [express] GET /api/insights/dashboard 200 in 891ms
[Insights] Failed to fetch lead source mapping for org f1b20850-8ad4-4c36-a342-4dc108e92ab6: Error: VIN integration not found: f1b20850-8ad4-4c36-a342-4dc108e92ab6
1:57:32 AM [express] GET /api/insights/reports 200 in 895ms
[Insights] Failed to fetch lead source mapping for org f1b20850-8ad4-4c36-a342-4dc108e92ab6: Error: VIN integration not found: f1b20850-8ad4-4c36-a342-4dc108e92ab6
1:57:32 AM [express] GET /api/insights/library 200 in 898ms
1:57:33 AM [express] GET /api/agents 200 in 374ms
1:57:33 AM [express] GET /api/agents 200 in 372ms
1:57:33 AM [express] GET /api/activity-log 200 in 358ms
1:57:33 AM [express] GET /api/hunches 304 in 432ms
1:57:47 AM [express] GET /api/notifications/unread-count 304 in 348ms
1:58:02 AM [express] GET /api/notifications 304 in 433ms
1:58:02 AM [express] GET /api/notifications/unread-count 304 in 348ms
1:58:03 AM [express] GET /api/insights/dashboard 200 in 702ms
1:58:03 AM [express] GET /api/insights/reports 200 in 1040ms
1:58:03 AM [express] GET /api/insights/library 200 in 1367ms
1:58:15 AM [express] POST /api/auth/logout 200 in 352ms
1:58:15 AM [express] POST /api/auth/refresh 400 in 0ms
1:58:25 AM [express] POST /api/auth/login 200 in 590ms
1:58:25 AM [express] GET /api/organizations 200 in 352ms
1:58:25 AM [express] GET /api/organizations/fe2e50a8-0029-4763-8ca7-83325fd70dde 200 in 352ms
1:58:25 AM [express] GET /api/agents 304 in 352ms
1:58:25 AM [express] GET /api/favorites 304 in 349ms
1:58:25 AM [express] GET /api/notifications/unread-count 200 in 356ms
1:58:25 AM [express] GET /api/notifications 200 in 443ms
1:58:25 AM [express] GET /api/activity-log 200 in 355ms
1:58:25 AM [express] GET /api/conversations 200 in 350ms
1:58:25 AM [express] GET /api/conversations 200 in 352ms
1:58:25 AM [express] GET /api/agents 200 in 350ms
1:58:26 AM [express] GET /api/metrics/pipeline 200 in 353ms
1:58:26 AM [express] GET /api/conversations 304 in 349ms
1:58:26 AM [express] GET /api/agents 200 in 710ms
1:58:26 AM [express] GET /api/agents 200 in 708ms
1:58:26 AM [express] GET /api/conversations/6528d6b3-ddc9-4eaf-8834-87813de1cd7a/messages 200 in 437ms
1:58:35 AM [express] POST /api/auth/refresh 200 in 528ms
1:58:35 AM [express] GET /api/auth/me 200 in 522ms
1:58:36 AM [express] GET /api/organizations 304 in 351ms
1:58:36 AM [express] GET /api/agents 304 in 350ms
1:58:36 AM [express] GET /api/organizations/fe2e50a8-0029-4763-8ca7-83325fd70dde 304 in 354ms
1:58:36 AM [express] GET /api/notifications/unread-count 304 in 348ms
1:58:36 AM [express] GET /api/favorites 304 in 353ms
1:58:36 AM [express] GET /api/notifications 304 in 432ms
1:58:36 AM [express] GET /api/activity-log 304 in 363ms
1:58:36 AM [express] GET /api/activity-log 200 in 391ms
1:58:36 AM [express] GET /api/hunches 200 in 487ms
1:58:36 AM [express] GET /api/conversations 200 in 355ms
1:58:37 AM [express] GET /api/conversations 200 in 348ms
[Insights] Failed to fetch lead source mapping for org fe2e50a8-0029-4763-8ca7-83325fd70dde: Error: VIN integration not found: fe2e50a8-0029-4763-8ca7-83325fd70dde
1:58:37 AM [express] GET /api/insights/reports 200 in 785ms
[Insights] Failed to fetch lead source mapping for org fe2e50a8-0029-4763-8ca7-83325fd70dde: Error: VIN integration not found: fe2e50a8-0029-4763-8ca7-83325fd70dde
1:58:37 AM [express] GET /api/insights/dashboard 200 in 791ms
[Insights] Failed to fetch lead source mapping for org fe2e50a8-0029-4763-8ca7-83325fd70dde: Error: VIN integration not found: fe2e50a8-0029-4763-8ca7-83325fd70dde
1:58:37 AM [express] GET /api/insights/library 304 in 785ms
1:58:37 AM [express] GET /api/agents 200 in 349ms
1:58:37 AM [express] GET /api/agents 200 in 349ms
1:58:37 AM [express] GET /api/agents 200 in 348ms
1:58:51 AM [express] GET /api/notifications/unread-count 304 in 347ms
1:59:06 AM [express] GET /api/notifications 304 in 436ms
1:59:07 AM [express] GET /api/notifications/unread-count 304 in 348ms
1:59:22 AM [express] GET /api/notifications/unread-count 304 in 349ms

