[2026-04-07T13:43:20Z] TOOL=Agent step=1 sprint=PE-AI-CHAT-03
[2026-04-07T13:43:22Z] TOOL=Bash step=1 sprint=PE-AI-CHAT-03
[2026-04-07T13:44:22Z] TOOL=Bash step=1 sprint=PE-AI-CHAT-03
[2026-04-07T13:44:26Z] TOOL=Bash step=1 sprint=PE-AI-CHAT-03
[2026-04-07T13:46:29Z] TOOL=Write step=1 sprint=PE-AI-CHAT-03
[2026-04-07T13:46:45Z] TOOL=Bash step=1 sprint=PE-AI-CHAT-03
[2026-04-07T13:47:35Z] TOOL=Write step=1 sprint=PE-AI-CHAT-03
[2026-04-07T13:47:46Z] TOOL=Edit step=1 sprint=PE-AI-CHAT-03
[2026-04-07T14:17:25Z] TOOL=Agent step=1 sprint=PE-AI-CHAT-03
[2026-04-07T14:17:40Z] TOOL=Bash step=1 sprint=PE-AI-CHAT-03
[2026-04-07T15:05:18Z] TOOL=Edit step=1 sprint=PE-AI-CHAT-03
[2026-04-07T15:05:30Z] TOOL=Bash step=1 sprint=PE-AI-CHAT-03
[2026-04-07T15:05:45Z] TOOL=Agent step=1 sprint=PE-AI-CHAT-03
[2026-04-07T15:06:02Z] TOOL=Bash step=1 sprint=PE-AI-CHAT-03
[2026-04-07T15:06:12Z] TOOL=Bash step=1 sprint=PE-AI-CHAT-03
[2026-04-07T15:06:16Z] TOOL=Agent step=1 sprint=PE-AI-CHAT-03
[2026-04-07T15:06:20Z] TOOL=Bash step=1 sprint=PE-AI-CHAT-03
[2026-04-07T15:06:20Z] TOOL=Bash step=1 sprint=PE-AI-CHAT-03
[2026-04-07T15:06:42Z] TOOL=Edit step=1 sprint=PE-AI-CHAT-03
[2026-04-07T15:07:07Z] TOOL=Bash step=1 sprint=PE-AI-CHAT-03
[2026-04-07T15:07:19Z] TOOL=Edit step=1 sprint=PE-AI-CHAT-03
[2026-04-07T15:13:49Z] TOOL=Bash step=1 sprint=PE-AI-CHAT-03
[2026-04-07T15:17:24Z] TOOL=Bash step=1 sprint=PE-AI-CHAT-03
[2026-04-07T15:18:00Z] TOOL=Edit step=1 sprint=PE-AI-CHAT-03
[2026-04-07T15:18:16Z] TOOL=Edit step=1 sprint=PE-AI-CHAT-03
[2026-04-07T15:18:25Z] TOOL=Bash step=1 sprint=PE-AI-CHAT-03
[2026-04-07T15:08:23Z] EVAL=browser-open step=F1 action=navigated to https://dev.huminicdev.com
[2026-04-07T15:08:45Z] EVAL=login step=F1 action=logged in as serra_honda@huminic.ai
[2026-04-07T15:09:05Z] EVAL=screenshot step=F1 action=captured F1-dashboard-load-full.png
[2026-04-07T15:09:19Z] EVAL=snapshot step=F1 action=full DOM snapshot, 4 metric tiles visible
[2026-04-07T15:09:30Z] EVAL=console step=F1 action=checked console errors: 0 errors found
[2026-04-07T15:10:06Z] EVAL=chat-send step=F2 action=sent "How many leads came in this week?"
[2026-04-07T15:10:19Z] EVAL=chat-response step=F2 action=AI responded re sync issues, N/A fields
[2026-04-07T15:10:30Z] EVAL=screenshot step=F2 action=captured F2-chat-after-response.png
[2026-04-07T15:10:49Z] EVAL=store-switch step=F3 action=org_admin locked to single org, no store switcher
[2026-04-07T15:11:07Z] EVAL=profile-menu step=F3 action=confirmed org_admin role, no switch option
[2026-04-07T15:12:15Z] EVAL=screenshot step=F4 action=captured F4-metric-tiles-overview.png
[2026-04-07T15:12:37Z] EVAL=drilldown step=F4 action=Active Pipeline 107 records, vehicle column shows API URLs (BUG)
[2026-04-07T15:13:57Z] EVAL=contact-detail step=F6 action=Thomas Wheeler: name/phone/email present, vehicle=API URL
[2026-04-07T15:14:43Z] EVAL=drilldown step=F4 action=Appointments Today 0 records (consistent)
[2026-04-07T15:15:05Z] EVAL=drilldown step=F4 action=Open Escalations 262 records, all "Unsent SMS -- blocked"
[2026-04-07T15:15:28Z] EVAL=drilldown step=F4 action=Outbound Sent 24h 1 record, blank recipient (BUG)
[2026-04-07T15:16:20Z] EVAL=chat-send step=F2 action=AI says no escalation data vs tile showing 262 (BUG)
[2026-04-07T15:18:30Z] EVAL=write-evidence step=all action=writing all evidence files
[2026-04-07T15:18:54Z] TOOL=Write step=1 sprint=PE-AI-CHAT-03
[2026-04-07T15:20:12Z] TOOL=Write step=1 sprint=PE-AI-CHAT-03
[2026-04-07T15:20:33Z] TOOL=Write step=1 sprint=PE-AI-CHAT-03
[2026-04-07T15:20:58Z] TOOL=Write step=1 sprint=PE-AI-CHAT-03
[2026-04-07T15:21:02Z] TOOL=Bash step=1 sprint=PE-AI-CHAT-03
[2026-04-07T15:27:31Z] TOOL=Agent step=1 sprint=PE-AI-CHAT-03
[2026-04-07T15:27:39Z] TOOL=Bash step=1 sprint=PE-AI-CHAT-03
[2026-04-07T15:27:45Z] TOOL=Agent step=1 sprint=PE-AI-CHAT-03
[2026-04-07T15:27:50Z] TOOL=Bash step=1 sprint=PE-AI-CHAT-03
[2026-04-07T15:28:14Z] TOOL=Bash step=1 sprint=PE-AI-CHAT-03
[2026-04-07T15:28:15Z] TOOL=Bash step=1 sprint=PE-AI-CHAT-03
[2026-04-07T15:28:20Z] TOOL=Bash step=1 sprint=PE-AI-CHAT-03
[2026-04-07T15:28:20Z] TOOL=Bash step=1 sprint=PE-AI-CHAT-03
[2026-04-07T15:29:30Z] TOOL=Agent step=1 sprint=PE-AI-CHAT-03
[2026-04-07T15:30:10Z] TOOL=Bash step=1 sprint=PE-AI-CHAT-03
[2026-04-07T15:31:15Z] TOOL=Write step=1 sprint=PE-AI-CHAT-03
[2026-04-07T15:32:00Z] TOOL=Agent step=1 sprint=PE-AI-CHAT-03
[2026-04-07T15:32:26Z] TOOL=Edit step=1 sprint=PE-AI-CHAT-03
[2026-04-07T15:32:34Z] TOOL=Bash step=1 sprint=PE-AI-CHAT-03
[2026-04-07T15:32:38Z] TOOL=Bash step=1 sprint=PE-AI-CHAT-03
[2026-04-07T15:32:52Z] TOOL=Bash step=1 sprint=PE-AI-CHAT-03
[2026-04-07T15:33:15Z] TOOL=Bash step=1 sprint=PE-AI-CHAT-03
[2026-04-07T15:33:32Z] TOOL=Bash step=1 sprint=PE-AI-CHAT-03
[2026-04-07T15:33:49Z] TOOL=Bash step=1 sprint=PE-AI-CHAT-03
[2026-04-07T15:34:11Z] TOOL=Bash step=1 sprint=PE-AI-CHAT-03
[2026-04-07T15:34:59Z] TOOL=Agent step=1 sprint=PE-AI-CHAT-03
[2026-04-07T15:35:02Z] TOOL=Bash step=1 sprint=PE-AI-CHAT-03
[2026-04-07T15:44:14Z] TOOL=Agent step=1 sprint=PE-AI-CHAT-03
[2026-04-07T15:44:20Z] TOOL=Bash step=1 sprint=PE-AI-CHAT-03
[2026-04-07T15:44:23Z] TOOL=Bash step=1 sprint=PE-AI-CHAT-03
[2026-04-07T15:44:45Z] TOOL=Bash step=1 sprint=PE-AI-CHAT-03
[2026-04-07T15:44:49Z] TOOL=Bash step=1 sprint=PE-AI-CHAT-03
[2026-04-07T15:44:52Z] TOOL=Bash step=1 sprint=PE-AI-CHAT-03
[2026-04-07T15:50:18Z] TOOL=Bash step=1 sprint=PE-AI-CHAT-03
[2026-04-07T15:50:51Z] TOOL=Write step=1 sprint=PE-AI-CHAT-03
[2026-04-07T15:51:28Z] TOOL=Agent step=1 sprint=PE-AI-CHAT-03
[2026-04-07T15:52:00Z] TOOL=Edit step=1 sprint=PE-AI-CHAT-03
[2026-04-07T15:52:08Z] TOOL=Bash step=1 sprint=PE-AI-CHAT-03
[2026-04-07T15:52:13Z] TOOL=Bash step=1 sprint=PE-AI-CHAT-03
[2026-04-07T15:52:31Z] TOOL=Bash step=1 sprint=PE-AI-CHAT-03
[2026-04-07T15:52:43Z] TOOL=Bash step=1 sprint=PE-AI-CHAT-03
[2026-04-07T15:52:51Z] TOOL=Bash step=1 sprint=PE-AI-CHAT-03
[2026-04-07T15:52:59Z] TOOL=Write step=1 sprint=PE-AI-CHAT-03
[2026-04-07T15:53:03Z] TOOL=Bash step=1 sprint=PE-AI-CHAT-03
[2026-04-07T15:53:16Z] TOOL=Bash step=1 sprint=PE-AI-CHAT-03
[2026-04-07T15:53:34Z] TOOL=Bash step=1 sprint=PE-AI-CHAT-03
[2026-04-07T15:53:38Z] TOOL=Bash step=1 sprint=PE-AI-CHAT-03
[2026-04-07T15:53:42Z] TOOL=Bash step=1 sprint=PE-AI-CHAT-03
[2026-04-07T15:54:16Z] TOOL=Agent step=1 sprint=PE-AI-CHAT-03
[2026-04-07T15:54:20Z] TOOL=Bash step=1 sprint=PE-AI-CHAT-03
[2026-04-07T15:54:28Z] TOOL=Bash step=1 sprint=PE-AI-CHAT-03
[2026-04-07T15:57:54Z] TOOL=Write step=1 sprint=PE-AI-CHAT-03
[2026-04-07T15:58:15Z] TOOL=Agent step=1 sprint=PE-AI-CHAT-03
[2026-04-07T15:58:21Z] TOOL=Bash step=1 sprint=PE-AI-CHAT-03
[2026-04-07T15:58:31Z] TOOL=Bash step=1 sprint=PE-AI-CHAT-03
[2026-04-07T15:58:39Z] TOOL=Bash step=1 sprint=PE-AI-CHAT-03
[2026-04-07T15:58:39Z] TOOL=Write step=1 sprint=PE-AI-CHAT-03
[2026-04-07T15:58:44Z] TOOL=Bash step=1 sprint=PE-AI-CHAT-03
[2026-04-07T17:18:11Z] TOOL=Agent step=1 sprint=PE-AI-CHAT-03
[2026-04-07T17:19:25Z] TOOL=Bash step=1 sprint=PE-AI-CHAT-03
[2026-04-07T17:20:27Z] TOOL=Write step=1 sprint=PE-AI-CHAT-03
[2026-04-07T17:26:50Z] TOOL=Agent step=1 sprint=PE-AI-CHAT-03
[2026-04-07T17:27:17Z] TOOL=Bash step=1 sprint=PE-AI-CHAT-03
[2026-04-07T17:27:48Z] TOOL=Write step=1 sprint=PE-AI-CHAT-03
[2026-04-07T17:32:59Z] TOOL=Agent step=1 sprint=PE-AI-CHAT-03
[2026-04-07T17:33:09Z] TOOL=Agent step=1 sprint=PE-AI-CHAT-03
[2026-04-07T17:33:34Z] TOOL=Edit step=1 sprint=PE-AI-CHAT-03
[2026-04-07T17:33:44Z] TOOL=Bash step=1 sprint=PE-AI-CHAT-03
[2026-04-07T17:33:47Z] TOOL=Bash step=1 sprint=PE-AI-CHAT-03
[2026-04-07T17:33:49Z] TOOL=Bash step=1 sprint=PE-AI-CHAT-03
[2026-04-07T17:33:52Z] TOOL=Bash step=1 sprint=PE-AI-CHAT-03
[2026-04-07T17:34:06Z] TOOL=Edit step=1 sprint=PE-AI-CHAT-03
[2026-04-07T17:34:09Z] TOOL=Bash step=1 sprint=PE-AI-CHAT-03
[2026-04-07T17:34:16Z] TOOL=Bash step=1 sprint=PE-AI-CHAT-03
[2026-04-07T17:34:17Z] TOOL=Bash step=1 sprint=PE-AI-CHAT-03
[2026-04-07T17:34:26Z] TOOL=Bash step=1 sprint=PE-AI-CHAT-03
[2026-04-07T17:34:37Z] TOOL=Bash step=1 sprint=PE-AI-CHAT-03
[2026-04-07T17:34:43Z] TOOL=Bash step=1 sprint=PE-AI-CHAT-03
[2026-04-07T17:34:49Z] TOOL=Bash step=1 sprint=PE-AI-CHAT-03
[2026-04-07T17:35:08Z] TOOL=Bash step=1 sprint=PE-AI-CHAT-03
[2026-04-07T17:35:19Z] TOOL=Bash step=1 sprint=PE-AI-CHAT-03
[2026-04-07T17:35:40Z] TOOL=Bash step=1 sprint=PE-AI-CHAT-03
[2026-04-07T17:35:44Z] TOOL=Bash step=1 sprint=PE-AI-CHAT-03
[2026-04-07T17:35:48Z] TOOL=Bash step=1 sprint=PE-AI-CHAT-03
[2026-04-07T17:46:11Z] TOOL=Agent step=1 sprint=PE-AI-CHAT-03
[2026-04-07T17:46:19Z] TOOL=Bash step=1 sprint=PE-AI-CHAT-03
[2026-04-07T17:46:20Z] TOOL=Bash step=1 sprint=PE-AI-CHAT-03
[2026-04-07T17:46:23Z] TOOL=Bash step=1 sprint=PE-AI-CHAT-03
[2026-04-07T17:46:27Z] TOOL=Bash step=1 sprint=PE-AI-CHAT-03
[2026-04-07T17:46:36Z] TOOL=Bash step=1 sprint=PE-AI-CHAT-03
[2026-04-07T17:46:44Z] TOOL=Bash step=1 sprint=PE-AI-CHAT-03
[2026-04-07T17:46:50Z] TOOL=Bash step=1 sprint=PE-AI-CHAT-03
[2026-04-07T17:46:54Z] TOOL=Bash step=1 sprint=PE-AI-CHAT-03
[2026-04-07T17:47:15Z] TOOL=Bash step=1 sprint=PE-AI-CHAT-03
[2026-04-07T17:47:19Z] TOOL=Bash step=1 sprint=PE-AI-CHAT-03
[2026-04-07T17:52:03Z] TOOL=Bash step=1 sprint=PE-AI-CHAT-03
[2026-04-07T17:52:27Z] TOOL=Write step=1 sprint=PE-AI-CHAT-03
[2026-04-07T17:52:56Z] TOOL=Agent step=1 sprint=PE-AI-CHAT-03
[2026-04-07T17:53:01Z] TOOL=Bash step=1 sprint=PE-AI-CHAT-03
[2026-04-07T17:53:07Z] TOOL=Bash step=1 sprint=PE-AI-CHAT-03
[2026-04-07T17:53:15Z] TOOL=Agent step=1 sprint=PE-AI-CHAT-03
[2026-04-07T17:54:31Z] TOOL=Write step=1 sprint=PE-AI-CHAT-03
[2026-04-07T17:54:32Z] TOOL=Write step=1 sprint=PE-AI-CHAT-03
[2026-04-07T17:54:46Z] TOOL=Edit step=1 sprint=PE-AI-CHAT-03
[2026-04-07T17:54:47Z] TOOL=Write step=1 sprint=PE-AI-CHAT-03
[2026-04-07T17:54:58Z] TOOL=Bash step=1 sprint=PE-AI-CHAT-03
[2026-04-07T17:54:59Z] TOOL=Bash step=1 sprint=PE-AI-CHAT-03
[2026-04-07T17:55:03Z] TOOL=Bash step=1 sprint=PE-AI-CHAT-03
[2026-04-07T17:55:07Z] TOOL=Bash step=1 sprint=PE-AI-CHAT-03
[2026-04-07T17:55:17Z] TOOL=Edit step=1 sprint=PE-AI-CHAT-03
[2026-04-07T17:55:20Z] TOOL=Write step=1 sprint=PE-AI-CHAT-03
[2026-04-07T17:55:59Z] TOOL=Bash step=1 sprint=PE-AI-CHAT-03
[2026-04-07T17:56:15Z] TOOL=Bash step=1 sprint=PE-AI-CHAT-03
[2026-04-07T17:56:45Z] TOOL=Bash step=1 sprint=PE-AI-CHAT-03
[2026-04-07T17:56:53Z] TOOL=Bash step=1 sprint=PE-AI-CHAT-03
[2026-04-07T17:57:25Z] TOOL=Agent step=1 sprint=PE-AI-CHAT-03
[2026-04-07T17:57:29Z] TOOL=Bash step=1 sprint=PE-AI-CHAT-03
[2026-04-07T17:57:30Z] TOOL=Bash step=1 sprint=PE-AI-CHAT-03
[2026-04-07T17:57:31Z] TOOL=Bash step=1 sprint=PE-AI-CHAT-03
[2026-04-07T17:57:40Z] TOOL=Bash step=1 sprint=PE-AI-CHAT-03
[2026-04-07T17:57:51Z] TOOL=Bash step=1 sprint=PE-AI-CHAT-03
[2026-04-07T17:57:58Z] TOOL=Agent step=1 sprint=PE-AI-CHAT-03
[2026-04-07T17:58:03Z] TOOL=Bash step=1 sprint=PE-AI-CHAT-03
[2026-04-07T17:58:04Z] TOOL=Bash step=1 sprint=PE-AI-CHAT-03
