[2026-04-06T23:24:55Z] agent-launch role=orchestrator sprint=SNP-001 scope=server/**,client/src/**,shared/**,production-evals/**
[2026-04-06T23:24:58Z] TOOL= step=1 sprint=SNP-001
[2026-04-06T23:25:04Z] TOOL= step=1 sprint=SNP-001
[2026-04-06T23:25:09Z] TOOL= step=1 sprint=SNP-001
[2026-04-06T23:25:14Z] TOOL= step=1 sprint=SNP-001
[2026-04-06T23:25:22Z] TOOL= step=1 sprint=SNP-001
[2026-04-06T23:25:25Z] TOOL= step=1 sprint=SNP-001
[2026-04-06T23:25:26Z] TOOL= step=1 sprint=SNP-001
[2026-04-06T23:25:26Z] TOOL= step=1 sprint=SNP-001
[2026-04-06T23:25:28Z] TOOL= step=1 sprint=SNP-001
[2026-04-06T23:25:31Z] TOOL= step=1 sprint=SNP-001
[2026-04-06T23:25:31Z] TOOL= step=1 sprint=SNP-001
[2026-04-06T23:25:34Z] TOOL= step=1 sprint=SNP-001
[2026-04-06T23:25:37Z] TOOL= step=1 sprint=SNP-001
[2026-04-06T23:25:39Z] TOOL= step=1 sprint=SNP-001
[2026-04-06T23:25:48Z] TOOL= step=1 sprint=SNP-001
[2026-04-06T23:25:51Z] TOOL= step=1 sprint=SNP-001
[2026-04-06T23:25:55Z] TOOL= step=1 sprint=SNP-001
[2026-04-06T23:26:01Z] TOOL= step=1 sprint=SNP-001
[2026-04-06T23:26:03Z] TOOL= step=1 sprint=SNP-001
[2026-04-06T23:26:04Z] TOOL= step=1 sprint=SNP-001
[2026-04-06T23:26:06Z] TOOL= step=1 sprint=SNP-001
[2026-04-06T23:26:08Z] TOOL= step=1 sprint=SNP-001
[2026-04-06T23:26:09Z] TOOL= step=1 sprint=SNP-001
[2026-04-06T23:26:13Z] TOOL= step=1 sprint=SNP-001
[2026-04-06T23:26:13Z] TOOL= step=1 sprint=SNP-001
[2026-04-06T23:26:15Z] TOOL= step=1 sprint=SNP-001
[2026-04-06T23:26:24Z] TOOL= step=1 sprint=SNP-001
[2026-04-06T23:26:24Z] TOOL= step=1 sprint=SNP-001
[2026-04-06T23:26:24Z] TOOL= step=1 sprint=SNP-001
[2026-04-06T23:26:34Z] TOOL= step=1 sprint=SNP-001
[2026-04-06T23:26:42Z] TOOL= step=1 sprint=SNP-001
[2026-04-06T23:26:50Z] TOOL= step=1 sprint=SNP-001
[2026-04-06T23:27:04Z] TOOL= step=1 sprint=SNP-001
[2026-04-06T23:27:18Z] TOOL= step=1 sprint=SNP-001
[2026-04-06T23:27:31Z] TOOL= step=1 sprint=SNP-001
[2026-04-06T23:27:39Z] TOOL= step=1 sprint=SNP-001
[2026-04-06T23:27:46Z] TOOL= step=1 sprint=SNP-001
[2026-04-06T23:27:48Z] TOOL= step=1 sprint=SNP-001
[2026-04-06T23:27:54Z] TOOL= step=1 sprint=SNP-001
[2026-04-06T23:28:02Z] TOOL= step=1 sprint=SNP-001
[2026-04-06T23:28:06Z] TOOL= step=1 sprint=SNP-001
[2026-04-06T23:28:07Z] TOOL= step=1 sprint=SNP-001
[2026-04-06T23:28:12Z] TOOL= step=1 sprint=SNP-001
[2026-04-06T23:28:12Z] TOOL= step=1 sprint=SNP-001
[2026-04-06T23:28:17Z] TOOL= step=1 sprint=SNP-001
[2026-04-06T23:28:18Z] TOOL= step=1 sprint=SNP-001
[2026-04-06T23:28:23Z] TOOL= step=1 sprint=SNP-001
[2026-04-06T23:28:29Z] TOOL= step=1 sprint=SNP-001
[2026-04-06T23:28:37Z] TOOL= step=1 sprint=SNP-001
[2026-04-06T23:28:38Z] TOOL= step=1 sprint=SNP-001
[2026-04-06T23:28:43Z] TOOL= step=1 sprint=SNP-001
[2026-04-06T23:28:44Z] TOOL= step=1 sprint=SNP-001
[2026-04-06T23:28:47Z] TOOL= step=1 sprint=SNP-001
[2026-04-06T23:29:23Z] TOOL= step=1 sprint=SNP-001
[2026-04-06T23:29:37Z] TOOL= step=1 sprint=SNP-001
[2026-04-06T23:29:40Z] TOOL= step=1 sprint=SNP-001
[2026-04-06T23:30:02Z] TOOL= step=1 sprint=SNP-001
[2026-04-06T23:30:10Z] TOOL= step=1 sprint=SNP-001
[2026-04-06T23:30:12Z] TOOL= step=1 sprint=SNP-001
[2026-04-06T23:30:28Z] TOOL= step=1 sprint=SNP-001
[2026-04-06T23:30:42Z] TOOL= step=1 sprint=SNP-001
[2026-04-06T23:31:14Z] TOOL= step=1 sprint=SNP-001
[2026-04-06T23:31:20Z] TOOL= step=1 sprint=SNP-001
[2026-04-06T23:31:23Z] TOOL= step=1 sprint=SNP-001
[2026-04-06T23:31:25Z] TOOL= step=1 sprint=SNP-001
[2026-04-06T23:31:31Z] TOOL= step=1 sprint=SNP-001
[2026-04-06T23:31:39Z] TOOL= step=1 sprint=SNP-001
[2026-04-06T23:31:41Z] TOOL= step=1 sprint=SNP-001
[2026-04-06T23:31:41Z] TOOL= step=1 sprint=SNP-001
[2026-04-06T23:31:59Z] TOOL= step=1 sprint=SNP-001
[2026-04-06T23:32:14Z] TOOL= step=1 sprint=SNP-001
[2026-04-06T23:32:19Z] TOOL= step=1 sprint=SNP-001
[2026-04-06T23:32:20Z] TOOL= step=1 sprint=SNP-001
[2026-04-06T23:32:20Z] TOOL= step=1 sprint=SNP-001
[2026-04-06T23:32:45Z] TOOL= step=1 sprint=SNP-001
[2026-04-06T23:44:25Z] TOOL= step=1 sprint=SNP-001
[2026-04-06T23:44:52Z] TOOL= step=1 sprint=SNP-001
[2026-04-06T23:44:56Z] TOOL= step=1 sprint=SNP-001
[2026-04-06T23:45:05Z] TOOL= step=1 sprint=SNP-001
[2026-04-06T23:45:09Z] TOOL= step=1 sprint=SNP-001
[2026-04-06T23:45:13Z] TOOL= step=1 sprint=SNP-001
[2026-04-06T23:45:18Z] TOOL= step=1 sprint=SNP-001
[2026-04-06T23:46:08Z] TOOL= step=1 sprint=SNP-001
[2026-04-06T23:46:56Z] TOOL= step=1 sprint=SNP-001
[2026-04-06T23:47:01Z] TOOL= step=1 sprint=SNP-001
[2026-04-06T23:47:04Z] TOOL= step=1 sprint=SNP-001
[2026-04-06T23:47:13Z] TOOL= step=1 sprint=SNP-001
[2026-04-06T23:47:15Z] TOOL= step=1 sprint=SNP-001
[2026-04-06T23:47:21Z] TOOL= step=1 sprint=SNP-001
[2026-04-06T23:47:28Z] TOOL= step=1 sprint=SNP-001
[2026-04-06T23:47:33Z] TOOL= step=1 sprint=SNP-001
[2026-04-06T23:47:34Z] TOOL= step=1 sprint=SNP-001
[2026-04-06T23:47:39Z] TOOL= step=1 sprint=SNP-001
[2026-04-06T23:47:44Z] TOOL= step=1 sprint=SNP-001
[2026-04-06T23:47:47Z] TOOL= step=1 sprint=SNP-001
[2026-04-06T23:47:50Z] TOOL= step=1 sprint=SNP-001
[2026-04-06T23:47:54Z] TOOL= step=1 sprint=SNP-001
[2026-04-06T23:47:56Z] TOOL= step=1 sprint=SNP-001
[2026-04-06T23:47:59Z] TOOL= step=1 sprint=SNP-001
[2026-04-06T23:48:03Z] TOOL= step=1 sprint=SNP-001
[2026-04-06T23:48:10Z] TOOL= step=1 sprint=SNP-001
[2026-04-06T23:48:17Z] TOOL= step=1 sprint=SNP-001
[2026-04-06T23:50:21Z] TOOL= step=1 sprint=SNP-001
[2026-04-06T23:51:02Z] TOOL= step=1 sprint=SNP-001
[2026-04-06T23:51:07Z] TOOL= step=1 sprint=SNP-001
[2026-04-06T23:51:14Z] TOOL= step=1 sprint=SNP-001
[2026-04-06T23:52:19Z] TOOL= step=1 sprint=SNP-001
[2026-04-06T23:52:23Z] TOOL= step=1 sprint=SNP-001
[2026-04-06T23:53:29Z] TOOL= step=1 sprint=SNP-001
[2026-04-06T23:53:36Z] TOOL= step=1 sprint=SNP-001
[2026-04-07T00:37:18Z] TOOL= step=1 sprint=SNP-001
[2026-04-07T00:37:23Z] TOOL= step=1 sprint=SNP-001
[2026-04-07T00:37:28Z] TOOL= step=1 sprint=SNP-001
[2026-04-07T00:37:34Z] TOOL= step=1 sprint=SNP-001
[2026-04-07T00:37:44Z] TOOL= step=1 sprint=SNP-001
[2026-04-07T00:37:50Z] TOOL= step=1 sprint=SNP-001
[2026-04-07T00:37:55Z] TOOL= step=1 sprint=SNP-001
[2026-04-07T00:38:05Z] TOOL= step=1 sprint=SNP-001
[2026-04-07T00:38:13Z] TOOL= step=1 sprint=SNP-001
[2026-04-07T00:38:20Z] TOOL= step=1 sprint=SNP-001
[2026-04-07T00:40:08Z] TOOL= step=1 sprint=SNP-001
[2026-04-07T00:40:17Z] TOOL= step=1 sprint=SNP-001
[2026-04-07T00:40:22Z] TOOL= step=1 sprint=SNP-001
[2026-04-07T00:40:24Z] TOOL= step=1 sprint=SNP-001
[2026-04-07T00:40:24Z] TOOL= step=1 sprint=SNP-001
[2026-04-07T00:40:26Z] TOOL= step=1 sprint=SNP-001
[2026-04-07T00:40:30Z] TOOL= step=1 sprint=SNP-001
[2026-04-07T00:40:33Z] TOOL= step=1 sprint=SNP-001
[2026-04-07T00:40:38Z] TOOL= step=1 sprint=SNP-001
[2026-04-07T00:40:39Z] TOOL= step=1 sprint=SNP-001
[2026-04-07T00:40:50Z] TOOL= step=1 sprint=SNP-001
[2026-04-07T00:40:56Z] TOOL= step=1 sprint=SNP-001
[2026-04-07T00:40:59Z] TOOL= step=1 sprint=SNP-001
[2026-04-07T00:41:05Z] TOOL= step=1 sprint=SNP-001
[2026-04-07T00:41:07Z] TOOL= step=1 sprint=SNP-001
[2026-04-07T00:41:08Z] TOOL= step=1 sprint=SNP-001
[2026-04-07T00:41:10Z] TOOL= step=1 sprint=SNP-001
[2026-04-07T00:41:13Z] TOOL= step=1 sprint=SNP-001
[2026-04-07T00:41:18Z] TOOL= step=1 sprint=SNP-001
[2026-04-07T00:41:28Z] TOOL= step=1 sprint=SNP-001
[2026-04-07T00:41:50Z] TOOL= step=1 sprint=SNP-001
[2026-04-07T01:08:03Z] TOOL= step=1 sprint=SNP-001
[2026-04-07T01:08:17Z] TOOL= step=1 sprint=SNP-001
[2026-04-07T01:08:29Z] TOOL= step=1 sprint=SNP-001
[2026-04-07T01:08:38Z] TOOL= step=1 sprint=SNP-001
[2026-04-07T01:08:42Z] TOOL= step=1 sprint=SNP-001
[2026-04-07T01:08:55Z] TOOL= step=1 sprint=SNP-001
[2026-04-07T01:09:06Z] TOOL= step=1 sprint=SNP-001
[2026-04-07T01:09:18Z] TOOL= step=1 sprint=SNP-001
[2026-04-07T01:09:29Z] TOOL= step=1 sprint=SNP-001
[2026-04-07T01:09:32Z] TOOL= step=1 sprint=SNP-001
[2026-04-07T01:09:38Z] TOOL= step=1 sprint=SNP-001
[2026-04-07T01:09:52Z] TOOL= step=1 sprint=SNP-001
[2026-04-07T01:11:16Z] TOOL= step=1 sprint=SNP-001
[2026-04-07T01:11:20Z] TOOL= step=1 sprint=SNP-001
[2026-04-07T01:11:34Z] TOOL= step=1 sprint=SNP-001
[2026-04-07T01:11:38Z] TOOL= step=1 sprint=SNP-001
[2026-04-07T01:11:39Z] TOOL= step=1 sprint=SNP-001
[2026-04-07T01:11:44Z] TOOL= step=1 sprint=SNP-001
[2026-04-07T01:12:07Z] TOOL= step=1 sprint=SNP-001
[2026-04-07T01:12:33Z] TOOL= step=1 sprint=SNP-001
[2026-04-07T01:13:21Z] TOOL= step=1 sprint=SNP-001
[2026-04-07T01:13:22Z] TOOL= step=1 sprint=SNP-001
[2026-04-07T01:13:30Z] TOOL= step=1 sprint=SNP-001
[2026-04-07T01:13:31Z] TOOL= step=1 sprint=SNP-001
[2026-04-07T01:13:32Z] TOOL= step=1 sprint=SNP-001
[2026-04-07T01:13:33Z] TOOL= step=1 sprint=SNP-001
[2026-04-07T01:28:14Z] TOOL= step=1 sprint=SNP-001
[2026-04-07T01:28:36Z] TOOL= step=1 sprint=SNP-001
[2026-04-07T01:28:42Z] TOOL= step=1 sprint=SNP-001
[2026-04-07T01:28:49Z] TOOL= step=1 sprint=SNP-001
[2026-04-07T01:29:04Z] TOOL= step=1 sprint=SNP-001
[2026-04-07T01:29:09Z] TOOL= step=1 sprint=SNP-001
[2026-04-07T01:29:23Z] TOOL= step=1 sprint=SNP-001
[2026-04-07T01:29:34Z] TOOL= step=1 sprint=SNP-001
[2026-04-07T01:29:41Z] TOOL= step=1 sprint=SNP-001
[2026-04-07T01:29:55Z] TOOL= step=1 sprint=SNP-001
[2026-04-07T01:30:02Z] TOOL= step=1 sprint=SNP-001
[2026-04-07T01:30:12Z] TOOL= step=1 sprint=SNP-001
[2026-04-07T01:31:20Z] TOOL= step=1 sprint=SNP-001
[2026-04-07T02:01:05Z] TOOL= step=1 sprint=SNP-001
[2026-04-07T02:01:08Z] TOOL= step=1 sprint=SNP-001
[2026-04-07T02:01:09Z] TOOL= step=1 sprint=SNP-001
[2026-04-07T02:01:09Z] TOOL= step=1 sprint=SNP-001
[2026-04-07T02:01:10Z] TOOL= step=1 sprint=SNP-001
[2026-04-07T02:01:11Z] TOOL= step=1 sprint=SNP-001
[2026-04-07T02:01:11Z] TOOL= step=1 sprint=SNP-001
[2026-04-07T02:01:12Z] TOOL= step=1 sprint=SNP-001
[2026-04-07T02:01:12Z] TOOL= step=1 sprint=SNP-001
[2026-04-07T02:01:23Z] TOOL= step=1 sprint=SNP-001
[2026-04-07T02:01:27Z] TOOL= step=1 sprint=SNP-001
[2026-04-07T02:01:28Z] TOOL= step=1 sprint=SNP-001
[2026-04-07T02:01:29Z] TOOL= step=1 sprint=SNP-001
[2026-04-07T02:01:31Z] TOOL= step=1 sprint=SNP-001
[2026-04-07T02:01:31Z] TOOL= step=1 sprint=SNP-001
[2026-04-07T02:01:32Z] TOOL= step=1 sprint=SNP-001
[2026-04-07T02:01:32Z] TOOL= step=1 sprint=SNP-001
[2026-04-07T02:01:33Z] TOOL= step=1 sprint=SNP-001
[2026-04-07T02:01:33Z] TOOL= step=1 sprint=SNP-001
[2026-04-07T02:01:33Z] TOOL= step=1 sprint=SNP-001
[2026-04-07T02:01:45Z] TOOL= step=1 sprint=SNP-001
[2026-04-07T02:01:47Z] TOOL= step=1 sprint=SNP-001
[2026-04-07T05:10:28Z] TOOL= step=1 sprint=SNP-001
[2026-04-07T05:26:53Z] TOOL= step=1 sprint=SNP-001
[2026-04-07T05:27:01Z] TOOL= step=1 sprint=SNP-001
[2026-04-07T05:27:50Z] TOOL= step=1 sprint=SNP-001
[2026-04-07T05:27:54Z] TOOL= step=1 sprint=SNP-001
[2026-04-07T05:27:54Z] TOOL= step=1 sprint=SNP-001
[2026-04-07T05:27:55Z] TOOL= step=1 sprint=SNP-001
[2026-04-07T05:27:55Z] TOOL= step=1 sprint=SNP-001
[2026-04-07T05:27:56Z] TOOL= step=1 sprint=SNP-001
[2026-04-07T05:27:56Z] TOOL= step=1 sprint=SNP-001
[2026-04-07T05:27:57Z] TOOL= step=1 sprint=SNP-001
[2026-04-07T05:28:20Z] TOOL= step=1 sprint=SNP-001
[2026-04-07T05:28:20Z] TOOL= step=1 sprint=SNP-001
[2026-04-07T05:28:32Z] TOOL= step=1 sprint=SNP-001
[2026-04-07T05:30:09Z] TOOL= step=1 sprint=SNP-001
[2026-04-07T05:31:04Z] TOOL= step=1 sprint=SNP-001
[2026-04-07T05:31:16Z] TOOL= step=1 sprint=SNP-001
[2026-04-07T05:48:41Z] TOOL= step=2 sprint=SNP-001
[2026-04-07T05:48:45Z] TOOL= step=2 sprint=SNP-001
[2026-04-07T05:49:24Z] TOOL= step=2 sprint=SNP-001
[2026-04-07T05:49:25Z] TOOL= step=2 sprint=SNP-001
[2026-04-07T06:10:25Z] TOOL=Agent step=4 sprint=SNP-001
[2026-04-07T06:10:33Z] TOOL=Edit step=4 sprint=SNP-001
[2026-04-07T06:10:38Z] TOOL=Agent step=4 sprint=SNP-001
[2026-04-07T06:10:49Z] TOOL=Agent step=4 sprint=SNP-001
[2026-04-07T06:10:54Z] TOOL=Bash step=4 sprint=SNP-001
[2026-04-07T06:11:07Z] TOOL=Bash step=4 sprint=SNP-001
[2026-04-07T06:11:19Z] TOOL=Bash step=4 sprint=SNP-001
[2026-04-07T06:11:21Z] TOOL=Bash step=4 sprint=SNP-001
[2026-04-07T06:11:26Z] TOOL=Bash step=4 sprint=SNP-001
[2026-04-07T06:11:33Z] TOOL=Bash step=4 sprint=SNP-001
[2026-04-07T06:11:40Z] TOOL=Bash step=4 sprint=SNP-001
[2026-04-07T06:11:55Z] TOOL=Bash step=4 sprint=SNP-001
[2026-04-07T06:11:59Z] TOOL=Bash step=4 sprint=SNP-001
[2026-04-07T06:12:04Z] TOOL=Bash step=4 sprint=SNP-001
[2026-04-07T06:12:10Z] TOOL=Bash step=4 sprint=SNP-001
[2026-04-07T06:12:15Z] TOOL=Bash step=4 sprint=SNP-001
[2026-04-07T06:12:20Z] TOOL=Bash step=4 sprint=SNP-001
[2026-04-07T06:12:50Z] TOOL=Write step=4 sprint=SNP-001
[2026-04-07T06:15:02Z] TOOL=Bash step=4 sprint=SNP-001
[2026-04-07T06:15:31Z] TOOL=Write step=4 sprint=SNP-001
[2026-04-07T06:15:55Z] TOOL=Agent step=4 sprint=SNP-001
[2026-04-07T06:16:00Z] TOOL=Agent step=4 sprint=SNP-001
[2026-04-07T06:16:09Z] TOOL=Agent step=4 sprint=SNP-001
[2026-04-07T06:16:13Z] TOOL=Bash step=4 sprint=SNP-001
[2026-04-07T06:16:18Z] TOOL=Agent step=4 sprint=SNP-001
[2026-04-07T06:16:23Z] TOOL=Edit step=4 sprint=SNP-001
[2026-04-07T06:16:27Z] TOOL=Agent step=4 sprint=SNP-001
[2026-04-07T06:16:30Z] TOOL=Bash step=4 sprint=SNP-001
[2026-04-07T06:16:31Z] TOOL=Bash step=4 sprint=SNP-001
[2026-04-07T06:16:35Z] TOOL=Bash step=4 sprint=SNP-001
[2026-04-07T06:16:40Z] TOOL=Bash step=4 sprint=SNP-001
[2026-04-07T06:16:45Z] TOOL=Bash step=4 sprint=SNP-001
[2026-04-07T06:16:51Z] TOOL=Edit step=4 sprint=SNP-001
[2026-04-07T06:16:52Z] TOOL=Bash step=4 sprint=SNP-001
[2026-04-07T06:16:53Z] TOOL=Bash step=4 sprint=SNP-001
[2026-04-07T06:16:58Z] TOOL=Bash step=4 sprint=SNP-001
[2026-04-07T06:16:59Z] TOOL=Bash step=4 sprint=SNP-001
[2026-04-07T06:16:59Z] TOOL=Bash step=4 sprint=SNP-001
[2026-04-07T06:17:04Z] TOOL=Bash step=4 sprint=SNP-001
[2026-04-07T06:17:06Z] TOOL=Bash step=4 sprint=SNP-001
[2026-04-07T06:17:07Z] TOOL=Bash step=4 sprint=SNP-001
[2026-04-07T06:17:09Z] TOOL=Bash step=4 sprint=SNP-001
[2026-04-07T06:17:09Z] TOOL=Bash step=4 sprint=SNP-001
[2026-04-07T06:17:10Z] TOOL=Bash step=4 sprint=SNP-001
[2026-04-07T06:17:14Z] TOOL=Bash step=4 sprint=SNP-001
[2026-04-07T06:17:25Z] TOOL=Bash step=4 sprint=SNP-001
[2026-04-07T06:17:26Z] TOOL=Bash step=4 sprint=SNP-001
[2026-04-07T06:17:28Z] TOOL=Bash step=4 sprint=SNP-001
[2026-04-07T06:17:33Z] TOOL=Bash step=4 sprint=SNP-001
[2026-04-07T06:17:36Z] TOOL=Bash step=4 sprint=SNP-001
[2026-04-07T06:17:37Z] TOOL=Bash step=4 sprint=SNP-001
[2026-04-07T06:17:42Z] TOOL=Edit step=4 sprint=SNP-001
[2026-04-07T06:17:49Z] TOOL=Bash step=4 sprint=SNP-001
[2026-04-07T06:17:51Z] TOOL=Bash step=4 sprint=SNP-001
[2026-04-07T06:17:57Z] TOOL=Bash step=4 sprint=SNP-001
[2026-04-07T06:17:59Z] TOOL=Edit step=4 sprint=SNP-001
[2026-04-07T06:18:04Z] TOOL=Bash step=4 sprint=SNP-001
[2026-04-07T06:18:25Z] TOOL=Bash step=4 sprint=SNP-001
[2026-04-07T06:18:32Z] TOOL=Bash step=4 sprint=SNP-001
[2026-04-07T06:18:38Z] TOOL=Bash step=4 sprint=SNP-001
[2026-04-07T06:18:51Z] TOOL=Bash step=4 sprint=SNP-001
[2026-04-07T06:19:03Z] TOOL=Bash step=4 sprint=SNP-001
[2026-04-07T06:19:07Z] TOOL=Agent step=4 sprint=SNP-001
[2026-04-07T06:19:19Z] TOOL=Edit step=4 sprint=SNP-001
[2026-04-07T06:19:21Z] TOOL=Edit step=4 sprint=SNP-001
[2026-04-07T06:19:35Z] TOOL=Bash step=4 sprint=SNP-001
[2026-04-07T06:19:49Z] TOOL=Bash step=4 sprint=SNP-001
[2026-04-07T06:19:53Z] TOOL=Bash step=4 sprint=SNP-001
[2026-04-07T06:20:07Z] TOOL=Bash step=4 sprint=SNP-001
[2026-04-07T06:20:14Z] TOOL=Bash step=4 sprint=SNP-001
[2026-04-07T06:20:15Z] TOOL=Bash step=4 sprint=SNP-001
[2026-04-07T06:20:26Z] TOOL=Bash step=4 sprint=SNP-001
[2026-04-07T06:20:31Z] TOOL=Bash step=4 sprint=SNP-001
[2026-04-07T06:20:32Z] TOOL=Agent step=4 sprint=SNP-001
[2026-04-07T06:20:36Z] TOOL=Bash step=4 sprint=SNP-001
[2026-04-07T06:20:38Z] TOOL=Bash step=4 sprint=SNP-001
[2026-04-07T06:20:43Z] TOOL=Bash step=4 sprint=SNP-001
[2026-04-07T06:20:49Z] TOOL=Bash step=4 sprint=SNP-001
[2026-04-07T06:20:50Z] TOOL=Agent step=4 sprint=SNP-001
[2026-04-07T06:20:53Z] TOOL=Bash step=4 sprint=SNP-001
[2026-04-07T06:21:02Z] TOOL=Bash step=4 sprint=SNP-001
[2026-04-07T06:21:04Z] TOOL=Write step=4 sprint=SNP-001
[2026-04-07T06:21:10Z] TOOL=Bash step=4 sprint=SNP-001
[2026-04-07T06:21:46Z] TOOL=Bash step=4 sprint=SNP-001
[2026-04-07T06:22:14Z] TOOL=Edit step=4 sprint=SNP-001
[2026-04-07T06:22:23Z] TOOL=Bash step=4 sprint=SNP-001
[2026-04-07T06:22:30Z] TOOL=Bash step=4 sprint=SNP-001
[2026-04-07T06:22:41Z] TOOL=Bash step=4 sprint=SNP-001
[2026-04-07T06:22:55Z] TOOL=Bash step=4 sprint=SNP-001
[2026-04-07T06:22:59Z] TOOL=Bash step=4 sprint=SNP-001
[2026-04-07T06:23:37Z] TOOL=Agent step=4 sprint=SNP-001
[2026-04-07T06:24:08Z] TOOL=Bash step=4 sprint=SNP-001
[2026-04-07T06:24:21Z] TOOL=Edit step=4 sprint=SNP-001
[2026-04-07T06:24:25Z] TOOL=Bash step=4 sprint=SNP-001
[2026-04-07T06:24:29Z] TOOL=Bash step=4 sprint=SNP-001
[2026-04-07T06:25:16Z] TOOL=Agent step=4 sprint=SNP-001
[2026-04-07T06:25:36Z] TOOL=Edit step=4 sprint=SNP-001
[2026-04-07T06:25:47Z] TOOL=Bash step=4 sprint=SNP-001
[2026-04-07T06:25:58Z] TOOL=Bash step=4 sprint=SNP-001
[2026-04-07T06:26:15Z] TOOL=Bash step=4 sprint=SNP-001
[2026-04-07T06:26:31Z] TOOL=Bash step=4 sprint=SNP-001
[2026-04-07T06:27:24Z] TOOL=Bash step=4 sprint=SNP-001
[2026-04-07T06:27:29Z] TOOL=Bash step=4 sprint=SNP-001
[2026-04-07T06:27:42Z] TOOL=Agent step=4 sprint=SNP-001
[2026-04-07T06:27:46Z] TOOL=Agent step=4 sprint=SNP-001
[2026-04-07T06:27:50Z] TOOL=Bash step=4 sprint=SNP-001
[2026-04-07T06:27:58Z] TOOL=Bash step=4 sprint=SNP-001
[2026-04-07T06:28:18Z] TOOL=Bash step=4 sprint=SNP-001
[2026-04-07T06:28:22Z] TOOL=Bash step=4 sprint=SNP-001
[2026-04-07T06:28:29Z] TOOL=Write step=4 sprint=SNP-001
[2026-04-07T06:28:53Z] TOOL=Agent step=4 sprint=SNP-001
[2026-04-07T06:28:57Z] TOOL=Bash step=4 sprint=SNP-001
[2026-04-07T06:29:08Z] TOOL=Bash step=4 sprint=SNP-001
[2026-04-07T06:29:37Z] TOOL=Agent step=4 sprint=SNP-001
[2026-04-07T06:29:40Z] TOOL=Bash step=4 sprint=SNP-001
[2026-04-07T06:29:48Z] TOOL=Bash step=4 sprint=SNP-001
[2026-04-07T06:29:54Z] TOOL=Bash step=4 sprint=SNP-001
[2026-04-07T06:29:57Z] TOOL=Bash step=4 sprint=SNP-001
[2026-04-07T06:30:27Z] TOOL=Agent step=4 sprint=SNP-001
[2026-04-07T06:30:31Z] TOOL=Bash step=4 sprint=SNP-001
[2026-04-07T06:30:35Z] TOOL=Bash step=4 sprint=SNP-001
[2026-04-07T06:30:36Z] TOOL=Bash step=4 sprint=SNP-001
[2026-04-07T06:30:44Z] TOOL=Bash step=4 sprint=SNP-001
[2026-04-07T06:30:55Z] TOOL=Bash step=4 sprint=SNP-001
[2026-04-07T06:31:09Z] TOOL=Bash step=4 sprint=SNP-001
[2026-04-07T06:31:49Z] TOOL=Bash step=4 sprint=SNP-001
[2026-04-07T06:31:55Z] TOOL=Bash step=4 sprint=SNP-001
[2026-04-07T06:32:06Z] TOOL=Bash step=4 sprint=SNP-001
[2026-04-07T06:32:08Z] TOOL=Bash step=4 sprint=SNP-001
[2026-04-07T06:32:15Z] TOOL=Bash step=4 sprint=SNP-001
[2026-04-07T06:32:20Z] TOOL=Bash step=4 sprint=SNP-001
[2026-04-07T06:32:30Z] TOOL=Agent step=4 sprint=SNP-001
[2026-04-07T06:32:34Z] TOOL=Agent step=4 sprint=SNP-001
[2026-04-07T06:32:41Z] TOOL=Bash step=4 sprint=SNP-001
[2026-04-07T06:32:48Z] TOOL=Edit step=4 sprint=SNP-001
[2026-04-07T06:32:49Z] TOOL=Edit step=4 sprint=SNP-001
[2026-04-07T06:33:09Z] TOOL=Agent step=5 sprint=SNP-001
[2026-04-07T06:33:20Z] TOOL=Agent step=5 sprint=SNP-001
[2026-04-07T06:36:13Z] TOOL=Agent step=5 sprint=SNP-001
[2026-04-07T06:36:54Z] TOOL=Agent step=5 sprint=SNP-001
[2026-04-07T06:38:19Z] TOOL=Agent step=5 sprint=SNP-001
[2026-04-07T06:40:03Z] TOOL=Agent step=5 sprint=SNP-001
[2026-04-07T06:43:35Z] TOOL=Bash step=5 sprint=SNP-001
[2026-04-07T06:43:35Z] TOOL=Bash step=5 sprint=SNP-001
[2026-04-07T06:44:02Z] TOOL=Agent step=5 sprint=SNP-001
[2026-04-07T06:44:05Z] TOOL=Bash step=5 sprint=SNP-001
[2026-04-07T06:44:10Z] TOOL=Agent step=5 sprint=SNP-001
[2026-04-07T06:44:20Z] TOOL=Write step=5 sprint=SNP-001
[2026-04-07T06:44:23Z] TOOL=Agent step=5 sprint=SNP-001
[2026-04-07T06:44:24Z] TOOL=Write step=5 sprint=SNP-001
[2026-04-07T06:44:36Z] TOOL=Agent step=5 sprint=SNP-001
[2026-04-07T06:44:36Z] TOOL=Edit step=5 sprint=SNP-001
[2026-04-07T06:44:40Z] TOOL=Agent step=5 sprint=SNP-001
[2026-04-07T06:44:43Z] TOOL=Bash step=5 sprint=SNP-001
[2026-04-07T06:44:45Z] TOOL=Bash step=5 sprint=SNP-001
[2026-04-07T06:45:02Z] TOOL=Edit step=5 sprint=SNP-001
[2026-04-07T06:45:06Z] TOOL=Edit step=6 sprint=SNP-001
[2026-04-07T06:45:16Z] TOOL=Edit step=6 sprint=SNP-001
[2026-04-07T06:45:24Z] TOOL=Bash step=6 sprint=SNP-001
[2026-04-07T06:45:29Z] TOOL=Bash step=6 sprint=SNP-001
[2026-04-07T06:47:09Z] TOOL=Edit step=6 sprint=SNP-001
[2026-04-07T06:47:16Z] TOOL=Bash step=6 sprint=SNP-001
[2026-04-07T06:48:14Z] TOOL=Agent step=6 sprint=SNP-001
[2026-04-07T06:48:42Z] TOOL=Edit step=6 sprint=SNP-001
[2026-04-07T06:48:54Z] TOOL=Edit step=6 sprint=SNP-001
[2026-04-07T06:49:01Z] TOOL=Edit step=6 sprint=SNP-001
[2026-04-07T06:49:13Z] TOOL=Edit step=6 sprint=SNP-001
[2026-04-07T06:49:22Z] TOOL=Bash step=6 sprint=SNP-001
[2026-04-07T06:49:45Z] TOOL=Bash step=6 sprint=SNP-001
[2026-04-07T06:50:00Z] TOOL=Bash step=6 sprint=SNP-001
[2026-04-07T06:50:04Z] TOOL=Bash step=6 sprint=SNP-001
[2026-04-07T06:50:05Z] TOOL=Bash step=6 sprint=SNP-001
[2026-04-07T06:50:05Z] TOOL=Bash step=6 sprint=SNP-001
[2026-04-07T06:50:20Z] TOOL=Bash step=6 sprint=SNP-001
[2026-04-07T06:50:21Z] TOOL=Bash step=6 sprint=SNP-001
[2026-04-07T06:50:28Z] TOOL=Agent step=6 sprint=SNP-001
[2026-04-07T06:50:31Z] TOOL=Bash step=6 sprint=SNP-001
[2026-04-07T06:50:41Z] TOOL=Bash step=6 sprint=SNP-001
[2026-04-07T06:51:41Z] TOOL=Agent step=6 sprint=SNP-001
[2026-04-07T06:51:58Z] TOOL=Edit step=6 sprint=SNP-001
[2026-04-07T06:52:06Z] TOOL=Agent step=6 sprint=SNP-001
[2026-04-07T06:52:13Z] TOOL=Agent step=6 sprint=SNP-001
[2026-04-07T06:52:14Z] TOOL=Write step=6 sprint=SNP-001
[2026-04-07T06:52:17Z] TOOL=Bash step=6 sprint=SNP-001
[2026-04-07T06:52:22Z] TOOL=Bash step=6 sprint=SNP-001
[2026-04-07T06:52:34Z] TOOL=Edit step=6 sprint=SNP-001
[2026-04-07T06:52:38Z] TOOL=Edit step=6 sprint=SNP-001
[2026-04-07T06:52:39Z] TOOL=Bash step=7 sprint=SNP-001
[2026-04-07T06:52:42Z] TOOL=Edit step=7 sprint=SNP-001
[2026-04-07T06:52:43Z] TOOL=Bash step=8 sprint=SNP-001
[2026-04-07T06:52:45Z] TOOL=Edit step=8 sprint=SNP-001
[2026-04-07T06:52:49Z] TOOL=Edit step=9 sprint=SNP-001
[2026-04-07T06:52:53Z] TOOL=Edit step=10 sprint=SNP-001
[2026-04-07T06:52:56Z] TOOL=Edit step=11 sprint=SNP-001
[2026-04-07T06:53:00Z] TOOL=Edit step=12 sprint=SNP-001
[2026-04-07T06:53:12Z] TOOL=Bash step=12 sprint=SNP-001
[2026-04-07T06:53:17Z] TOOL=Bash step=12 sprint=SNP-001
[2026-04-07T06:53:44Z] TOOL=Edit step=12 sprint=SNP-001
[2026-04-07T06:53:48Z] TOOL=Bash step=12 sprint=SNP-001
[2026-04-07T06:53:54Z] TOOL=Bash step=12 sprint=SNP-001
[2026-04-07T06:53:58Z] TOOL=Bash step=12 sprint=SNP-001
[2026-04-07T06:54:22Z] TOOL=Bash step=12 sprint=SNP-001
[2026-04-07T06:54:45Z] TOOL=Bash step=12 sprint=SNP-001
[2026-04-07T06:55:24Z] TOOL=Agent step=12 sprint=SNP-001
[2026-04-07T06:55:27Z] TOOL=Agent step=12 sprint=SNP-001
[2026-04-07T06:55:30Z] TOOL=Bash step=12 sprint=SNP-001
[2026-04-07T06:55:39Z] TOOL=Bash step=12 sprint=SNP-001
[2026-04-07T06:55:45Z] TOOL=Edit step=12 sprint=SNP-001
[2026-04-07T06:55:48Z] TOOL=Edit step=13 sprint=SNP-001
[2026-04-07T06:55:49Z] TOOL=Edit step=13 sprint=SNP-001
[2026-04-07T06:55:52Z] TOOL=Agent step=14 sprint=SNP-001
[2026-04-07T06:55:53Z] TOOL=Edit step=14 sprint=SNP-001
[2026-04-07T06:55:56Z] TOOL=Bash step=15 sprint=SNP-001
[2026-04-07T06:55:57Z] TOOL=Edit step=15 sprint=SNP-001
[2026-04-07T06:56:04Z] TOOL=Agent step=15 sprint=SNP-001
[2026-04-07T06:56:09Z] TOOL=Agent step=15 sprint=SNP-001
[2026-04-07T06:56:13Z] TOOL=Agent step=15 sprint=SNP-001
[2026-04-07T06:56:17Z] TOOL=Agent step=15 sprint=SNP-001
[2026-04-07T06:56:20Z] TOOL=Bash step=15 sprint=SNP-001
[2026-04-07T06:56:23Z] TOOL=Agent step=15 sprint=SNP-001
[2026-04-07T06:56:27Z] TOOL=Agent step=15 sprint=SNP-001
[2026-04-07T06:56:28Z] TOOL=Bash step=15 sprint=SNP-001
[2026-04-07T06:56:35Z] TOOL=Agent step=15 sprint=SNP-001
[2026-04-07T06:56:39Z] TOOL=Agent step=15 sprint=SNP-001
[2026-04-07T06:56:45Z] TOOL=Agent step=15 sprint=SNP-001
[2026-04-07T06:56:51Z] TOOL=Agent step=15 sprint=SNP-001
[2026-04-07T06:56:57Z] TOOL=Write step=15 sprint=SNP-001
[2026-04-07T06:59:33Z] TOOL=Bash step=15 sprint=SNP-001
[2026-04-07T07:01:03Z] TOOL=Bash step=15 sprint=SNP-001
[2026-04-07T07:01:04Z] TOOL=Bash step=15 sprint=SNP-001
[2026-04-07T07:02:24Z] TOOL=Write step=15 sprint=SNP-001
[2026-04-07T07:03:37Z] TOOL=Bash step=15 sprint=SNP-001
[2026-04-07T07:03:55Z] TOOL=Bash step=15 sprint=SNP-001
[2026-04-07T07:04:10Z] TOOL=Agent step=15 sprint=SNP-001
[2026-04-07T07:04:17Z] TOOL=Bash step=15 sprint=SNP-001
[2026-04-07T07:04:47Z] TOOL=Write step=15 sprint=SNP-001
[2026-04-07T07:05:15Z] TOOL=Write step=15 sprint=SNP-001
[2026-04-07T07:06:10Z] TOOL=Write step=15 sprint=SNP-001
[2026-04-07T07:06:48Z] TOOL=Edit step=15 sprint=SNP-001
[2026-04-07T07:09:34Z] TOOL=Bash step=15 sprint=SNP-001
[2026-04-07T07:09:48Z] TOOL=Agent step=15 sprint=SNP-001
[2026-04-07T07:09:50Z] TOOL=Write step=15 sprint=SNP-001
[2026-04-07T07:09:53Z] TOOL=Bash step=15 sprint=SNP-001
[2026-04-07T07:10:02Z] TOOL=Bash step=15 sprint=SNP-001
[2026-04-07T07:10:06Z] TOOL=Edit step=15 sprint=SNP-001
[2026-04-07T07:10:07Z] TOOL=Edit step=15 sprint=SNP-001
[2026-04-07T07:10:11Z] TOOL=Bash step=15 sprint=SNP-001
[2026-04-07T07:10:26Z] TOOL=Edit step=15 sprint=SNP-001
[2026-04-07T07:10:28Z] TOOL=Write step=15 sprint=SNP-001
[2026-04-07T07:10:36Z] TOOL=Bash step=15 sprint=SNP-001
[2026-04-07T07:10:51Z] TOOL=Bash step=15 sprint=SNP-001
[2026-04-07T07:11:16Z] TOOL=Agent step=15 sprint=SNP-001
[2026-04-07T07:11:19Z] TOOL=Bash step=15 sprint=SNP-001
[2026-04-07T07:11:31Z] TOOL=Edit step=15 sprint=SNP-001
[2026-04-07T07:11:33Z] TOOL=Edit step=15 sprint=SNP-001
[2026-04-07T07:11:34Z] TOOL=Edit step=15 sprint=SNP-001
[2026-04-07T07:11:34Z] TOOL=Edit step=15 sprint=SNP-001
[2026-04-07T07:11:35Z] TOOL=Edit step=15 sprint=SNP-001
[2026-04-07T07:11:36Z] TOOL=Edit step=15 sprint=SNP-001
[2026-04-07T07:11:42Z] TOOL=Bash step=15 sprint=SNP-001
[2026-04-07T07:11:50Z] TOOL=Bash step=15 sprint=SNP-001
[2026-04-07T07:11:55Z] TOOL=Bash step=15 sprint=SNP-001
[2026-04-07T07:11:59Z] TOOL=Bash step=15 sprint=SNP-001
[2026-04-07T07:12:31Z] TOOL=Agent step=15 sprint=SNP-001
[2026-04-07T07:12:52Z] TOOL=Write step=15 sprint=SNP-001
[2026-04-07T07:12:59Z] TOOL=Edit step=15 sprint=SNP-001
[2026-04-07T07:13:00Z] TOOL=Edit step=15 sprint=SNP-001
[2026-04-07T07:13:01Z] TOOL=Edit step=15 sprint=SNP-001
[2026-04-07T07:13:02Z] TOOL=Edit step=15 sprint=SNP-001
[2026-04-07T07:13:02Z] TOOL=Edit step=15 sprint=SNP-001
[2026-04-07T07:13:03Z] TOOL=Edit step=15 sprint=SNP-001
[2026-04-07T07:13:15Z] TOOL=Bash step=15 sprint=SNP-001
[2026-04-07T07:13:24Z] TOOL=Bash step=15 sprint=SNP-001
[2026-04-07T07:13:40Z] TOOL=Bash step=15 sprint=SNP-001
[2026-04-07T07:14:06Z] TOOL=Agent step=15 sprint=SNP-001
[2026-04-07T07:14:11Z] TOOL=Bash step=15 sprint=SNP-001
[2026-04-07T07:14:19Z] TOOL=Bash step=15 sprint=SNP-001
[2026-04-07T07:14:31Z] TOOL=Bash step=15 sprint=SNP-001
[2026-04-07T07:14:32Z] TOOL=Edit step=15 sprint=SNP-001
[2026-04-07T07:14:35Z] TOOL=Bash step=15 sprint=SNP-001
[2026-04-07T07:14:35Z] TOOL=Write step=15 sprint=SNP-001
[2026-04-07T07:14:45Z] TOOL=Bash step=15 sprint=SNP-001
[2026-04-07T07:14:49Z] TOOL=Bash step=15 sprint=SNP-001
[2026-04-07T07:14:58Z] TOOL=Bash step=15 sprint=SNP-001
[2026-04-07T07:15:03Z] TOOL=Bash step=15 sprint=SNP-001
[2026-04-07T07:15:16Z] TOOL=Agent step=15 sprint=SNP-001
[2026-04-07T07:15:22Z] TOOL=Bash step=15 sprint=SNP-001
[2026-04-07T07:16:25Z] TOOL=Write step=15 sprint=SNP-001
[2026-04-07T07:17:08Z] TOOL=Bash step=15 sprint=SNP-001
[2026-04-07T07:17:12Z] TOOL=Agent step=15 sprint=SNP-001
[2026-04-07T07:17:43Z] TOOL=Bash step=15 sprint=SNP-001
[2026-04-07T07:17:46Z] TOOL=Write step=15 sprint=SNP-001
[2026-04-07T07:18:11Z] TOOL=Write step=15 sprint=SNP-001
[2026-04-07T07:18:20Z] TOOL=Bash step=15 sprint=SNP-001
[2026-04-07T07:18:33Z] TOOL=Agent step=15 sprint=SNP-001
[2026-04-07T07:18:38Z] TOOL=Bash step=15 sprint=SNP-001
[2026-04-07T07:18:41Z] TOOL=Edit step=15 sprint=SNP-001
[2026-04-07T07:18:43Z] TOOL=Bash step=15 sprint=SNP-001
[2026-04-07T07:18:45Z] TOOL=Bash step=15 sprint=SNP-001
[2026-04-07T07:18:52Z] TOOL=Write step=15 sprint=SNP-001
[2026-04-07T07:18:53Z] TOOL=Edit step=15 sprint=SNP-001
[2026-04-07T07:18:59Z] TOOL=Bash step=15 sprint=SNP-001
[2026-04-07T07:19:24Z] TOOL=Bash step=15 sprint=SNP-001
[2026-04-07T07:19:36Z] TOOL=Agent step=15 sprint=SNP-001
[2026-04-07T07:19:42Z] TOOL=Edit step=15 sprint=SNP-001
[2026-04-07T07:19:48Z] TOOL=Bash step=15 sprint=SNP-001
[2026-04-07T07:19:57Z] TOOL=Bash step=15 sprint=SNP-001
[2026-04-07T07:20:07Z] TOOL=Bash step=15 sprint=SNP-001
[2026-04-07T07:20:23Z] TOOL=Bash step=15 sprint=SNP-001
[2026-04-07T07:21:09Z] TOOL=Bash step=15 sprint=SNP-001
[2026-04-07T07:25:13Z] TOOL=Agent step=15 sprint=SNP-001
[2026-04-07T07:25:50Z] TOOL=Write step=15 sprint=SNP-001
[2026-04-07T07:25:56Z] TOOL=Bash step=15 sprint=SNP-001
[2026-04-07T07:32:54Z] TOOL=Agent step=15 sprint=SNP-001
[2026-04-07T07:32:58Z] TOOL=Bash step=15 sprint=SNP-001
[2026-04-07T07:32:59Z] TOOL=Agent step=15 sprint=SNP-001
[2026-04-07T07:33:04Z] TOOL=Agent step=15 sprint=SNP-001
[2026-04-07T07:33:08Z] TOOL=Agent step=15 sprint=SNP-001
[2026-04-07T07:33:13Z] TOOL=Bash step=15 sprint=SNP-001
[2026-04-07T07:34:22Z] TOOL=Bash step=15 sprint=SNP-001
[2026-04-07T07:34:42Z] TOOL=Write step=15 sprint=SNP-001
[2026-04-07T07:34:56Z] TOOL=Write step=15 sprint=SNP-001
[2026-04-07T07:35:22Z] TOOL=Bash step=15 sprint=SNP-001
[2026-04-07T07:35:23Z] TOOL=Agent step=15 sprint=SNP-001
[2026-04-07T07:35:27Z] TOOL=Bash step=15 sprint=SNP-001
[2026-04-07T07:35:36Z] TOOL=Edit step=15 sprint=SNP-001
[2026-04-07T07:35:41Z] TOOL=Bash step=15 sprint=SNP-001
[2026-04-07T07:35:49Z] TOOL=Write step=15 sprint=SNP-001
[2026-04-07T07:36:02Z] TOOL=Agent step=15 sprint=SNP-001
[2026-04-07T07:36:15Z] TOOL=Edit step=15 sprint=SNP-001
[2026-04-07T07:36:19Z] TOOL=Bash step=15 sprint=SNP-001
[2026-04-07T07:36:22Z] TOOL=Bash step=15 sprint=SNP-001
[2026-04-07T07:36:26Z] TOOL=Bash step=15 sprint=SNP-001
[2026-04-07T07:36:33Z] TOOL=Bash step=15 sprint=SNP-001
[2026-04-07T07:36:55Z] TOOL=Bash step=15 sprint=SNP-001
[2026-04-07T07:36:58Z] TOOL=Bash step=15 sprint=SNP-001
[2026-04-07T07:37:04Z] TOOL=Bash step=15 sprint=SNP-001
[2026-04-07T07:37:08Z] TOOL=Bash step=15 sprint=SNP-001
[2026-04-07T07:37:19Z] TOOL=Bash step=15 sprint=SNP-001
[2026-04-07T07:37:22Z] TOOL=Bash step=15 sprint=SNP-001
[2026-04-07T07:38:49Z] TOOL=Write step=15 sprint=SNP-001
[2026-04-07T07:42:20Z] TOOL=Agent step=15 sprint=SNP-001
[2026-04-07T07:42:32Z] TOOL=Agent step=15 sprint=SNP-001
[2026-04-07T07:42:40Z] TOOL=Agent step=15 sprint=SNP-001
[2026-04-07T07:42:47Z] TOOL=Edit step=15 sprint=SNP-001
[2026-04-07T07:42:52Z] TOOL=Bash step=15 sprint=SNP-001
[2026-04-07T07:43:12Z] TOOL=Edit step=15 sprint=SNP-001
[2026-04-07T07:43:16Z] TOOL=Bash step=15 sprint=SNP-001
[2026-04-07T07:43:21Z] TOOL=Bash step=15 sprint=SNP-001
[2026-04-07T07:43:29Z] TOOL=Bash step=15 sprint=SNP-001
[2026-04-07T07:43:49Z] TOOL=Bash step=15 sprint=SNP-001
[2026-04-07T07:43:56Z] TOOL=Agent step=15 sprint=SNP-001
[2026-04-07T07:43:59Z] TOOL=Bash step=15 sprint=SNP-001
[2026-04-07T07:44:04Z] TOOL=Bash step=15 sprint=SNP-001
[2026-04-07T07:44:04Z] TOOL=Bash step=15 sprint=SNP-001
[2026-04-07T07:44:07Z] TOOL=Bash step=15 sprint=SNP-001
[2026-04-07T07:44:12Z] TOOL=Bash step=15 sprint=SNP-001
[2026-04-07T07:44:12Z] TOOL=Bash step=15 sprint=SNP-001
[2026-04-07T07:44:14Z] TOOL=Agent step=15 sprint=SNP-001
[2026-04-07T07:44:16Z] TOOL=Bash step=15 sprint=SNP-001
[2026-04-07T07:44:17Z] TOOL=Bash step=15 sprint=SNP-001
[2026-04-07T07:44:21Z] TOOL=Bash step=15 sprint=SNP-001
[2026-04-07T07:44:22Z] TOOL=Bash step=15 sprint=SNP-001
[2026-04-07T07:44:26Z] TOOL=Bash step=15 sprint=SNP-001
[2026-04-07T07:44:26Z] TOOL=Bash step=15 sprint=SNP-001
[2026-04-07T07:44:27Z] TOOL=Bash step=15 sprint=SNP-001
[2026-04-07T07:44:29Z] TOOL=Bash step=15 sprint=SNP-001
[2026-04-07T07:44:30Z] TOOL=Bash step=15 sprint=SNP-001
[2026-04-07T07:44:36Z] TOOL=Bash step=15 sprint=SNP-001
[2026-04-07T07:44:39Z] TOOL=Bash step=15 sprint=SNP-001
[2026-04-07T07:44:40Z] TOOL=Edit step=15 sprint=SNP-001
[2026-04-07T07:44:41Z] TOOL=Agent step=15 sprint=SNP-001
[2026-04-07T07:44:43Z] TOOL=Bash step=15 sprint=SNP-001
[2026-04-07T07:44:46Z] TOOL=Bash step=15 sprint=SNP-001
[2026-04-07T07:44:46Z] TOOL=Bash step=15 sprint=SNP-001
[2026-04-07T07:44:47Z] TOOL=Bash step=15 sprint=SNP-001
[2026-04-07T07:44:50Z] TOOL=Bash step=15 sprint=SNP-001
[2026-04-07T07:44:51Z] TOOL=Bash step=15 sprint=SNP-001
[2026-04-07T07:44:52Z] TOOL=Bash step=15 sprint=SNP-001
[2026-04-07T07:44:58Z] TOOL=Bash step=15 sprint=SNP-001
[2026-04-07T07:45:08Z] TOOL=Bash step=15 sprint=SNP-001
[2026-04-07T07:45:11Z] TOOL=Bash step=15 sprint=SNP-001
[2026-04-07T07:45:13Z] TOOL=Bash step=15 sprint=SNP-001
[2026-04-07T07:45:19Z] TOOL=Bash step=15 sprint=SNP-001
[2026-04-07T07:45:21Z] TOOL=Bash step=15 sprint=SNP-001
[2026-04-07T07:45:24Z] TOOL=Bash step=15 sprint=SNP-001
[2026-04-07T07:45:28Z] TOOL=Bash step=15 sprint=SNP-001
[2026-04-07T07:45:30Z] TOOL=Bash step=15 sprint=SNP-001
[2026-04-07T07:45:33Z] TOOL=Bash step=15 sprint=SNP-001
[2026-04-07T07:45:55Z] TOOL=Bash step=15 sprint=SNP-001
[2026-04-07T07:45:57Z] TOOL=Bash step=15 sprint=SNP-001
[2026-04-07T07:46:04Z] TOOL=Bash step=15 sprint=SNP-001
[2026-04-07T07:46:06Z] TOOL=Bash step=15 sprint=SNP-001
[2026-04-07T07:46:13Z] TOOL=Bash step=15 sprint=SNP-001
[2026-04-07T07:46:50Z] TOOL=Edit step=15 sprint=SNP-001
[2026-04-07T07:47:29Z] TOOL=Agent step=15 sprint=SNP-001
[2026-04-07T07:47:50Z] TOOL=Bash step=15 sprint=SNP-001
[2026-04-07T07:47:56Z] TOOL=Bash step=15 sprint=SNP-001
[2026-04-07T07:48:02Z] TOOL=Bash step=15 sprint=SNP-001
[2026-04-07T07:48:06Z] TOOL=Bash step=15 sprint=SNP-001
[2026-04-07T07:48:07Z] TOOL=Bash step=15 sprint=SNP-001
[2026-04-07T07:48:11Z] TOOL=Bash step=15 sprint=SNP-001
[2026-04-07T07:48:15Z] TOOL=Bash step=15 sprint=SNP-001
[2026-04-07T07:48:21Z] TOOL=Bash step=15 sprint=SNP-001
[2026-04-07T07:48:41Z] TOOL=Bash step=15 sprint=SNP-001
[2026-04-07T07:48:43Z] TOOL=Bash step=15 sprint=SNP-001
[2026-04-07T07:48:50Z] TOOL=Bash step=15 sprint=SNP-001
[2026-04-07T07:48:55Z] TOOL=Bash step=15 sprint=SNP-001
[2026-04-07T07:48:56Z] TOOL=Bash step=15 sprint=SNP-001
[2026-04-07T07:49:01Z] TOOL=Bash step=15 sprint=SNP-001
[2026-04-07T07:49:05Z] TOOL=Bash step=15 sprint=SNP-001
[2026-04-07T07:49:11Z] TOOL=Bash step=15 sprint=SNP-001
[2026-04-07T07:49:15Z] TOOL=Bash step=15 sprint=SNP-001
[2026-04-07T07:49:19Z] TOOL=Bash step=15 sprint=SNP-001
[2026-04-07T07:49:20Z] TOOL=Bash step=15 sprint=SNP-001
[2026-04-07T07:49:25Z] TOOL=Bash step=15 sprint=SNP-001
[2026-04-07T07:49:28Z] TOOL=Bash step=15 sprint=SNP-001
[2026-04-07T07:49:32Z] TOOL=Bash step=15 sprint=SNP-001
[2026-04-07T07:49:32Z] TOOL=Bash step=15 sprint=SNP-001
[2026-04-07T07:49:37Z] TOOL=Bash step=15 sprint=SNP-001
[2026-04-07T07:49:41Z] TOOL=Bash step=15 sprint=SNP-001
[2026-04-07T07:49:50Z] TOOL=Bash step=15 sprint=SNP-001
[2026-04-07T07:49:53Z] TOOL=Bash step=15 sprint=SNP-001
[2026-04-07T07:49:56Z] TOOL=Bash step=15 sprint=SNP-001
[2026-04-07T07:49:59Z] TOOL=Bash step=15 sprint=SNP-001
[2026-04-07T07:50:06Z] TOOL=Bash step=15 sprint=SNP-001
[2026-04-07T07:50:10Z] TOOL=Bash step=15 sprint=SNP-001
[2026-04-07T07:50:20Z] TOOL=Bash step=15 sprint=SNP-001
[2026-04-07T07:50:30Z] TOOL=Bash step=15 sprint=SNP-001
[2026-04-07T07:50:37Z] TOOL=Bash step=15 sprint=SNP-001
[2026-04-07T07:50:42Z] TOOL=Bash step=15 sprint=SNP-001
[2026-04-07T07:50:46Z] TOOL=Bash step=15 sprint=SNP-001
[2026-04-07T07:50:50Z] TOOL=Write step=15 sprint=SNP-001
[2026-04-07T07:50:51Z] TOOL=Bash step=15 sprint=SNP-001
[2026-04-07T07:50:54Z] TOOL=Bash step=15 sprint=SNP-001
[2026-04-07T07:50:58Z] TOOL=Bash step=15 sprint=SNP-001
[2026-04-07T07:51:01Z] TOOL=Bash step=15 sprint=SNP-001
[2026-04-07T07:51:05Z] TOOL=Bash step=15 sprint=SNP-001
[2026-04-07T07:51:10Z] TOOL=Bash step=15 sprint=SNP-001
[2026-04-07T07:51:22Z] TOOL=Agent step=15 sprint=SNP-001
[2026-04-07T07:51:39Z] TOOL=Edit step=15 sprint=SNP-001
[2026-04-07T07:51:41Z] TOOL=Edit step=15 sprint=SNP-001
[2026-04-07T07:51:45Z] TOOL=Edit step=15 sprint=SNP-001
[2026-04-07T07:51:50Z] TOOL=Bash step=15 sprint=SNP-001
[2026-04-07T07:51:59Z] TOOL=Bash step=15 sprint=SNP-001
[2026-04-07T07:52:03Z] TOOL=Bash step=15 sprint=SNP-001
[2026-04-07T07:52:15Z] TOOL=Agent step=15 sprint=SNP-001
[2026-04-07T07:52:18Z] TOOL=Bash step=15 sprint=SNP-001
[2026-04-07T07:52:19Z] TOOL=Bash step=15 sprint=SNP-001
[2026-04-07T07:52:22Z] TOOL=Bash step=15 sprint=SNP-001
[2026-04-07T07:52:25Z] TOOL=Bash step=15 sprint=SNP-001
[2026-04-07T07:52:30Z] TOOL=Bash step=15 sprint=SNP-001
[2026-04-07T07:52:34Z] TOOL=Bash step=15 sprint=SNP-001
[2026-04-07T07:52:37Z] TOOL=Agent step=15 sprint=SNP-001
[2026-04-07T07:52:39Z] TOOL=Bash step=15 sprint=SNP-001
[2026-04-07T07:52:43Z] TOOL=Bash step=15 sprint=SNP-001
[2026-04-07T07:52:47Z] TOOL=Bash step=15 sprint=SNP-001
[2026-04-07T07:52:51Z] TOOL=Bash step=15 sprint=SNP-001
[2026-04-07T07:52:54Z] TOOL=Edit step=15 sprint=SNP-001
[2026-04-07T07:52:55Z] TOOL=Edit step=15 sprint=SNP-001
[2026-04-07T07:52:57Z] TOOL=Edit step=15 sprint=SNP-001
[2026-04-07T07:52:57Z] TOOL=Bash step=15 sprint=SNP-001
[2026-04-07T07:53:03Z] TOOL=Bash step=15 sprint=SNP-001
[2026-04-07T07:53:05Z] TOOL=Bash step=15 sprint=SNP-001
[2026-04-07T07:53:06Z] TOOL=Bash step=15 sprint=SNP-001
[2026-04-07T07:53:09Z] TOOL=Bash step=15 sprint=SNP-001
[2026-04-07T07:53:15Z] TOOL=Bash step=15 sprint=SNP-001
[2026-04-07T07:53:18Z] TOOL=Bash step=15 sprint=SNP-001
[2026-04-07T07:53:23Z] TOOL=Bash step=15 sprint=SNP-001
[2026-04-07T07:53:25Z] TOOL=Bash step=15 sprint=SNP-001
[2026-04-07T07:53:27Z] TOOL=Bash step=15 sprint=SNP-001
[2026-04-07T07:53:32Z] TOOL=Bash step=15 sprint=SNP-001
[2026-04-07T07:53:37Z] TOOL=Bash step=15 sprint=SNP-001
[2026-04-07T07:53:39Z] TOOL=Bash step=15 sprint=SNP-001
[2026-04-07T07:53:43Z] TOOL=Agent step=15 sprint=SNP-001
[2026-04-07T07:53:46Z] TOOL=Bash step=15 sprint=SNP-001
[2026-04-07T07:53:46Z] TOOL=Bash step=15 sprint=SNP-001
[2026-04-07T07:53:52Z] TOOL=Bash step=15 sprint=SNP-001
[2026-04-07T07:53:59Z] TOOL=Bash step=15 sprint=SNP-001
[2026-04-07T07:54:05Z] TOOL=Bash step=15 sprint=SNP-001
[2026-04-07T07:54:06Z] TOOL=Bash step=15 sprint=SNP-001
[2026-04-07T07:54:10Z] TOOL=Bash step=15 sprint=SNP-001
[2026-04-07T07:54:10Z] TOOL=Bash step=15 sprint=SNP-001
[2026-04-07T07:54:13Z] TOOL=Bash step=15 sprint=SNP-001
[2026-04-07T07:54:13Z] TOOL=Bash step=15 sprint=SNP-001
[2026-04-07T07:54:22Z] TOOL=Bash step=15 sprint=SNP-001
[2026-04-07T07:54:27Z] TOOL=Bash step=15 sprint=SNP-001
[2026-04-07T07:54:27Z] TOOL=Bash step=15 sprint=SNP-001
[2026-04-07T07:54:28Z] TOOL=Bash step=15 sprint=SNP-001
[2026-04-07T07:54:31Z] TOOL=Bash step=15 sprint=SNP-001
[2026-04-07T07:54:35Z] TOOL=Bash step=15 sprint=SNP-001
[2026-04-07T07:54:38Z] TOOL=Bash step=15 sprint=SNP-001
[2026-04-07T07:54:44Z] TOOL=Bash step=15 sprint=SNP-001
[2026-04-07T07:54:45Z] TOOL=Bash step=15 sprint=SNP-001
[2026-04-07T07:54:46Z] TOOL=Agent step=15 sprint=SNP-001
[2026-04-07T07:54:48Z] TOOL=Bash step=15 sprint=SNP-001
[2026-04-07T07:54:49Z] TOOL=Bash step=15 sprint=SNP-001
[2026-04-07T07:54:52Z] TOOL=Bash step=15 sprint=SNP-001
[2026-04-07T07:54:52Z] TOOL=Bash step=15 sprint=SNP-001
[2026-04-07T07:54:53Z] TOOL=Bash step=15 sprint=SNP-001
[2026-04-07T07:54:55Z] TOOL=Bash step=15 sprint=SNP-001
[2026-04-07T07:54:57Z] TOOL=Bash step=15 sprint=SNP-001
[2026-04-07T07:54:59Z] TOOL=Bash step=15 sprint=SNP-001
[2026-04-07T07:55:02Z] TOOL=Bash step=15 sprint=SNP-001
[2026-04-07T07:55:04Z] TOOL=Bash step=15 sprint=SNP-001
[2026-04-07T07:55:09Z] TOOL=Bash step=15 sprint=SNP-001
[2026-04-07T07:55:23Z] TOOL=Bash step=15 sprint=SNP-001
[2026-04-07T07:55:27Z] TOOL=Agent step=15 sprint=SNP-001
[2026-04-07T07:55:28Z] TOOL=Bash step=15 sprint=SNP-001
[2026-04-07T07:55:31Z] TOOL=Bash step=15 sprint=SNP-001
[2026-04-07T07:55:34Z] TOOL=Bash step=15 sprint=SNP-001
[2026-04-07T07:55:44Z] TOOL=Bash step=15 sprint=SNP-001
[2026-04-07T07:55:45Z] TOOL=Bash step=15 sprint=SNP-001
[2026-04-07T07:55:52Z] TOOL=Edit step=15 sprint=SNP-001
[2026-04-07T07:55:54Z] TOOL=Bash step=15 sprint=SNP-001
[2026-04-07T07:55:58Z] TOOL=Bash step=15 sprint=SNP-001
[2026-04-07T07:56:02Z] TOOL=Bash step=15 sprint=SNP-001
[2026-04-07T07:56:03Z] TOOL=Bash step=15 sprint=SNP-001
[2026-04-07T07:56:08Z] TOOL=Bash step=15 sprint=SNP-001
[2026-04-07T07:56:12Z] TOOL=Bash step=15 sprint=SNP-001
[2026-04-07T07:56:17Z] TOOL=Bash step=15 sprint=SNP-001
[2026-04-07T07:56:20Z] TOOL=Bash step=15 sprint=SNP-001
[2026-04-07T07:56:24Z] TOOL=Bash step=15 sprint=SNP-001
[2026-04-07T07:56:27Z] TOOL=Bash step=15 sprint=SNP-001
[2026-04-07T07:56:30Z] TOOL=Bash step=15 sprint=SNP-001
[2026-04-07T07:56:33Z] TOOL=Bash step=15 sprint=SNP-001
[2026-04-07T07:56:36Z] TOOL=Bash step=15 sprint=SNP-001
[2026-04-07T07:56:40Z] TOOL=Bash step=15 sprint=SNP-001
[2026-04-07T07:56:47Z] TOOL=Bash step=15 sprint=SNP-001
[2026-04-07T07:56:53Z] TOOL=Bash step=15 sprint=SNP-001
[2026-04-07T07:56:59Z] TOOL=Bash step=15 sprint=SNP-001
[2026-04-07T07:57:06Z] TOOL=Bash step=15 sprint=SNP-001
[2026-04-07T07:57:11Z] TOOL=Bash step=15 sprint=SNP-001
[2026-04-07T07:57:16Z] TOOL=Bash step=15 sprint=SNP-001
[2026-04-07T07:57:28Z] TOOL=Bash step=15 sprint=SNP-001
[2026-04-07T07:57:33Z] TOOL=Bash step=15 sprint=SNP-001
[2026-04-07T07:57:39Z] TOOL=Bash step=15 sprint=SNP-001
[2026-04-07T07:57:46Z] TOOL=Bash step=15 sprint=SNP-001
[2026-04-07T07:57:53Z] TOOL=Bash step=15 sprint=SNP-001
[2026-04-07T07:57:57Z] TOOL=Bash step=15 sprint=SNP-001
[2026-04-07T07:58:01Z] TOOL=Bash step=15 sprint=SNP-001
[2026-04-07T07:58:07Z] TOOL=Bash step=15 sprint=SNP-001
[2026-04-07T07:58:10Z] TOOL=Bash step=15 sprint=SNP-001
[2026-04-07T07:58:14Z] TOOL=Bash step=15 sprint=SNP-001
[2026-04-07T07:58:18Z] TOOL=Bash step=15 sprint=SNP-001
[2026-04-07T07:58:22Z] TOOL=Bash step=15 sprint=SNP-001
[2026-04-07T08:00:25Z] TOOL=Bash step=15 sprint=SNP-001
[2026-04-07T08:01:13Z] TOOL=Agent step=15 sprint=SNP-001
[2026-04-07T08:01:14Z] TOOL=Write step=15 sprint=SNP-001
[2026-04-07T08:01:17Z] TOOL=Bash step=15 sprint=SNP-001
[2026-04-07T08:01:19Z] TOOL=Bash step=15 sprint=SNP-001
[2026-04-07T08:01:22Z] TOOL=Bash step=15 sprint=SNP-001
[2026-04-07T08:01:27Z] TOOL=Bash step=15 sprint=SNP-001
[2026-04-07T08:01:31Z] TOOL=Bash step=15 sprint=SNP-001
[2026-04-07T08:01:36Z] TOOL=Bash step=15 sprint=SNP-001
[2026-04-07T08:01:41Z] TOOL=Bash step=15 sprint=SNP-001
[2026-04-07T08:01:44Z] TOOL=Bash step=15 sprint=SNP-001
[2026-04-07T08:01:55Z] TOOL=Bash step=15 sprint=SNP-001
[2026-04-07T08:01:55Z] TOOL=Bash step=15 sprint=SNP-001
[2026-04-07T08:02:04Z] TOOL=Bash step=15 sprint=SNP-001
[2026-04-07T08:02:10Z] TOOL=Bash step=15 sprint=SNP-001
[2026-04-07T08:02:13Z] TOOL=Bash step=15 sprint=SNP-001
[2026-04-07T08:02:19Z] TOOL=Bash step=15 sprint=SNP-001
[2026-04-07T08:02:25Z] TOOL=Agent step=15 sprint=SNP-001
[2026-04-07T08:02:25Z] TOOL=Bash step=15 sprint=SNP-001
[2026-04-07T08:02:31Z] TOOL=Bash step=15 sprint=SNP-001
[2026-04-07T08:02:35Z] TOOL=Bash step=15 sprint=SNP-001
[2026-04-07T08:02:37Z] TOOL=Bash step=15 sprint=SNP-001
[2026-04-07T08:02:39Z] TOOL=Write step=15 sprint=SNP-001
[2026-04-07T08:02:41Z] TOOL=Bash step=15 sprint=SNP-001
[2026-04-07T08:02:45Z] TOOL=Agent step=15 sprint=SNP-001
[2026-04-07T08:02:49Z] TOOL=Bash step=15 sprint=SNP-001
[2026-04-07T08:02:52Z] TOOL=Bash step=15 sprint=SNP-001
[2026-04-07T08:02:55Z] TOOL=Bash step=15 sprint=SNP-001
[2026-04-07T08:02:58Z] TOOL=Edit step=15 sprint=SNP-001
[2026-04-07T08:03:00Z] TOOL=Bash step=15 sprint=SNP-001
[2026-04-07T08:03:05Z] TOOL=Bash step=15 sprint=SNP-001
[2026-04-07T08:03:08Z] TOOL=Write step=15 sprint=SNP-001
[2026-04-07T08:03:09Z] TOOL=Bash step=15 sprint=SNP-001
[2026-04-07T08:03:10Z] TOOL=Bash step=15 sprint=SNP-001
[2026-04-07T08:03:14Z] TOOL=Bash step=15 sprint=SNP-001
[2026-04-07T08:03:15Z] TOOL=Bash step=15 sprint=SNP-001
[2026-04-07T08:03:19Z] TOOL=Bash step=15 sprint=SNP-001
[2026-04-07T08:03:20Z] TOOL=Bash step=15 sprint=SNP-001
[2026-04-07T08:05:27Z] TOOL=Agent step=15 sprint=SNP-001
[2026-04-07T08:06:01Z] TOOL=Edit step=15 sprint=SNP-001
[2026-04-07T08:06:09Z] TOOL=Bash step=15 sprint=SNP-001
[2026-04-07T08:06:13Z] TOOL=Bash step=15 sprint=SNP-001
[2026-04-07T08:06:38Z] TOOL=Bash step=15 sprint=SNP-001
[2026-04-07T08:07:25Z] TOOL=Bash step=15 sprint=SNP-001
[2026-04-07T08:07:43Z] TOOL=Bash step=15 sprint=SNP-001
[2026-04-07T08:07:48Z] TOOL=Bash step=15 sprint=SNP-001
[2026-04-07T08:07:51Z] TOOL=Bash step=15 sprint=SNP-001
[2026-04-07T08:08:03Z] TOOL=Agent step=15 sprint=SNP-001
[2026-04-07T08:08:06Z] TOOL=Bash step=15 sprint=SNP-001
[2026-04-07T08:08:07Z] TOOL=Bash step=15 sprint=SNP-001
[2026-04-07T08:08:13Z] TOOL=Agent step=15 sprint=SNP-001
[2026-04-07T08:08:19Z] TOOL=Agent step=15 sprint=SNP-001
[2026-04-07T08:08:24Z] TOOL=Agent step=15 sprint=SNP-001
[2026-04-07T08:08:27Z] TOOL=Agent step=15 sprint=SNP-001
[2026-04-07T08:08:31Z] TOOL=Agent step=15 sprint=SNP-001
[2026-04-07T08:08:36Z] TOOL=Bash step=15 sprint=SNP-001
[2026-04-07T08:08:36Z] TOOL=Agent step=15 sprint=SNP-001
[2026-04-07T08:08:41Z] TOOL=Agent step=15 sprint=SNP-001
[2026-04-07T08:08:49Z] TOOL=Agent step=15 sprint=SNP-001
[2026-04-07T08:08:53Z] TOOL=Bash step=15 sprint=SNP-001
[2026-04-07T08:08:53Z] TOOL=Agent step=15 sprint=SNP-001
[2026-04-07T08:08:58Z] TOOL=Agent step=15 sprint=SNP-001
[2026-04-07T08:09:05Z] TOOL=Agent step=15 sprint=SNP-001
[2026-04-07T08:11:28Z] TOOL=Write step=15 sprint=SNP-001
[2026-04-07T08:15:16Z] TOOL=Write step=15 sprint=SNP-001
[2026-04-07T08:15:40Z] TOOL=Bash step=15 sprint=SNP-001
[2026-04-07T08:18:24Z] TOOL=Bash step=15 sprint=SNP-001
[2026-04-07T08:19:04Z] TOOL=Bash step=15 sprint=SNP-001
[2026-04-07T08:19:54Z] TOOL=Write step=15 sprint=SNP-001
[2026-04-07T08:20:40Z] TOOL=Write step=15 sprint=SNP-001
[2026-04-07T08:22:41Z] TOOL=Bash step=15 sprint=SNP-001
[2026-04-07T08:23:27Z] TOOL=Bash step=15 sprint=SNP-001
[2026-04-07T08:23:56Z] TOOL=Bash step=15 sprint=SNP-001
[2026-04-07T08:23:59Z] TOOL=Bash step=15 sprint=SNP-001
[2026-04-07T08:23:59Z] TOOL=Write step=15 sprint=SNP-001
[2026-04-07T08:24:32Z] TOOL=Bash step=15 sprint=SNP-001
[2026-04-07T08:24:38Z] TOOL=Bash step=15 sprint=SNP-001
[2026-04-07T08:24:52Z] TOOL=Write step=15 sprint=SNP-001
[2026-04-07T08:24:54Z] TOOL=Write step=15 sprint=SNP-001
[2026-04-07T08:25:00Z] TOOL=Bash step=15 sprint=SNP-001
[2026-04-07T08:25:41Z] TOOL=Write step=15 sprint=SNP-001
[2026-04-07T08:26:32Z] TOOL=Agent step=15 sprint=SNP-001
[2026-04-07T08:26:36Z] TOOL=Write step=15 sprint=SNP-001
[2026-04-07T08:26:38Z] TOOL=Bash step=15 sprint=SNP-001
[2026-04-07T08:27:09Z] TOOL=Bash step=15 sprint=SNP-001
[2026-04-07T08:27:24Z] TOOL=Write step=15 sprint=SNP-001
[2026-04-07T08:27:26Z] TOOL=Edit step=15 sprint=SNP-001
[2026-04-07T08:27:34Z] TOOL=Bash step=15 sprint=SNP-001
[2026-04-07T08:27:38Z] TOOL=Write step=15 sprint=SNP-001
[2026-04-07T08:27:40Z] TOOL=Bash step=15 sprint=SNP-001
[2026-04-07T08:29:04Z] TOOL=Agent step=15 sprint=SNP-001
[2026-04-07T08:29:11Z] TOOL=Agent step=15 sprint=SNP-001
[2026-04-07T08:29:17Z] TOOL=Agent step=15 sprint=SNP-001
[2026-04-07T08:29:23Z] TOOL=Agent step=15 sprint=SNP-001
[2026-04-07T08:29:27Z] TOOL=Bash step=15 sprint=SNP-001
[2026-04-07T08:29:30Z] TOOL=Agent step=15 sprint=SNP-001
[2026-04-07T08:29:33Z] TOOL=Edit step=15 sprint=SNP-001
[2026-04-07T08:29:35Z] TOOL=Edit step=15 sprint=SNP-001
[2026-04-07T08:29:35Z] TOOL=Edit step=15 sprint=SNP-001
[2026-04-07T08:29:36Z] TOOL=Edit step=15 sprint=SNP-001
[2026-04-07T08:29:38Z] TOOL=Edit step=15 sprint=SNP-001
[2026-04-07T08:29:42Z] TOOL=Edit step=15 sprint=SNP-001
[2026-04-07T08:29:45Z] TOOL=Edit step=15 sprint=SNP-001
[2026-04-07T08:29:48Z] TOOL=Bash step=15 sprint=SNP-001
[2026-04-07T08:29:49Z] TOOL=Bash step=15 sprint=SNP-001
[2026-04-07T08:29:51Z] TOOL=Bash step=15 sprint=SNP-001
[2026-04-07T08:29:52Z] TOOL=Edit step=15 sprint=SNP-001
[2026-04-07T08:29:53Z] TOOL=Bash step=15 sprint=SNP-001
[2026-04-07T08:29:54Z] TOOL=Bash step=15 sprint=SNP-001
[2026-04-07T08:29:56Z] TOOL=Bash step=15 sprint=SNP-001
[2026-04-07T08:29:59Z] TOOL=Bash step=15 sprint=SNP-001
[2026-04-07T08:29:59Z] TOOL=Bash step=15 sprint=SNP-001
[2026-04-07T08:30:02Z] TOOL=Bash step=15 sprint=SNP-001
[2026-04-07T08:30:02Z] TOOL=Bash step=15 sprint=SNP-001
[2026-04-07T08:30:05Z] TOOL=Bash step=15 sprint=SNP-001
[2026-04-07T08:30:07Z] TOOL=Edit step=15 sprint=SNP-001
[2026-04-07T08:30:11Z] TOOL=Bash step=15 sprint=SNP-001
[2026-04-07T08:30:11Z] TOOL=Bash step=15 sprint=SNP-001
[2026-04-07T08:30:12Z] TOOL=Edit step=15 sprint=SNP-001
[2026-04-07T08:30:17Z] TOOL=Bash step=15 sprint=SNP-001
[2026-04-07T08:30:20Z] TOOL=Bash step=15 sprint=SNP-001
[2026-04-07T08:30:21Z] TOOL=Bash step=15 sprint=SNP-001
[2026-04-07T08:30:26Z] TOOL=Write step=15 sprint=SNP-001
[2026-04-07T08:30:29Z] TOOL=Bash step=15 sprint=SNP-001
[2026-04-07T08:30:31Z] TOOL=Bash step=15 sprint=SNP-001
[2026-04-07T08:30:56Z] TOOL=Bash step=15 sprint=SNP-001
[2026-04-07T08:31:00Z] TOOL=Bash step=15 sprint=SNP-001
[2026-04-07T08:31:05Z] TOOL=Bash step=15 sprint=SNP-001
[2026-04-07T08:31:06Z] TOOL=Bash step=15 sprint=SNP-001
[2026-04-07T08:32:48Z] TOOL=Agent step=15 sprint=SNP-001
[2026-04-07T08:32:52Z] TOOL=Agent step=15 sprint=SNP-001
[2026-04-07T08:32:56Z] TOOL=Edit step=15 sprint=SNP-001
[2026-04-07T08:33:01Z] TOOL=Bash step=15 sprint=SNP-001
[2026-04-07T08:33:05Z] TOOL=Agent step=15 sprint=SNP-001
[2026-04-07T08:33:09Z] TOOL=Edit step=15 sprint=SNP-001
[2026-04-07T08:33:12Z] TOOL=Agent step=15 sprint=SNP-001
[2026-04-07T08:33:14Z] TOOL=Bash step=15 sprint=SNP-001
[2026-04-07T08:33:27Z] TOOL=Bash step=15 sprint=SNP-001
[2026-04-07T08:33:36Z] TOOL=Bash step=15 sprint=SNP-001
[2026-04-07T08:33:43Z] TOOL=Edit step=15 sprint=SNP-001
[2026-04-07T08:33:48Z] TOOL=Edit step=15 sprint=SNP-001
[2026-04-07T08:33:48Z] TOOL=Bash step=15 sprint=SNP-001
[2026-04-07T08:33:52Z] TOOL=Bash step=15 sprint=SNP-001
[2026-04-07T08:33:52Z] TOOL=Bash step=15 sprint=SNP-001
[2026-04-07T08:33:55Z] TOOL=Bash step=15 sprint=SNP-001
[2026-04-07T08:34:18Z] TOOL=Bash step=15 sprint=SNP-001
[2026-04-07T08:34:32Z] TOOL=Bash step=15 sprint=SNP-001
[2026-04-07T08:34:36Z] TOOL=Bash step=15 sprint=SNP-001
[2026-04-07T08:34:45Z] TOOL=Bash step=15 sprint=SNP-001
[2026-04-07T08:34:47Z] TOOL=Bash step=15 sprint=SNP-001
[2026-04-07T08:34:53Z] TOOL=Bash step=15 sprint=SNP-001
[2026-04-07T08:34:58Z] TOOL=Bash step=15 sprint=SNP-001
[2026-04-07T08:37:47Z] TOOL=Edit step=15 sprint=SNP-001
[2026-04-07T08:37:51Z] TOOL=Bash step=15 sprint=SNP-001
[2026-04-07T08:37:55Z] TOOL=Bash step=15 sprint=SNP-001
[2026-04-07T08:37:59Z] TOOL=Bash step=15 sprint=SNP-001
[2026-04-07T08:38:53Z] TOOL=Bash step=15 sprint=SNP-001
[2026-04-07T08:39:00Z] TOOL=Bash step=15 sprint=SNP-001
[2026-04-07T08:39:14Z] TOOL=Agent step=15 sprint=SNP-001
[2026-04-07T08:39:20Z] TOOL=Bash step=15 sprint=SNP-001
[2026-04-07T08:39:51Z] TOOL=Bash step=15 sprint=SNP-001
[2026-04-07T08:39:54Z] TOOL=Bash step=15 sprint=SNP-001
[2026-04-07T08:40:02Z] TOOL=Bash step=15 sprint=SNP-001
[2026-04-07T08:40:11Z] TOOL=Bash step=15 sprint=SNP-001
[2026-04-07T08:40:56Z] TOOL=Bash step=15 sprint=SNP-001
[2026-04-07T08:41:09Z] TOOL=Bash step=15 sprint=SNP-001
[2026-04-07T08:41:36Z] TOOL=Bash step=15 sprint=SNP-001
[2026-04-07T08:41:55Z] TOOL=Bash step=15 sprint=SNP-001
[2026-04-07T08:42:06Z] TOOL=Agent step=15 sprint=SNP-001
[2026-04-07T08:42:10Z] TOOL=Agent step=15 sprint=SNP-001
[2026-04-07T08:42:15Z] TOOL=Bash step=15 sprint=SNP-001
[2026-04-07T08:42:15Z] TOOL=Agent step=15 sprint=SNP-001
[2026-04-07T08:42:17Z] TOOL=Bash step=15 sprint=SNP-001
[2026-04-07T08:42:19Z] TOOL=Agent step=15 sprint=SNP-001
[2026-04-07T08:42:23Z] TOOL=Agent step=15 sprint=SNP-001
[2026-04-07T08:42:27Z] TOOL=Agent step=15 sprint=SNP-001
[2026-04-07T08:48:05Z] TOOL=Agent step=15 sprint=SNP-001
[2026-04-07T08:48:14Z] TOOL=Edit step=15 sprint=SNP-001
[2026-04-07T08:48:19Z] TOOL=Bash step=15 sprint=SNP-001
[2026-04-07T08:48:30Z] TOOL=Agent step=15 sprint=SNP-001
[2026-04-07T08:48:33Z] TOOL=Bash step=15 sprint=SNP-001
[2026-04-07T08:50:05Z] TOOL=Bash step=15 sprint=SNP-001
[2026-04-07T08:50:07Z] TOOL=Bash step=15 sprint=SNP-001
[2026-04-07T08:50:11Z] TOOL=Bash step=15 sprint=SNP-001
[2026-04-07T08:50:34Z] TOOL=Bash step=15 sprint=SNP-001
[2026-04-07T08:50:50Z] TOOL=Agent step=15 sprint=SNP-001
[2026-04-07T08:50:53Z] TOOL=Bash step=15 sprint=SNP-001
[2026-04-07T08:50:55Z] TOOL=Agent step=15 sprint=SNP-001
[2026-04-07T08:55:13Z] TOOL=Bash step=15 sprint=SNP-001
[2026-04-07T08:55:33Z] TOOL=Write step=15 sprint=SNP-001
[2026-04-07T08:57:45Z] TOOL=Write step=15 sprint=SNP-001
[2026-04-07T08:59:26Z] TOOL=Agent step=15 sprint=SNP-001
[2026-04-07T09:02:15Z] TOOL=Bash step=15 sprint=SNP-001
[2026-04-07T09:02:26Z] TOOL=Write step=15 sprint=SNP-001
[2026-04-07T09:03:12Z] TOOL=Agent step=15 sprint=SNP-001
[2026-04-07T09:10:06Z] TOOL=Bash step=15 sprint=SNP-001
[2026-04-07T09:10:34Z] TOOL=Write step=15 sprint=SNP-001
[2026-04-07T09:11:24Z] TOOL=Write step=15 sprint=SNP-001
[2026-04-07T09:12:06Z] TOOL=Write step=15 sprint=SNP-001
[2026-04-07T09:13:03Z] TOOL=Write step=15 sprint=SNP-001
[2026-04-07T09:13:35Z] TOOL=Write step=15 sprint=SNP-001
[2026-04-07T13:11:25Z] TOOL=Bash step=15 sprint=SNP-001
[2026-04-07T13:35:13Z] TOOL=Agent step=15 sprint=SNP-001
[2026-04-07T13:35:15Z] TOOL=Bash step=15 sprint=SNP-001
[2026-04-07T13:35:22Z] TOOL=Bash step=15 sprint=SNP-001
[2026-04-07T13:35:27Z] TOOL=Bash step=15 sprint=SNP-001
[2026-04-07T13:35:29Z] TOOL=Bash step=15 sprint=SNP-001
[2026-04-07T13:35:30Z] TOOL=Bash step=15 sprint=SNP-001
[2026-04-07T13:35:37Z] TOOL=Bash step=15 sprint=SNP-001
[2026-04-07T13:35:39Z] TOOL=Bash step=15 sprint=SNP-001
[2026-04-07T13:35:41Z] TOOL=Bash step=15 sprint=SNP-001
[2026-04-07T13:35:44Z] TOOL=Bash step=15 sprint=SNP-001
[2026-04-07T13:35:44Z] TOOL=Bash step=15 sprint=SNP-001
[2026-04-07T13:38:16Z] TOOL=Agent step=15 sprint=SNP-001
[2026-04-07T13:38:19Z] TOOL=Agent step=15 sprint=SNP-001
[2026-04-07T13:39:52Z] TOOL=Bash step=15 sprint=SNP-001
[2026-04-07T13:40:42Z] TOOL=Write step=15 sprint=SNP-001
[2026-04-07T13:41:09Z] TOOL=Agent step=15 sprint=SNP-001
[2026-04-07T13:41:15Z] TOOL=Bash step=15 sprint=SNP-001
[2026-04-07T13:41:54Z] TOOL=Bash step=15 sprint=SNP-001
[2026-04-07T13:42:31Z] TOOL=Bash step=15 sprint=SNP-001
[2026-04-07T14:34:23Z] PRE-COMMIT role=orchestrator sprint=SNP-001 result=BLOCKED detail="Watchdog gate: Ack is 1312 minutes old (max 60). Re-acknowledge."
[2026-04-07T14:40:10Z] PRE-COMMIT role=orchestrator sprint=SNP-001 result=BLOCKED detail="Staged files not declared in pre-execution report: client/src/components/layout/AppLayout.tsx client/src/components/layout/MobileNavDropdown.tsx client/src/components/layout/MobileSidebar.tsx client/src/components/layout/Sidebar.tsx client/src/components/layout/SubMenuManager.tsx client/src/components/layout/TopBar.tsx client/src/contexts/AuthContext.tsx client/src/lib/queryClient.ts client/src/pages/insights.tsx client/src/pages/main.tsx client/src/pages/sales.tsx client/src/pages/service.tsx client/src/pages/teambox.tsx server/auth.ts server/routes/auth.ts server/routes/insights.ts server/routes/webhooks.ts server/storage.ts server/sync.ts server/vendorProxy.ts. Update ## Declared Files section."
[2026-04-07T14:41:12Z] PRE-COMMIT role=orchestrator sprint=SNP-001 result=BLOCKED detail="Cross-sign not found: evidence/SNP-001/cross-sign.md. A different role must review and create it."
[2026-04-07T14:41:44Z] PRE-COMMIT role=orchestrator sprint=SNP-001 result=PASS detail="All 7 gates passed"
