[2026-04-12T20:00:00Z] agent-launch | role=orchestrator | task="demo backlog consolidation" | scope=client/src/components/layout/TopBar.tsx,client/src/contexts/AuthContext.tsx,client/src/pages/main.tsx,client/src/pages/marketing.tsx,client/src/pages/service.tsx,client/src/pages/teambox.tsx,NEXXUS_UNIFIED_LAUNCH_PROMPT.md,teambox-snapshot.yml,test-campaign.csv
[2026-04-13T16:04:00Z] agent-launch | role=orchestrator | task="LAUNCH-STABILIZE WIP commit + park sprint" | scope=tasks.md,service-campaign-test.csv
[2026-04-12T20:00:00Z] PRE-FLIGHT role=orchestrator sprint=LAUNCH-STABILIZE result=PASS detail="Sprint registered, demo backlog staged"
[2026-04-12T20:19:19Z] PRE-COMMIT role=governance sprint=LAUNCH-STABILIZE result=BLOCKED detail="Watchdog gate: Ack is 6168 minutes old (max 60). Re-acknowledge."
[2026-04-12T20:20:03Z] PRE-COMMIT role=governance sprint=LAUNCH-STABILIZE result=BLOCKED detail="Staged files outside governance scope."
[2026-04-12T20:20:52Z] PRE-COMMIT role=orchestrator sprint=LAUNCH-STABILIZE result=BLOCKED detail="Pre-execution report not found: evidence/LAUNCH-STABILIZE/pre-execution-report.md"
[2026-04-12T20:22:10Z] PRE-COMMIT role=governance sprint=LAUNCH-STABILIZE result=BLOCKED detail="Governance file 'sprints.json' staged by role 'governance'. Only orchestrator may modify."
[2026-04-12T20:22:49Z] PRE-COMMIT role=orchestrator sprint=LAUNCH-STABILIZE result=BLOCKED detail="client/src/pages/teambox.tsx has 86 lines changed (max 40, EF-14). Set UI_EXCEPTION=true if owner approved larger UI changes in sprint pre-exec."
[2026-04-12T20:23:17Z] PRE-COMMIT role=orchestrator sprint=LAUNCH-STABILIZE result=PASS detail="All 7 gates passed"
[2026-04-12T20:23:30Z] TOOL=Bash step=? sprint=LAUNCH-STABILIZE
[2026-04-12T20:24:42Z] TOOL=Agent step=? sprint=LAUNCH-STABILIZE
[2026-04-12T20:24:56Z] TOOL=Agent step=? sprint=LAUNCH-STABILIZE
[2026-04-12T20:25:00Z] TOOL=Bash step=? sprint=LAUNCH-STABILIZE
[2026-04-12T20:25:08Z] TOOL=Agent step=? sprint=LAUNCH-STABILIZE
[2026-04-12T20:25:12Z] TOOL=Bash step=? sprint=LAUNCH-STABILIZE
[2026-04-12T20:25:16Z] TOOL=Bash step=? sprint=LAUNCH-STABILIZE
[2026-04-12T20:25:19Z] TOOL=Bash step=? sprint=LAUNCH-STABILIZE
[2026-04-12T20:25:19Z] TOOL=Bash step=? sprint=LAUNCH-STABILIZE
[2026-04-12T20:25:23Z] TOOL=Bash step=? sprint=LAUNCH-STABILIZE
[2026-04-12T20:25:29Z] TOOL=Bash step=? sprint=LAUNCH-STABILIZE
[2026-04-12T20:25:31Z] TOOL=Bash step=? sprint=LAUNCH-STABILIZE
[2026-04-12T20:25:33Z] TOOL=Bash step=? sprint=LAUNCH-STABILIZE
[2026-04-12T20:25:34Z] TOOL=Bash step=? sprint=LAUNCH-STABILIZE
[2026-04-12T20:25:37Z] TOOL=Bash step=? sprint=LAUNCH-STABILIZE
[2026-04-12T20:25:39Z] TOOL=Bash step=? sprint=LAUNCH-STABILIZE
[2026-04-12T20:25:41Z] TOOL=Bash step=? sprint=LAUNCH-STABILIZE
[2026-04-12T20:25:41Z] TOOL=Bash step=? sprint=LAUNCH-STABILIZE
[2026-04-12T20:25:50Z] TOOL=Bash step=? sprint=LAUNCH-STABILIZE
[2026-04-12T20:26:47Z] TOOL=Write step=? sprint=LAUNCH-STABILIZE
[2026-04-12T20:26:57Z] TOOL=Bash step=? sprint=LAUNCH-STABILIZE
[2026-04-12T20:28:25Z] TOOL=Bash step=? sprint=LAUNCH-STABILIZE
[2026-04-12T20:28:34Z] TOOL=Bash step=? sprint=LAUNCH-STABILIZE
[2026-04-12T20:28:54Z] TOOL=Bash step=? sprint=LAUNCH-STABILIZE
[2026-04-12T20:29:14Z] TOOL=Bash step=? sprint=LAUNCH-STABILIZE
[2026-04-12T20:29:25Z] TOOL=Bash step=? sprint=LAUNCH-STABILIZE
[2026-04-12T20:30:32Z] TOOL=Agent step=? sprint=LAUNCH-STABILIZE
[2026-04-12T20:30:50Z] TOOL=Agent step=? sprint=LAUNCH-STABILIZE
[2026-04-12T20:31:20Z] TOOL=Edit step=? sprint=LAUNCH-STABILIZE
[2026-04-12T20:31:30Z] TOOL=Bash step=? sprint=LAUNCH-STABILIZE
[2026-04-12T20:31:31Z] TOOL=Bash step=? sprint=LAUNCH-STABILIZE
[2026-04-12T20:31:40Z] TOOL=Bash step=? sprint=LAUNCH-STABILIZE
[2026-04-12T20:31:56Z] TOOL=Bash step=? sprint=LAUNCH-STABILIZE
[2026-04-12T20:32:00Z] TOOL=Write step=? sprint=LAUNCH-STABILIZE
[2026-04-12T20:32:08Z] TOOL=Bash step=? sprint=LAUNCH-STABILIZE
[2026-04-12T20:32:08Z] TOOL=Bash step=? sprint=LAUNCH-STABILIZE
[2026-04-12T20:32:22Z] TOOL=Bash step=? sprint=LAUNCH-STABILIZE
[2026-04-12T20:32:25Z] TOOL=Bash step=? sprint=LAUNCH-STABILIZE
[2026-04-12T20:33:32Z] TOOL=Bash step=? sprint=LAUNCH-STABILIZE
[2026-04-12T20:33:51Z] TOOL=Bash step=? sprint=LAUNCH-STABILIZE
[2026-04-12T20:33:57Z] TOOL=Bash step=? sprint=LAUNCH-STABILIZE
[2026-04-12T20:34:22Z] TOOL=Bash step=? sprint=LAUNCH-STABILIZE
[2026-04-12T20:34:48Z] TOOL=Bash step=? sprint=LAUNCH-STABILIZE
[2026-04-12T20:35:28Z] TOOL=Bash step=? sprint=LAUNCH-STABILIZE
[2026-04-12T20:35:31Z] TOOL=Bash step=? sprint=LAUNCH-STABILIZE
[2026-04-12T20:35:34Z] TOOL=Bash step=? sprint=LAUNCH-STABILIZE
[2026-04-12T21:07:42Z] TOOL=Agent step=? sprint=LAUNCH-STABILIZE
[2026-04-12T21:07:49Z] TOOL=Agent step=? sprint=LAUNCH-STABILIZE
[2026-04-12T21:08:06Z] TOOL=Write step=? sprint=LAUNCH-STABILIZE
[2026-04-12T21:08:33Z] TOOL=Edit step=? sprint=LAUNCH-STABILIZE
[2026-04-12T21:08:40Z] TOOL=Bash step=? sprint=LAUNCH-STABILIZE
[2026-04-12T21:10:36Z] TOOL=Bash step=? sprint=LAUNCH-STABILIZE
[2026-04-12T21:10:46Z] TOOL=Bash step=? sprint=LAUNCH-STABILIZE
[2026-04-12T21:11:29Z] TOOL=Bash step=? sprint=LAUNCH-STABILIZE
[2026-04-12T21:12:09Z] TOOL=Bash step=? sprint=LAUNCH-STABILIZE
[2026-04-12T21:12:18Z] TOOL=Bash step=? sprint=LAUNCH-STABILIZE
[2026-04-12T21:12:39Z] TOOL=Bash step=? sprint=LAUNCH-STABILIZE
[2026-04-12T21:12:43Z] TOOL=Bash step=? sprint=LAUNCH-STABILIZE
[2026-04-12T21:12:53Z] TOOL=Agent step=? sprint=LAUNCH-STABILIZE
[2026-04-12T21:12:57Z] TOOL=Bash step=? sprint=LAUNCH-STABILIZE
[2026-04-12T21:13:08Z] TOOL=Bash step=? sprint=LAUNCH-STABILIZE
[2026-04-12T21:13:08Z] TOOL=Bash step=? sprint=LAUNCH-STABILIZE
[2026-04-12T21:13:14Z] TOOL=Bash step=? sprint=LAUNCH-STABILIZE
[2026-04-12T21:13:14Z] TOOL=Bash step=? sprint=LAUNCH-STABILIZE
[2026-04-12T21:13:15Z] TOOL=Bash step=? sprint=LAUNCH-STABILIZE
[2026-04-12T21:13:16Z] TOOL=Bash step=? sprint=LAUNCH-STABILIZE
[2026-04-12T21:13:20Z] TOOL=Bash step=? sprint=LAUNCH-STABILIZE
[2026-04-12T21:13:25Z] TOOL=Bash step=? sprint=LAUNCH-STABILIZE
[2026-04-12T21:13:32Z] TOOL=Bash step=? sprint=LAUNCH-STABILIZE
[2026-04-12T21:13:37Z] TOOL=Bash step=? sprint=LAUNCH-STABILIZE
[2026-04-12T23:36:31Z] TOOL=Agent step=? sprint=LAUNCH-STABILIZE
[2026-04-12T23:36:33Z] TOOL=Bash step=? sprint=LAUNCH-STABILIZE
[2026-04-12T23:36:34Z] TOOL=Bash step=? sprint=LAUNCH-STABILIZE
[2026-04-12T23:36:40Z] TOOL=Bash step=? sprint=LAUNCH-STABILIZE
[2026-04-12T23:36:50Z] TOOL=Bash step=? sprint=LAUNCH-STABILIZE
[2026-04-12T23:36:52Z] TOOL=Bash step=? sprint=LAUNCH-STABILIZE
[2026-04-12T23:36:55Z] TOOL=Bash step=? sprint=LAUNCH-STABILIZE
[2026-04-12T23:36:58Z] TOOL=Bash step=? sprint=LAUNCH-STABILIZE
[2026-04-12T23:37:20Z] TOOL=Agent step=? sprint=LAUNCH-STABILIZE
[2026-04-12T23:37:23Z] TOOL=Bash step=? sprint=LAUNCH-STABILIZE
[2026-04-12T23:37:27Z] TOOL=Bash step=? sprint=LAUNCH-STABILIZE
[2026-04-12T23:37:28Z] TOOL=Bash step=? sprint=LAUNCH-STABILIZE
[2026-04-12T23:37:33Z] TOOL=Bash step=? sprint=LAUNCH-STABILIZE
[2026-04-12T23:37:41Z] TOOL=Bash step=? sprint=LAUNCH-STABILIZE
[2026-04-12T23:37:53Z] TOOL=Bash step=? sprint=LAUNCH-STABILIZE
[2026-04-12T23:38:00Z] TOOL=Bash step=? sprint=LAUNCH-STABILIZE
[2026-04-12T23:38:05Z] TOOL=Bash step=? sprint=LAUNCH-STABILIZE
[2026-04-12T23:40:24Z] TOOL=Agent step=? sprint=LAUNCH-STABILIZE
[2026-04-12T23:40:28Z] TOOL=Bash step=? sprint=LAUNCH-STABILIZE
[2026-04-12T23:40:37Z] TOOL=Bash step=? sprint=LAUNCH-STABILIZE
[2026-04-12T23:40:41Z] TOOL=Bash step=? sprint=LAUNCH-STABILIZE
[2026-04-12T23:40:55Z] TOOL=Bash step=? sprint=LAUNCH-STABILIZE
[2026-04-12T23:40:57Z] TOOL=Bash step=? sprint=LAUNCH-STABILIZE
[2026-04-12T23:40:59Z] TOOL=Bash step=? sprint=LAUNCH-STABILIZE
[2026-04-12T23:41:01Z] TOOL=Bash step=? sprint=LAUNCH-STABILIZE
[2026-04-12T23:41:03Z] TOOL=Bash step=? sprint=LAUNCH-STABILIZE
[2026-04-12T23:41:37Z] TOOL=Agent step=? sprint=LAUNCH-STABILIZE
[2026-04-12T23:41:41Z] TOOL=Bash step=? sprint=LAUNCH-STABILIZE
[2026-04-12T23:41:49Z] TOOL=Bash step=? sprint=LAUNCH-STABILIZE
[2026-04-12T23:41:50Z] TOOL=Bash step=? sprint=LAUNCH-STABILIZE
[2026-04-12T23:41:51Z] TOOL=Bash step=? sprint=LAUNCH-STABILIZE
[2026-04-12T23:41:56Z] TOOL=Bash step=? sprint=LAUNCH-STABILIZE
[2026-04-12T23:41:57Z] TOOL=Bash step=? sprint=LAUNCH-STABILIZE
[2026-04-12T23:41:58Z] TOOL=Bash step=? sprint=LAUNCH-STABILIZE
[2026-04-12T23:42:02Z] TOOL=Bash step=? sprint=LAUNCH-STABILIZE
[2026-04-12T23:42:19Z] TOOL=Bash step=? sprint=LAUNCH-STABILIZE
[2026-04-12T23:42:26Z] TOOL=Bash step=? sprint=LAUNCH-STABILIZE
[2026-04-12T23:42:29Z] TOOL=Bash step=? sprint=LAUNCH-STABILIZE
[2026-04-12T23:42:33Z] TOOL=Bash step=? sprint=LAUNCH-STABILIZE
[2026-04-12T23:42:39Z] TOOL=Bash step=? sprint=LAUNCH-STABILIZE
[2026-04-12T23:43:09Z] TOOL=Bash step=? sprint=LAUNCH-STABILIZE
[2026-04-12T23:43:09Z] TOOL=Bash step=? sprint=LAUNCH-STABILIZE
[2026-04-12T23:43:14Z] TOOL=Bash step=? sprint=LAUNCH-STABILIZE
[2026-04-12T23:43:20Z] TOOL=Bash step=? sprint=LAUNCH-STABILIZE
[2026-04-12T23:43:20Z] TOOL=Bash step=? sprint=LAUNCH-STABILIZE
[2026-04-12T23:43:34Z] TOOL=Bash step=? sprint=LAUNCH-STABILIZE
[2026-04-12T23:43:37Z] TOOL=Bash step=? sprint=LAUNCH-STABILIZE
[2026-04-12T23:53:38Z] TOOL=Agent step=? sprint=LAUNCH-STABILIZE
[2026-04-12T23:53:42Z] TOOL=Bash step=? sprint=LAUNCH-STABILIZE
[2026-04-12T23:53:50Z] TOOL=Bash step=? sprint=LAUNCH-STABILIZE
[2026-04-12T23:53:51Z] TOOL=Bash step=? sprint=LAUNCH-STABILIZE
[2026-04-12T23:53:52Z] TOOL=Bash step=? sprint=LAUNCH-STABILIZE
[2026-04-12T23:53:59Z] TOOL=Bash step=? sprint=LAUNCH-STABILIZE
[2026-04-12T23:54:05Z] TOOL=Bash step=? sprint=LAUNCH-STABILIZE
[2026-04-12T23:54:25Z] TOOL=Bash step=? sprint=LAUNCH-STABILIZE
[2026-04-12T23:54:26Z] TOOL=Bash step=? sprint=LAUNCH-STABILIZE
[2026-04-12T23:54:31Z] TOOL=Bash step=? sprint=LAUNCH-STABILIZE
[2026-04-12T23:54:32Z] TOOL=Bash step=? sprint=LAUNCH-STABILIZE
[2026-04-12T23:54:35Z] TOOL=Bash step=? sprint=LAUNCH-STABILIZE
[2026-04-12T23:54:39Z] TOOL=Bash step=? sprint=LAUNCH-STABILIZE
[2026-04-12T23:54:44Z] TOOL=Bash step=? sprint=LAUNCH-STABILIZE
[2026-04-12T23:54:48Z] TOOL=Bash step=? sprint=LAUNCH-STABILIZE
[2026-04-12T23:54:53Z] TOOL=Bash step=? sprint=LAUNCH-STABILIZE
[2026-04-12T23:55:02Z] TOOL=Bash step=? sprint=LAUNCH-STABILIZE
[2026-04-12T23:55:08Z] TOOL=Bash step=? sprint=LAUNCH-STABILIZE
[2026-04-12T23:56:12Z] TOOL=Agent step=? sprint=LAUNCH-STABILIZE
[2026-04-12T23:57:23Z] TOOL=Edit step=? sprint=LAUNCH-STABILIZE
[2026-04-12T23:57:32Z] TOOL=Bash step=? sprint=LAUNCH-STABILIZE
[2026-04-12T23:57:38Z] TOOL=Bash step=? sprint=LAUNCH-STABILIZE
[2026-04-12T23:58:19Z] TOOL=Bash step=? sprint=LAUNCH-STABILIZE
[2026-04-12T23:59:13Z] TOOL=Bash step=? sprint=LAUNCH-STABILIZE
[2026-04-12T23:59:22Z] TOOL=Bash step=? sprint=LAUNCH-STABILIZE
[2026-04-13T00:00:07Z] TOOL=Bash step=? sprint=LAUNCH-STABILIZE
[2026-04-13T00:00:19Z] TOOL=Bash step=? sprint=LAUNCH-STABILIZE
[2026-04-13T00:00:26Z] TOOL=Bash step=? sprint=LAUNCH-STABILIZE
[2026-04-13T00:00:47Z] TOOL=Bash step=? sprint=LAUNCH-STABILIZE
[2026-04-13T00:00:57Z] TOOL=Bash step=? sprint=LAUNCH-STABILIZE
[2026-04-13T00:01:18Z] TOOL=Bash step=? sprint=LAUNCH-STABILIZE
[2026-04-13T00:01:44Z] TOOL=Agent step=? sprint=LAUNCH-STABILIZE
[2026-04-13T00:01:48Z] TOOL=Bash step=? sprint=LAUNCH-STABILIZE
[2026-04-13T00:02:04Z] TOOL=Bash step=? sprint=LAUNCH-STABILIZE
[2026-04-13T00:02:12Z] TOOL=Bash step=? sprint=LAUNCH-STABILIZE
[2026-04-13T00:02:14Z] TOOL=Bash step=? sprint=LAUNCH-STABILIZE
[2026-04-13T00:02:18Z] TOOL=Bash step=? sprint=LAUNCH-STABILIZE
[2026-04-13T00:02:23Z] TOOL=Bash step=? sprint=LAUNCH-STABILIZE
[2026-04-13T00:02:45Z] TOOL=Bash step=? sprint=LAUNCH-STABILIZE
[2026-04-13T00:02:52Z] TOOL=Bash step=? sprint=LAUNCH-STABILIZE
[2026-04-13T00:03:01Z] TOOL=Bash step=? sprint=LAUNCH-STABILIZE
[2026-04-13T00:40:56Z] TOOL=Agent step=? sprint=LAUNCH-STABILIZE
[2026-04-13T00:41:00Z] TOOL=Bash step=? sprint=LAUNCH-STABILIZE
[2026-04-13T00:41:08Z] TOOL=Bash step=? sprint=LAUNCH-STABILIZE
[2026-04-13T00:41:12Z] TOOL=Bash step=? sprint=LAUNCH-STABILIZE
[2026-04-13T00:41:18Z] TOOL=Bash step=? sprint=LAUNCH-STABILIZE
[2026-04-13T00:41:19Z] TOOL=Bash step=? sprint=LAUNCH-STABILIZE
[2026-04-13T00:41:20Z] TOOL=Bash step=? sprint=LAUNCH-STABILIZE
[2026-04-13T00:41:26Z] TOOL=Bash step=? sprint=LAUNCH-STABILIZE
[2026-04-13T00:41:26Z] TOOL=Bash step=? sprint=LAUNCH-STABILIZE
[2026-04-13T00:41:30Z] TOOL=Bash step=? sprint=LAUNCH-STABILIZE
[2026-04-13T00:41:42Z] TOOL=Bash step=? sprint=LAUNCH-STABILIZE
[2026-04-13T00:41:48Z] TOOL=Bash step=? sprint=LAUNCH-STABILIZE
[2026-04-13T00:41:53Z] TOOL=Bash step=? sprint=LAUNCH-STABILIZE
[2026-04-13T00:41:54Z] TOOL=Bash step=? sprint=LAUNCH-STABILIZE
[2026-04-13T00:41:58Z] TOOL=Bash step=? sprint=LAUNCH-STABILIZE
[2026-04-13T00:42:15Z] TOOL=Bash step=? sprint=LAUNCH-STABILIZE
[2026-04-13T00:42:29Z] TOOL=Bash step=? sprint=LAUNCH-STABILIZE
[2026-04-13T00:42:38Z] TOOL=Bash step=? sprint=LAUNCH-STABILIZE
[2026-04-13T00:42:41Z] TOOL=Bash step=? sprint=LAUNCH-STABILIZE
[2026-04-13T00:42:49Z] TOOL=Bash step=? sprint=LAUNCH-STABILIZE
[2026-04-13T00:42:58Z] TOOL=Bash step=? sprint=LAUNCH-STABILIZE
[2026-04-13T00:43:03Z] TOOL=Bash step=? sprint=LAUNCH-STABILIZE
[2026-04-13T00:43:03Z] TOOL=Bash step=? sprint=LAUNCH-STABILIZE
[2026-04-13T00:43:09Z] TOOL=Bash step=? sprint=LAUNCH-STABILIZE
[2026-04-13T00:43:51Z] TOOL=Bash step=? sprint=LAUNCH-STABILIZE
[2026-04-13T00:43:55Z] TOOL=Bash step=? sprint=LAUNCH-STABILIZE
[2026-04-13T00:43:56Z] TOOL=Bash step=? sprint=LAUNCH-STABILIZE
[2026-04-13T00:45:18Z] TOOL=Agent step=? sprint=LAUNCH-STABILIZE
[2026-04-13T00:45:22Z] TOOL=Bash step=? sprint=LAUNCH-STABILIZE
[2026-04-13T00:45:29Z] TOOL=Bash step=? sprint=LAUNCH-STABILIZE
[2026-04-13T00:45:31Z] TOOL=Bash step=? sprint=LAUNCH-STABILIZE
[2026-04-13T00:45:34Z] TOOL=Bash step=? sprint=LAUNCH-STABILIZE
[2026-04-13T00:45:35Z] TOOL=Bash step=? sprint=LAUNCH-STABILIZE
[2026-04-13T00:45:39Z] TOOL=Bash step=? sprint=LAUNCH-STABILIZE
[2026-04-13T00:45:44Z] TOOL=Bash step=? sprint=LAUNCH-STABILIZE
[2026-04-13T00:45:45Z] TOOL=Bash step=? sprint=LAUNCH-STABILIZE
[2026-04-13T00:45:50Z] TOOL=Bash step=? sprint=LAUNCH-STABILIZE
[2026-04-13T00:45:51Z] TOOL=Bash step=? sprint=LAUNCH-STABILIZE
[2026-04-13T00:45:52Z] TOOL=Bash step=? sprint=LAUNCH-STABILIZE
[2026-04-13T00:45:56Z] TOOL=Bash step=? sprint=LAUNCH-STABILIZE
[2026-04-13T00:46:01Z] TOOL=Bash step=? sprint=LAUNCH-STABILIZE
[2026-04-13T00:46:05Z] TOOL=Bash step=? sprint=LAUNCH-STABILIZE
[2026-04-13T00:46:17Z] TOOL=Bash step=? sprint=LAUNCH-STABILIZE
[2026-04-13T00:46:18Z] TOOL=Bash step=? sprint=LAUNCH-STABILIZE
[2026-04-13T00:46:21Z] TOOL=Bash step=? sprint=LAUNCH-STABILIZE
[2026-04-13T00:47:17Z] TOOL=Agent step=? sprint=LAUNCH-STABILIZE
[2026-04-13T00:47:46Z] TOOL=Edit step=? sprint=LAUNCH-STABILIZE
[2026-04-13T00:47:50Z] TOOL=Bash step=? sprint=LAUNCH-STABILIZE
[2026-04-13T00:47:56Z] TOOL=Bash step=? sprint=LAUNCH-STABILIZE
[2026-04-13T00:48:06Z] TOOL=Bash step=? sprint=LAUNCH-STABILIZE
[2026-04-13T00:48:18Z] TOOL=Bash step=? sprint=LAUNCH-STABILIZE
[2026-04-13T00:48:31Z] TOOL=Bash step=? sprint=LAUNCH-STABILIZE
[2026-04-13T00:48:38Z] TOOL=Bash step=? sprint=LAUNCH-STABILIZE
[2026-04-13T00:48:46Z] TOOL=Bash step=? sprint=LAUNCH-STABILIZE
[2026-04-13T00:49:49Z] TOOL=Bash step=? sprint=LAUNCH-STABILIZE
[2026-04-13T00:50:55Z] TOOL=Agent step=? sprint=LAUNCH-STABILIZE
[2026-04-13T00:51:00Z] TOOL=Bash step=? sprint=LAUNCH-STABILIZE
[2026-04-13T00:51:06Z] TOOL=Bash step=? sprint=LAUNCH-STABILIZE
[2026-04-13T00:51:10Z] TOOL=Bash step=? sprint=LAUNCH-STABILIZE
[2026-04-13T00:51:12Z] TOOL=Bash step=? sprint=LAUNCH-STABILIZE
[2026-04-13T00:51:19Z] TOOL=Bash step=? sprint=LAUNCH-STABILIZE
[2026-04-13T00:51:21Z] TOOL=Bash step=? sprint=LAUNCH-STABILIZE
[2026-04-13T00:51:25Z] TOOL=Bash step=? sprint=LAUNCH-STABILIZE
[2026-04-13T00:51:36Z] TOOL=Bash step=? sprint=LAUNCH-STABILIZE
[2026-04-13T00:51:38Z] TOOL=Bash step=? sprint=LAUNCH-STABILIZE
[2026-04-13T00:51:38Z] TOOL=Bash step=? sprint=LAUNCH-STABILIZE
[2026-04-13T00:51:44Z] TOOL=Bash step=? sprint=LAUNCH-STABILIZE
[2026-04-13T00:51:44Z] TOOL=Bash step=? sprint=LAUNCH-STABILIZE
[2026-04-13T00:51:50Z] TOOL=Bash step=? sprint=LAUNCH-STABILIZE
[2026-04-13T00:51:51Z] TOOL=Bash step=? sprint=LAUNCH-STABILIZE
[2026-04-13T00:51:52Z] TOOL=Bash step=? sprint=LAUNCH-STABILIZE
[2026-04-13T00:52:05Z] TOOL=Bash step=? sprint=LAUNCH-STABILIZE
[2026-04-13T00:52:09Z] TOOL=Bash step=? sprint=LAUNCH-STABILIZE
[2026-04-13T00:52:14Z] TOOL=Bash step=? sprint=LAUNCH-STABILIZE
[2026-04-13T00:52:18Z] TOOL=Bash step=? sprint=LAUNCH-STABILIZE
[2026-04-13T00:52:25Z] TOOL=Bash step=? sprint=LAUNCH-STABILIZE
[2026-04-13T00:52:39Z] TOOL=Bash step=? sprint=LAUNCH-STABILIZE
[2026-04-13T00:52:49Z] TOOL=Bash step=? sprint=LAUNCH-STABILIZE
[2026-04-13T00:52:59Z] TOOL=Bash step=? sprint=LAUNCH-STABILIZE
[2026-04-13T00:53:09Z] TOOL=Bash step=? sprint=LAUNCH-STABILIZE
[2026-04-13T00:53:21Z] TOOL=Bash step=? sprint=LAUNCH-STABILIZE
[2026-04-13T00:53:33Z] TOOL=Bash step=? sprint=LAUNCH-STABILIZE
[2026-04-13T00:53:37Z] TOOL=Bash step=? sprint=LAUNCH-STABILIZE
[2026-04-13T00:53:47Z] TOOL=Bash step=? sprint=LAUNCH-STABILIZE
[2026-04-13T00:54:28Z] TOOL=Bash step=? sprint=LAUNCH-STABILIZE
[2026-04-13T00:55:31Z] TOOL=Agent step=? sprint=LAUNCH-STABILIZE
[2026-04-13T00:55:45Z] TOOL=Bash step=? sprint=LAUNCH-STABILIZE
[2026-04-13T00:55:59Z] TOOL=Edit step=? sprint=LAUNCH-STABILIZE
[2026-04-13T00:56:22Z] TOOL=Bash step=? sprint=LAUNCH-STABILIZE
[2026-04-13T00:56:29Z] TOOL=Bash step=? sprint=LAUNCH-STABILIZE
[2026-04-13T00:56:43Z] TOOL=Bash step=? sprint=LAUNCH-STABILIZE
[2026-04-13T00:56:50Z] TOOL=Bash step=? sprint=LAUNCH-STABILIZE
[2026-04-13T00:56:56Z] TOOL=Bash step=? sprint=LAUNCH-STABILIZE
[2026-04-13T00:57:01Z] TOOL=Bash step=? sprint=LAUNCH-STABILIZE
[2026-04-13T00:57:05Z] TOOL=Bash step=? sprint=LAUNCH-STABILIZE
[2026-04-13T00:57:10Z] TOOL=Bash step=? sprint=LAUNCH-STABILIZE
[2026-04-13T00:57:20Z] TOOL=Bash step=? sprint=LAUNCH-STABILIZE
[2026-04-13T00:57:39Z] TOOL=Bash step=? sprint=LAUNCH-STABILIZE
[2026-04-13T00:57:45Z] TOOL=Bash step=? sprint=LAUNCH-STABILIZE
[2026-04-13T00:57:56Z] TOOL=Bash step=? sprint=LAUNCH-STABILIZE
[2026-04-13T01:00:08Z] TOOL=Agent step=? sprint=LAUNCH-STABILIZE
[2026-04-13T01:00:12Z] TOOL=Bash step=? sprint=LAUNCH-STABILIZE
[2026-04-13T01:00:17Z] TOOL=Bash step=? sprint=LAUNCH-STABILIZE
[2026-04-13T01:00:18Z] TOOL=Bash step=? sprint=LAUNCH-STABILIZE
[2026-04-13T01:00:23Z] TOOL=Bash step=? sprint=LAUNCH-STABILIZE
[2026-04-13T01:00:23Z] TOOL=Bash step=? sprint=LAUNCH-STABILIZE
[2026-04-13T01:00:24Z] TOOL=Bash step=? sprint=LAUNCH-STABILIZE
[2026-04-13T01:00:29Z] TOOL=Bash step=? sprint=LAUNCH-STABILIZE
[2026-04-13T01:00:51Z] TOOL=Bash step=? sprint=LAUNCH-STABILIZE
[2026-04-13T01:01:02Z] TOOL=Bash step=? sprint=LAUNCH-STABILIZE
[2026-04-13T01:01:03Z] TOOL=Bash step=? sprint=LAUNCH-STABILIZE
[2026-04-13T01:01:13Z] TOOL=Bash step=? sprint=LAUNCH-STABILIZE
[2026-04-13T01:01:22Z] TOOL=Bash step=? sprint=LAUNCH-STABILIZE
[2026-04-13T01:01:24Z] TOOL=Bash step=? sprint=LAUNCH-STABILIZE
[2026-04-13T01:01:30Z] TOOL=Bash step=? sprint=LAUNCH-STABILIZE
[2026-04-13T01:01:30Z] TOOL=Bash step=? sprint=LAUNCH-STABILIZE
[2026-04-13T01:01:37Z] TOOL=Bash step=? sprint=LAUNCH-STABILIZE
[2026-04-13T01:02:23Z] TOOL=Agent step=? sprint=LAUNCH-STABILIZE
[2026-04-13T01:02:28Z] TOOL=Bash step=? sprint=LAUNCH-STABILIZE
[2026-04-13T01:02:33Z] TOOL=Bash step=? sprint=LAUNCH-STABILIZE
[2026-04-13T01:03:02Z] TOOL=Bash step=? sprint=LAUNCH-STABILIZE
[2026-04-13T01:03:07Z] TOOL=Bash step=? sprint=LAUNCH-STABILIZE
[2026-04-13T01:03:20Z] TOOL=Bash step=? sprint=LAUNCH-STABILIZE
[2026-04-13T01:03:46Z] TOOL=Agent step=? sprint=LAUNCH-STABILIZE
[2026-04-13T01:03:50Z] TOOL=Bash step=? sprint=LAUNCH-STABILIZE
[2026-04-13T01:03:56Z] TOOL=Bash step=? sprint=LAUNCH-STABILIZE
[2026-04-13T01:03:56Z] TOOL=Bash step=? sprint=LAUNCH-STABILIZE
[2026-04-13T01:04:02Z] TOOL=Bash step=? sprint=LAUNCH-STABILIZE
[2026-04-13T01:04:03Z] TOOL=Bash step=? sprint=LAUNCH-STABILIZE
[2026-04-13T01:04:04Z] TOOL=Bash step=? sprint=LAUNCH-STABILIZE
[2026-04-13T01:04:12Z] TOOL=Bash step=? sprint=LAUNCH-STABILIZE
[2026-04-13T01:04:18Z] TOOL=Bash step=? sprint=LAUNCH-STABILIZE
[2026-04-13T01:04:26Z] TOOL=Bash step=? sprint=LAUNCH-STABILIZE
[2026-04-13T01:04:28Z] TOOL=Bash step=? sprint=LAUNCH-STABILIZE
[2026-04-13T01:04:29Z] TOOL=Bash step=? sprint=LAUNCH-STABILIZE
[2026-04-13T01:04:34Z] TOOL=Bash step=? sprint=LAUNCH-STABILIZE
[2026-04-13T01:04:41Z] TOOL=Bash step=? sprint=LAUNCH-STABILIZE
[2026-04-13T01:04:46Z] TOOL=Bash step=? sprint=LAUNCH-STABILIZE
[2026-04-13T01:04:54Z] TOOL=Bash step=? sprint=LAUNCH-STABILIZE
[2026-04-13T01:04:54Z] TOOL=Bash step=? sprint=LAUNCH-STABILIZE
[2026-04-13T01:04:59Z] TOOL=Bash step=? sprint=LAUNCH-STABILIZE
[2026-04-13T01:05:15Z] TOOL=Bash step=? sprint=LAUNCH-STABILIZE
[2026-04-13T01:05:16Z] TOOL=Bash step=? sprint=LAUNCH-STABILIZE
[2026-04-13T01:05:21Z] TOOL=Bash step=? sprint=LAUNCH-STABILIZE
[2026-04-13T01:05:22Z] TOOL=Bash step=? sprint=LAUNCH-STABILIZE
[2026-04-13T01:05:34Z] TOOL=Bash step=? sprint=LAUNCH-STABILIZE
[2026-04-13T01:06:22Z] TOOL=Bash step=? sprint=LAUNCH-STABILIZE
[2026-04-13T01:06:23Z] TOOL=Bash step=? sprint=LAUNCH-STABILIZE
[2026-04-13T01:06:27Z] TOOL=Bash step=? sprint=LAUNCH-STABILIZE
[2026-04-13T01:06:31Z] TOOL=Bash step=? sprint=LAUNCH-STABILIZE
[2026-04-13T01:07:07Z] TOOL=Agent step=? sprint=LAUNCH-STABILIZE
[2026-04-13T01:07:12Z] TOOL=Bash step=? sprint=LAUNCH-STABILIZE
[2026-04-13T01:07:21Z] TOOL=Bash step=? sprint=LAUNCH-STABILIZE
[2026-04-13T01:07:39Z] TOOL=Bash step=? sprint=LAUNCH-STABILIZE
[2026-04-13T01:07:43Z] TOOL=Bash step=? sprint=LAUNCH-STABILIZE
[2026-04-13T01:07:54Z] TOOL=Bash step=? sprint=LAUNCH-STABILIZE
[2026-04-13T01:07:58Z] TOOL=Bash step=? sprint=LAUNCH-STABILIZE
[2026-04-13T01:08:01Z] TOOL=Bash step=? sprint=LAUNCH-STABILIZE
[2026-04-13T01:08:04Z] TOOL=Bash step=? sprint=LAUNCH-STABILIZE
[2026-04-13T01:08:08Z] TOOL=Bash step=? sprint=LAUNCH-STABILIZE
[2026-04-13T01:09:09Z] TOOL=Agent step=? sprint=LAUNCH-STABILIZE
[2026-04-13T01:09:13Z] TOOL=Bash step=? sprint=LAUNCH-STABILIZE
[2026-04-13T01:09:19Z] TOOL=Bash step=? sprint=LAUNCH-STABILIZE
[2026-04-13T01:09:29Z] TOOL=Bash step=? sprint=LAUNCH-STABILIZE
[2026-04-13T01:09:36Z] TOOL=Bash step=? sprint=LAUNCH-STABILIZE
[2026-04-13T01:35:40Z] TOOL=Agent step=? sprint=LAUNCH-STABILIZE
[2026-04-13T01:36:12Z] TOOL=Edit step=? sprint=LAUNCH-STABILIZE
[2026-04-13T01:36:20Z] TOOL=Bash step=? sprint=LAUNCH-STABILIZE
[2026-04-13T01:36:55Z] TOOL=Bash step=? sprint=LAUNCH-STABILIZE
[2026-04-13T01:37:03Z] TOOL=Bash step=? sprint=LAUNCH-STABILIZE
[2026-04-13T01:37:14Z] TOOL=Bash step=? sprint=LAUNCH-STABILIZE
[2026-04-13T01:37:23Z] TOOL=Bash step=? sprint=LAUNCH-STABILIZE
[2026-04-13T01:37:44Z] TOOL=Bash step=? sprint=LAUNCH-STABILIZE
[2026-04-13T01:37:47Z] TOOL=Bash step=? sprint=LAUNCH-STABILIZE
[2026-04-13T01:38:13Z] TOOL=Bash step=? sprint=LAUNCH-STABILIZE
[2026-04-13T01:38:44Z] TOOL=Agent step=? sprint=LAUNCH-STABILIZE
[2026-04-13T01:38:48Z] TOOL=Bash step=? sprint=LAUNCH-STABILIZE
[2026-04-13T01:38:56Z] TOOL=Bash step=? sprint=LAUNCH-STABILIZE
[2026-04-13T01:39:06Z] TOOL=Bash step=? sprint=LAUNCH-STABILIZE
[2026-04-13T01:39:10Z] TOOL=Bash step=? sprint=LAUNCH-STABILIZE
[2026-04-13T01:39:14Z] TOOL=Bash step=? sprint=LAUNCH-STABILIZE
[2026-04-13T01:39:20Z] TOOL=Bash step=? sprint=LAUNCH-STABILIZE
[2026-04-13T01:39:57Z] TOOL=Bash step=? sprint=LAUNCH-STABILIZE
[2026-04-13T01:41:06Z] TOOL=Bash step=? sprint=LAUNCH-STABILIZE
[2026-04-13T01:41:11Z] TOOL=Bash step=? sprint=LAUNCH-STABILIZE
[2026-04-13T01:42:21Z] TOOL=Write step=? sprint=LAUNCH-STABILIZE
[2026-04-13T01:48:13Z] TOOL=Agent step=? sprint=LAUNCH-STABILIZE
[2026-04-13T01:48:21Z] TOOL=Bash step=? sprint=LAUNCH-STABILIZE
[2026-04-13T01:48:38Z] TOOL=Bash step=? sprint=LAUNCH-STABILIZE
[2026-04-13T01:48:47Z] TOOL=Bash step=? sprint=LAUNCH-STABILIZE
[2026-04-13T01:48:52Z] TOOL=Bash step=? sprint=LAUNCH-STABILIZE
[2026-04-13T01:48:53Z] TOOL=Bash step=? sprint=LAUNCH-STABILIZE
[2026-04-13T01:48:53Z] TOOL=Bash step=? sprint=LAUNCH-STABILIZE
[2026-04-13T01:49:06Z] TOOL=Bash step=? sprint=LAUNCH-STABILIZE
[2026-04-13T01:49:07Z] TOOL=Bash step=? sprint=LAUNCH-STABILIZE
[2026-04-13T01:49:09Z] TOOL=Bash step=? sprint=LAUNCH-STABILIZE
[2026-04-13T01:49:11Z] TOOL=Bash step=? sprint=LAUNCH-STABILIZE
[2026-04-13T01:49:20Z] TOOL=Bash step=? sprint=LAUNCH-STABILIZE
[2026-04-13T01:49:23Z] TOOL=Bash step=? sprint=LAUNCH-STABILIZE
[2026-04-13T01:49:34Z] TOOL=Bash step=? sprint=LAUNCH-STABILIZE
[2026-04-13T01:49:38Z] TOOL=Bash step=? sprint=LAUNCH-STABILIZE
[2026-04-13T01:49:51Z] TOOL=Bash step=? sprint=LAUNCH-STABILIZE
[2026-04-13T01:49:53Z] TOOL=Bash step=? sprint=LAUNCH-STABILIZE
[2026-04-13T01:49:55Z] TOOL=Bash step=? sprint=LAUNCH-STABILIZE
[2026-04-13T01:50:08Z] TOOL=Bash step=? sprint=LAUNCH-STABILIZE
[2026-04-13T01:50:13Z] TOOL=Bash step=? sprint=LAUNCH-STABILIZE
[2026-04-13T01:50:22Z] TOOL=Bash step=? sprint=LAUNCH-STABILIZE
[2026-04-13T01:50:26Z] TOOL=Bash step=? sprint=LAUNCH-STABILIZE
[2026-04-13T01:50:36Z] TOOL=Bash step=? sprint=LAUNCH-STABILIZE
[2026-04-13T01:50:38Z] TOOL=Bash step=? sprint=LAUNCH-STABILIZE
[2026-04-13T01:50:47Z] TOOL=Bash step=? sprint=LAUNCH-STABILIZE
[2026-04-13T01:50:50Z] TOOL=Bash step=? sprint=LAUNCH-STABILIZE
[2026-04-13T01:50:58Z] TOOL=Bash step=? sprint=LAUNCH-STABILIZE
[2026-04-13T01:51:02Z] TOOL=Bash step=? sprint=LAUNCH-STABILIZE
[2026-04-13T01:51:14Z] TOOL=Bash step=? sprint=LAUNCH-STABILIZE
[2026-04-13T01:51:26Z] TOOL=Bash step=? sprint=LAUNCH-STABILIZE
[2026-04-13T01:51:34Z] TOOL=Bash step=? sprint=LAUNCH-STABILIZE
[2026-04-13T01:51:47Z] TOOL=Bash step=? sprint=LAUNCH-STABILIZE
[2026-04-13T01:51:51Z] TOOL=Bash step=? sprint=LAUNCH-STABILIZE
[2026-04-13T01:51:58Z] TOOL=Bash step=? sprint=LAUNCH-STABILIZE
[2026-04-13T01:52:08Z] TOOL=Bash step=? sprint=LAUNCH-STABILIZE
[2026-04-13T01:54:18Z] TOOL=Bash step=? sprint=LAUNCH-STABILIZE
[2026-04-13T01:54:32Z] TOOL=Bash step=? sprint=LAUNCH-STABILIZE
[2026-04-13T01:54:50Z] TOOL=Bash step=? sprint=LAUNCH-STABILIZE
[2026-04-13T01:56:05Z] TOOL=Agent step=? sprint=LAUNCH-STABILIZE
[2026-04-13T01:56:20Z] TOOL=Edit step=? sprint=LAUNCH-STABILIZE
[2026-04-13T01:56:30Z] TOOL=Bash step=? sprint=LAUNCH-STABILIZE
[2026-04-13T01:56:49Z] TOOL=Bash step=? sprint=LAUNCH-STABILIZE
[2026-04-13T01:57:00Z] TOOL=Bash step=? sprint=LAUNCH-STABILIZE
[2026-04-13T01:57:16Z] TOOL=Bash step=? sprint=LAUNCH-STABILIZE
[2026-04-13T01:58:00Z] TOOL=Bash step=? sprint=LAUNCH-STABILIZE
[2026-04-13T01:58:22Z] TOOL=Bash step=? sprint=LAUNCH-STABILIZE
[2026-04-13T01:58:26Z] TOOL=Bash step=? sprint=LAUNCH-STABILIZE
[2026-04-13T01:58:29Z] TOOL=Bash step=? sprint=LAUNCH-STABILIZE
[2026-04-13T01:58:34Z] TOOL=Bash step=? sprint=LAUNCH-STABILIZE
[2026-04-13T01:58:38Z] TOOL=Bash step=? sprint=LAUNCH-STABILIZE
[2026-04-13T01:58:44Z] TOOL=Bash step=? sprint=LAUNCH-STABILIZE
[2026-04-13T01:58:50Z] TOOL=Bash step=? sprint=LAUNCH-STABILIZE
[2026-04-13T01:59:25Z] TOOL=Bash step=? sprint=LAUNCH-STABILIZE
[2026-04-13T01:59:30Z] TOOL=Bash step=? sprint=LAUNCH-STABILIZE
[2026-04-13T01:59:43Z] TOOL=Bash step=? sprint=LAUNCH-STABILIZE
[2026-04-13T01:59:51Z] TOOL=Bash step=? sprint=LAUNCH-STABILIZE
[2026-04-13T02:00:22Z] TOOL=Agent step=? sprint=LAUNCH-STABILIZE
[2026-04-13T02:00:25Z] TOOL=Bash step=? sprint=LAUNCH-STABILIZE
[2026-04-13T02:00:34Z] TOOL=Bash step=? sprint=LAUNCH-STABILIZE
[2026-04-13T02:00:35Z] TOOL=Bash step=? sprint=LAUNCH-STABILIZE
[2026-04-13T02:00:41Z] TOOL=Bash step=? sprint=LAUNCH-STABILIZE
[2026-04-13T02:00:50Z] TOOL=Bash step=? sprint=LAUNCH-STABILIZE
[2026-04-13T02:00:57Z] TOOL=Bash step=? sprint=LAUNCH-STABILIZE
[2026-04-13T02:01:02Z] TOOL=Bash step=? sprint=LAUNCH-STABILIZE
[2026-04-13T02:01:04Z] TOOL=Bash step=? sprint=LAUNCH-STABILIZE
[2026-04-13T02:01:05Z] TOOL=Bash step=? sprint=LAUNCH-STABILIZE
[2026-04-13T02:01:09Z] TOOL=Bash step=? sprint=LAUNCH-STABILIZE
[2026-04-13T02:01:10Z] TOOL=Bash step=? sprint=LAUNCH-STABILIZE
[2026-04-13T02:01:12Z] TOOL=Bash step=? sprint=LAUNCH-STABILIZE
[2026-04-13T02:01:12Z] TOOL=Bash step=? sprint=LAUNCH-STABILIZE
[2026-04-13T02:01:13Z] TOOL=Bash step=? sprint=LAUNCH-STABILIZE
[2026-04-13T02:01:16Z] TOOL=Bash step=? sprint=LAUNCH-STABILIZE
[2026-04-13T02:01:17Z] TOOL=Bash step=? sprint=LAUNCH-STABILIZE
[2026-04-13T02:01:19Z] TOOL=Bash step=? sprint=LAUNCH-STABILIZE
[2026-04-13T02:01:20Z] TOOL=Bash step=? sprint=LAUNCH-STABILIZE
[2026-04-13T02:01:20Z] TOOL=Bash step=? sprint=LAUNCH-STABILIZE
[2026-04-13T02:01:32Z] TOOL=Bash step=? sprint=LAUNCH-STABILIZE
[2026-04-13T02:01:34Z] TOOL=Bash step=? sprint=LAUNCH-STABILIZE
[2026-04-13T03:11:59Z] TOOL=Agent step=? sprint=LAUNCH-STABILIZE
[2026-04-13T03:12:03Z] TOOL=Bash step=? sprint=LAUNCH-STABILIZE
[2026-04-13T03:13:25Z] TOOL=Agent step=? sprint=LAUNCH-STABILIZE
[2026-04-13T03:13:29Z] TOOL=Bash step=? sprint=LAUNCH-STABILIZE
[2026-04-13T03:13:36Z] TOOL=Bash step=? sprint=LAUNCH-STABILIZE
[2026-04-13T03:13:38Z] TOOL=Bash step=? sprint=LAUNCH-STABILIZE
[2026-04-13T03:13:45Z] TOOL=Bash step=? sprint=LAUNCH-STABILIZE
[2026-04-13T03:13:46Z] TOOL=Bash step=? sprint=LAUNCH-STABILIZE
[2026-04-13T03:13:55Z] TOOL=Bash step=? sprint=LAUNCH-STABILIZE
[2026-04-13T03:13:56Z] TOOL=Bash step=? sprint=LAUNCH-STABILIZE
[2026-04-13T03:56:06Z] TOOL=Write step=? sprint=LAUNCH-STABILIZE
[2026-04-13T03:56:13Z] TOOL=Agent step=? sprint=LAUNCH-STABILIZE
[2026-04-13T03:56:16Z] TOOL=Bash step=? sprint=LAUNCH-STABILIZE
[2026-04-13T03:56:21Z] TOOL=Bash step=? sprint=LAUNCH-STABILIZE
[2026-04-13T03:56:30Z] TOOL=Bash step=? sprint=LAUNCH-STABILIZE
[2026-04-13T03:56:36Z] TOOL=Bash step=? sprint=LAUNCH-STABILIZE
[2026-04-13T03:56:43Z] TOOL=Bash step=? sprint=LAUNCH-STABILIZE
[2026-04-13T03:56:50Z] TOOL=Bash step=? sprint=LAUNCH-STABILIZE
[2026-04-13T03:59:15Z] TOOL=Agent step=? sprint=LAUNCH-STABILIZE
[2026-04-13T03:59:19Z] TOOL=Bash step=? sprint=LAUNCH-STABILIZE
[2026-04-13T03:59:26Z] TOOL=Bash step=? sprint=LAUNCH-STABILIZE
[2026-04-13T03:59:27Z] TOOL=Bash step=? sprint=LAUNCH-STABILIZE
[2026-04-13T03:59:31Z] TOOL=Bash step=? sprint=LAUNCH-STABILIZE
[2026-04-13T03:59:33Z] TOOL=Bash step=? sprint=LAUNCH-STABILIZE
[2026-04-13T03:59:34Z] TOOL=Bash step=? sprint=LAUNCH-STABILIZE
[2026-04-13T03:59:41Z] TOOL=Bash step=? sprint=LAUNCH-STABILIZE
[2026-04-13T03:59:49Z] TOOL=Bash step=? sprint=LAUNCH-STABILIZE
[2026-04-13T03:59:50Z] TOOL=Bash step=? sprint=LAUNCH-STABILIZE
[2026-04-13T03:59:51Z] TOOL=Bash step=? sprint=LAUNCH-STABILIZE
[2026-04-13T04:06:27Z] TOOL=Edit step=? sprint=LAUNCH-STABILIZE
[2026-04-13T04:06:44Z] TOOL=Edit step=? sprint=LAUNCH-STABILIZE
[2026-04-13T04:06:54Z] TOOL=Edit step=? sprint=LAUNCH-STABILIZE
[2026-04-13T04:07:04Z] TOOL=Edit step=? sprint=LAUNCH-STABILIZE
[2026-04-13T04:07:28Z] TOOL=Edit step=? sprint=LAUNCH-STABILIZE
[2026-04-13T04:07:36Z] TOOL=Edit step=? sprint=LAUNCH-STABILIZE
[2026-04-13T15:55:28Z] TOOL=Bash step=? sprint=LAUNCH-STABILIZE
[2026-04-13T15:55:29Z] TOOL=Bash step=? sprint=LAUNCH-STABILIZE
[2026-04-13T15:55:36Z] TOOL=Bash step=? sprint=LAUNCH-STABILIZE
[2026-04-13T16:01:04Z] TOOL=Write step=? sprint=LAUNCH-STABILIZE
[2026-04-13T16:01:09Z] TOOL=Bash step=? sprint=LAUNCH-STABILIZE
[2026-04-13T16:01:37Z] TOOL=Agent step=? sprint=LAUNCH-STABILIZE
[2026-04-13T16:01:41Z] TOOL=Bash step=? sprint=LAUNCH-STABILIZE
[2026-04-13T16:01:42Z] TOOL=Bash step=? sprint=LAUNCH-STABILIZE
[2026-04-13T16:01:42Z] TOOL=Bash step=? sprint=LAUNCH-STABILIZE
[2026-04-13T16:01:49Z] TOOL=Bash step=? sprint=LAUNCH-STABILIZE
[2026-04-13T16:01:57Z] TOOL=Bash step=? sprint=LAUNCH-STABILIZE
[2026-04-13T16:02:03Z] TOOL=Bash step=? sprint=LAUNCH-STABILIZE
[2026-04-13T16:02:08Z] TOOL=Bash step=? sprint=LAUNCH-STABILIZE
[2026-04-13T16:02:20Z] TOOL=Bash step=? sprint=LAUNCH-STABILIZE
[2026-04-13T16:02:37Z] TOOL=Bash step=? sprint=LAUNCH-STABILIZE
[2026-04-13T16:02:44Z] TOOL=Bash step=? sprint=LAUNCH-STABILIZE
[2026-04-13T16:02:58Z] TOOL=Edit step=? sprint=LAUNCH-STABILIZE
[2026-04-13T16:03:06Z] TOOL=Edit step=? sprint=LAUNCH-STABILIZE
[2026-04-13T16:04:32Z] PRE-COMMIT role=orchestrator sprint=LAUNCH-STABILIZE result=BLOCKED detail="Watchdog gate: Ack is 1184 minutes old (max 60). Re-acknowledge."
[2026-04-13T16:06:42Z] PRE-COMMIT role=governance sprint=LAUNCH-STABILIZE result=BLOCKED detail="Governance file 'sprints.json' staged by role 'governance'. Only orchestrator may modify."
[2026-04-13T16:08:00Z] PRE-COMMIT role=orchestrator sprint=LAUNCH-STABILIZE result=PASS detail="All 7 gates passed"
