[POST] https://dev.huminicdev.com/api/auth/refresh => [400] 
[POST] https://dev.huminicdev.com/api/auth/login => [200] 
[GET] https://dev.huminicdev.com/api/activity-log?limit=8 => [200] 
[GET] https://dev.huminicdev.com/api/conversations => [200] 
[GET] https://dev.huminicdev.com/api/conversations?channel=ai-chat => [200] 
[GET] https://dev.huminicdev.com/api/agents?department=sales => [200] 
[GET] https://dev.huminicdev.com/api/agents?department=service => [200] 
[GET] https://dev.huminicdev.com/api/agents?department=marketing => [200] 
[GET] https://dev.huminicdev.com/api/metrics/pipeline => [200] 
[GET] https://dev.huminicdev.com/api/conversations?channel=ai-chat => [200] 
[GET] https://dev.huminicdev.com/api/agents => [200] 
[GET] https://dev.huminicdev.com/api/organizations/24d64f99-ba04-4b43-af35-fd06f555ac86 => [200] 
[GET] https://dev.huminicdev.com/api/notifications => [200] 
[GET] https://dev.huminicdev.com/api/notifications/unread-count => [200] 
[GET] https://dev.huminicdev.com/api/favorites => [200] 
[GET] https://dev.huminicdev.com/api/conversations => [200] 
[GET] https://dev.huminicdev.com/api/conversations?channel=ai-chat => [200] 
[GET] https://dev.huminicdev.com/api/agents?department=sales => [200] 
[GET] https://dev.huminicdev.com/api/agents?department=service => [200] 
[GET] https://dev.huminicdev.com/api/agents?department=marketing => [200] 
[GET] https://dev.huminicdev.com/api/metrics/pipeline => [200] 
[GET] https://dev.huminicdev.com/api/conversations/7b8a6f9a-03a0-4250-b349-cf1c1d2da673/messages => [200] 