[2026-04-07T18:06:30Z] agent-launch | role=frontend | task="Fix BUG-TB03-03 and BUG-TB03-04 in teambox.tsx" | scope=client/src/pages/teambox.tsx
[2026-04-07T18:06:45Z] TOOL=Edit step=1 sprint=SNP-PE3-TB-01
[2026-04-07T18:06:53Z] TOOL=Bash step=1 sprint=SNP-PE3-TB-01
[2026-04-07T18:07:05Z] TOOL=Bash step=1 sprint=SNP-PE3-TB-01
[2026-04-07T18:07:23Z] TOOL=Bash step=1 sprint=SNP-PE3-TB-01
[2026-04-07T18:07:33Z] TOOL=Bash step=1 sprint=SNP-PE3-TB-01
[2026-04-07T18:08:20Z] TOOL=Write step=1 sprint=SNP-PE3-TB-01
[2026-04-07T18:09:34Z] TOOL=Agent step=1 sprint=SNP-PE3-TB-01
[2026-04-07T18:09:38Z] TOOL=Bash step=1 sprint=SNP-PE3-TB-01
[2026-04-07T18:09:56Z] TOOL=Bash step=1 sprint=SNP-PE3-TB-01
[2026-04-07T18:10:00Z] TOOL=Bash step=1 sprint=SNP-PE3-TB-01
[2026-04-07T18:10:03Z] TOOL=Bash step=1 sprint=SNP-PE3-TB-01
[2026-04-07T18:12:22Z] TOOL=Bash step=1 sprint=SNP-PE3-TB-01
[2026-04-07T18:12:43Z] TOOL=Write step=1 sprint=SNP-PE3-TB-01
[2026-04-07T18:12:47Z] TOOL=Bash step=1 sprint=SNP-PE3-TB-01
[2026-04-07T18:13:21Z] TOOL=Write step=1 sprint=SNP-PE3-TB-01
[2026-04-07T18:13:29Z] TOOL=Write step=1 sprint=SNP-PE3-TB-01
[2026-04-07T18:13:38Z] TOOL=Write step=1 sprint=SNP-PE3-TB-01
[2026-04-07T18:13:42Z] TOOL=Bash step=1 sprint=SNP-PE3-TB-01
[2026-04-07T18:13:47Z] TOOL=Bash step=1 sprint=SNP-PE3-TB-01
[2026-04-07T18:13:56Z] TOOL=Bash step=1 sprint=SNP-PE3-TB-01
[2026-04-07T18:14:06Z] TOOL=Bash step=1 sprint=SNP-PE3-TB-01
[2026-04-07T18:15:48Z] PRE-COMMIT role=orchestrator sprint=SNP-PE3-TB-01 result=BLOCKED detail="Pre-execution report not found: evidence/SNP-PE3-TB-01/pre-execution-report.md"
[2026-04-07T18:16:24Z] PRE-COMMIT role=orchestrator sprint=SNP-PE3-TB-01 result=BLOCKED detail="Enforcer checklist not found: evidence/SNP-PE3-TB-01/enforcer-checklist.txt. Run: ./scripts/enforcer-checklist.sh SNP-PE3-TB-01"
[2026-04-07T18:17:05Z] PRE-COMMIT role=orchestrator sprint=SNP-PE3-TB-01 result=BLOCKED detail="Cross-sign not found: evidence/SNP-PE3-TB-01/cross-sign.md. A different role must review and create it."
[2026-04-07T18:17:32Z] PRE-COMMIT role=orchestrator sprint=SNP-PE3-TB-01 result=BLOCKED detail="Cross-sign implementing role (**orchestrator) does not match COMMIT_ROLE (orchestrator)."
[2026-04-07T18:18:14Z] PRE-COMMIT role=orchestrator sprint=SNP-PE3-TB-01 result=BLOCKED detail="Staged files outside orchestrator scope."
[2026-04-07T18:19:16Z] PRE-COMMIT role=orchestrator sprint=SNP-PE3-TB-01 result=PASS detail="All 7 gates passed"
