[2026-04-01T07:06:44Z] CAPTAIN TOOL=Bash step=4 sprint=T-010a
[2026-04-01T07:06:50Z] CAPTAIN TOOL=Bash step=4 sprint=T-010a
[2026-04-01T07:06:56Z] CAPTAIN TOOL=Bash step=4 sprint=T-010a
[2026-04-01T07:07:00Z] CAPTAIN TOOL=Write step=4 sprint=T-010a
[2026-04-01T07:07:03Z] CAPTAIN TOOL=Bash step=4 sprint=T-010a
[2026-04-01T07:07:06Z] CAPTAIN TOOL=Bash step=4 sprint=T-010a
[2026-04-01T07:07:11Z] CAPTAIN TOOL=Bash step=4 sprint=T-010a
[2026-04-01T07:07:11Z] CAPTAIN TOOL=Bash step=4 sprint=T-010a
[2026-04-01T07:07:46Z] CAPTAIN TOOL=Bash step=4 sprint=T-010a
[2026-04-01T07:09:01Z] CAPTAIN TOOL=Bash step=4 sprint=T-010a
[2026-04-01T07:09:17Z] CAPTAIN TOOL=Bash step=4 sprint=T-010a
[2026-04-01T07:09:41Z] CAPTAIN TOOL=Bash step=4 sprint=T-010a
[2026-04-01T07:10:07Z] CAPTAIN TOOL=Edit step=4 sprint=T-010a
[2026-04-01T07:10:24Z] CAPTAIN TOOL=Edit step=4 sprint=T-010a
[2026-04-01T07:10:37Z] CAPTAIN TOOL=Edit step=4 sprint=T-010a
[2026-04-01T07:10:52Z] CAPTAIN TOOL=Edit step=4 sprint=T-010a
[2026-04-01T07:10:59Z] CAPTAIN TOOL=Edit step=4 sprint=T-010a
[2026-04-01T07:11:34Z] CAPTAIN TOOL=Write step=4 sprint=T-010a
[2026-04-01T07:11:42Z] CAPTAIN TOOL=Bash step=4 sprint=T-010a
[2026-04-01T07:12:07Z] CAPTAIN TOOL=Write step=6 sprint=T-010a
[2026-04-01T07:12:25Z] CAPTAIN TOOL=Write step=6 sprint=T-010a
[2026-04-01T07:12:48Z] CAPTAIN TOOL=Write step=6 sprint=T-010a
[2026-04-01T07:18:27Z] CAPTAIN TOOL=Agent step=6 sprint=T-010a
[2026-04-01T07:18:32Z] CAPTAIN TOOL=Bash step=6 sprint=T-010a
[2026-04-01T07:18:32Z] CAPTAIN TOOL=Bash step=6 sprint=T-010a
[2026-04-01T07:18:40Z] CAPTAIN TOOL=Bash step=6 sprint=T-010a
[2026-04-01T07:18:56Z] CAPTAIN TOOL=Bash step=6 sprint=T-010a
[2026-04-01T07:19:27Z] CAPTAIN TOOL=Bash step=6 sprint=T-010a
[2026-04-01T07:19:31Z] CAPTAIN TOOL=Bash step=6 sprint=T-010a
[2026-04-01T07:19:38Z] CAPTAIN TOOL=Bash step=6 sprint=T-010a
[2026-04-01T07:19:44Z] CAPTAIN TOOL=Bash step=6 sprint=T-010a
[2026-04-01T07:19:51Z] CAPTAIN TOOL=Bash step=6 sprint=T-010a
[2026-04-01T07:19:56Z] CAPTAIN TOOL=Bash step=6 sprint=T-010a
[2026-04-01T07:20:54Z] CAPTAIN TOOL=Write step=6 sprint=T-010a
[2026-04-01T07:21:00Z] CAPTAIN TOOL=Bash step=6 sprint=T-010a
[2026-04-01T07:21:08Z] CAPTAIN TOOL=Bash step=? sprint=T-010a
[2026-04-01T07:21:12Z] CAPTAIN TOOL=Bash step=? sprint=T-010a
[2026-04-01T07:21:22Z] CAPTAIN TOOL=Write step=? sprint=T-010a
[2026-04-01T07:21:27Z] CAPTAIN TOOL=Bash step=? sprint=T-010a
[2026-04-01T07:21:42Z] CAPTAIN TOOL=Bash step=? sprint=T-010a
[2026-04-01T07:21:48Z] CAPTAIN TOOL=Bash step=? sprint=T-010a
[2026-04-01T07:21:53Z] CAPTAIN TOOL=Bash step=? sprint=T-010a
[2026-04-01T07:21:58Z] CAPTAIN TOOL=Bash step=? sprint=T-010a
[2026-04-01T07:22:03Z] CAPTAIN TOOL=Bash step=? sprint=T-010a
[2026-04-01T07:22:20Z] CAPTAIN TOOL=Bash step=? sprint=T-010a
[2026-04-01T07:22:28Z] CAPTAIN TOOL=Bash step=? sprint=T-010a
[2026-04-01T07:22:39Z] CAPTAIN TOOL=Bash step=? sprint=T-010a
[2026-04-01T07:22:50Z] PRE-COMMIT role=orchestrator sprint=T-010a result=BLOCKED detail="Watchdog gate: 1 violation(s) not addressed in ack."
[2026-04-01T07:23:05Z] CAPTAIN TOOL=Edit step=? sprint=T-010a
[2026-04-01T07:23:12Z] CAPTAIN TOOL=Edit step=? sprint=T-010a
[2026-04-01T07:23:18Z] CAPTAIN TOOL=Bash step=? sprint=T-010a
[2026-04-01T07:24:20Z] CAPTAIN TOOL=Bash step=? sprint=T-010a
[2026-04-01T07:24:42Z] CAPTAIN TOOL=Bash step=? sprint=T-010a
[2026-04-01T06:30:00Z] agent-launch | role=orchestrator | task="T-010a VIN Pipeline + Widget CORS + Code Fixes" | scope=server/index.ts,server/routes/public.ts,server/routes/webhooks.ts,issues.md,sprints.json,PLAN.md,evidence/T-010a/,evidence/watchdog-ack.txt
[2026-04-01T07:24:48Z] CAPTAIN TOOL=Bash step=? sprint=T-010a
[2026-04-01T07:25:29Z] CAPTAIN TOOL=Bash step=? sprint=T-010a
[2026-04-01T07:25:47Z] PRE-COMMIT role=orchestrator sprint=T-010a result=BLOCKED detail="No exit gate verdict found in evidence/T-010a/post-sprint-report.md. Run Ghost exit gate first."
[2026-04-01T07:25:58Z] CAPTAIN TOOL=Edit step=? sprint=T-010a
[2026-04-01T07:26:04Z] CAPTAIN TOOL=Bash step=? sprint=T-010a
[2026-04-01T07:26:15Z] PRE-COMMIT role=orchestrator sprint=T-010a result=BLOCKED detail="No exit gate verdict found in evidence/T-010a/post-sprint-report.md. Run Ghost exit gate first."
[2026-04-01T07:26:27Z] CAPTAIN TOOL=Edit step=? sprint=T-010a
[2026-04-01T07:26:35Z] CAPTAIN TOOL=Bash step=? sprint=T-010a
[2026-04-01T07:26:45Z] PRE-COMMIT role=orchestrator sprint=T-010a result=BLOCKED detail="Pre-exec and post-sprint written 202s apart (minimum 300s / 5 minutes). Write the pre-exec FIRST, do the work, THEN write the post-sprint."
[2026-04-01T07:26:57Z] CAPTAIN TOOL=Bash step=? sprint=T-010a
[2026-04-01T07:27:06Z] CAPTAIN TOOL=Bash step=? sprint=T-010a
[2026-04-01T07:29:06Z] CAPTAIN TOOL=Edit step=? sprint=T-010a
[2026-04-01T07:29:12Z] CAPTAIN TOOL=Bash step=? sprint=T-010a
[2026-04-01T07:29:20Z] CAPTAIN TOOL=Bash step=? sprint=T-010a
[2026-04-01T07:29:37Z] PRE-COMMIT role=orchestrator sprint=T-010a result=PASS detail="All 7 gates passed"
[2026-04-01T07:29:46Z] CAPTAIN TOOL=Bash step=? sprint=T-010a
