[2026-04-03T13:30:00Z] agent-launch role=builder sprint=LV-001a scope=server/routes/webhooks.ts,issues.md
[2026-04-03T15:16:15Z] PRE-COMMIT role=orchestrator sprint=LV-001a result=PASS detail="All 7 gates passed"
[2026-04-03T17:17:56Z] TOOL= step=0 sprint=LV-001a
[2026-04-03T17:17:57Z] TOOL= step=0 sprint=LV-001a
[2026-04-03T17:18:01Z] TOOL= step=0 sprint=LV-001a
[2026-04-03T17:24:08Z] TOOL= step=0 sprint=LV-001a
[2026-04-03T17:24:21Z] TOOL= step=0 sprint=LV-001a
[2026-04-03T17:24:23Z] TOOL= step=0 sprint=LV-001a
[2026-04-03T17:24:31Z] TOOL= step=0 sprint=LV-001a
[2026-04-03T17:24:40Z] TOOL= step=0 sprint=LV-001a
[2026-04-03T17:28:42Z] TOOL= step=0 sprint=LV-001a
[2026-04-03T17:29:06Z] TOOL= step=0 sprint=LV-001a
[2026-04-03T17:30:22Z] TOOL= step=0 sprint=LV-001a
[2026-04-03T17:30:30Z] TOOL= step=0 sprint=LV-001a
[2026-04-03T17:30:34Z] TOOL= step=0 sprint=LV-001a
[2026-04-03T17:42:52Z] TOOL= step=0 sprint=LV-001a
[2026-04-03T17:43:00Z] TOOL= step=0 sprint=LV-001a
[2026-04-03T17:43:01Z] TOOL= step=0 sprint=LV-001a
[2026-04-03T18:06:12Z] TOOL= step=0 sprint=LV-001a
[2026-04-03T18:06:17Z] TOOL= step=0 sprint=LV-001a
[2026-04-03T18:06:20Z] TOOL= step=0 sprint=LV-001a
[2026-04-03T18:06:29Z] TOOL= step=0 sprint=LV-001a
[2026-04-03T18:06:34Z] TOOL= step=0 sprint=LV-001a
[2026-04-03T18:17:22Z] TOOL= step=0 sprint=LV-001a
[2026-04-03T18:17:25Z] TOOL= step=0 sprint=LV-001a
[2026-04-03T18:17:25Z] TOOL= step=0 sprint=LV-001a
[2026-04-03T18:17:34Z] TOOL= step=0 sprint=LV-001a
[2026-04-03T18:18:42Z] TOOL= step=0 sprint=LV-001a
[2026-04-03T18:19:09Z] TOOL= step=0 sprint=LV-001a
[2026-04-03T18:19:18Z] TOOL= step=0 sprint=LV-001a
[2026-04-03T18:19:37Z] TOOL= step=0 sprint=LV-001a
[2026-04-03T18:19:49Z] TOOL= step=0 sprint=LV-001a
[2026-04-03T18:20:04Z] TOOL= step=0 sprint=LV-001a
[2026-04-03T18:20:49Z] TOOL= step=0 sprint=LV-001a
[2026-04-03T18:20:51Z] TOOL= step=0 sprint=LV-001a
[2026-04-03T18:20:52Z] TOOL= step=0 sprint=LV-001a
[2026-04-03T18:20:57Z] TOOL= step=0 sprint=LV-001a
[2026-04-03T18:21:00Z] TOOL= step=0 sprint=LV-001a
[2026-04-03T18:21:05Z] TOOL= step=0 sprint=LV-001a
[2026-04-03T18:21:32Z] TOOL= step=0 sprint=LV-001a
[2026-04-03T18:21:32Z] TOOL= step=0 sprint=LV-001a
[2026-04-03T18:21:36Z] TOOL= step=0 sprint=LV-001a
[2026-04-03T18:21:41Z] TOOL= step=0 sprint=LV-001a
[2026-04-03T18:21:43Z] TOOL= step=0 sprint=LV-001a
[2026-04-03T18:22:01Z] TOOL= step=0 sprint=LV-001a
[2026-04-03T18:22:10Z] TOOL= step=0 sprint=LV-001a
[2026-04-03T18:22:14Z] TOOL= step=0 sprint=LV-001a
[2026-04-03T18:22:44Z] TOOL= step=0 sprint=LV-001a
[2026-04-03T18:22:50Z] TOOL= step=0 sprint=LV-001a
[2026-04-03T18:22:50Z] TOOL= step=0 sprint=LV-001a
[2026-04-03T18:22:55Z] TOOL= step=0 sprint=LV-001a
[2026-04-03T18:22:59Z] TOOL= step=0 sprint=LV-001a
[2026-04-03T18:23:02Z] TOOL= step=0 sprint=LV-001a
[2026-04-03T18:23:07Z] TOOL= step=0 sprint=LV-001a
[2026-04-03T18:23:09Z] TOOL= step=0 sprint=LV-001a
[2026-04-03T18:23:14Z] TOOL= step=0 sprint=LV-001a
[2026-04-03T18:24:16Z] TOOL= step=0 sprint=LV-001a
[2026-04-03T18:24:20Z] TOOL= step=0 sprint=LV-001a
[2026-04-03T18:24:21Z] TOOL= step=0 sprint=LV-001a
[2026-04-03T18:24:56Z] TOOL= step=0 sprint=LV-001a
[2026-04-03T18:25:02Z] TOOL= step=0 sprint=LV-001a
[2026-04-03T18:33:57Z] TOOL= step=0 sprint=LV-001a
[2026-04-03T18:34:02Z] TOOL= step=0 sprint=LV-001a
[2026-04-03T18:34:08Z] TOOL= step=0 sprint=LV-001a
[2026-04-03T18:34:15Z] TOOL= step=0 sprint=LV-001a
[2026-04-03T18:44:59Z] TOOL= step=0 sprint=LV-001a
[2026-04-03T18:45:03Z] TOOL= step=0 sprint=LV-001a
[2026-04-03T18:45:08Z] TOOL= step=0 sprint=LV-001a
[2026-04-03T18:45:17Z] TOOL= step=0 sprint=LV-001a
[2026-04-03T18:45:26Z] TOOL= step=0 sprint=LV-001a
[2026-04-03T18:45:32Z] TOOL= step=0 sprint=LV-001a
[2026-04-03T20:02:54Z] TOOL= step=0 sprint=LV-001a
[2026-04-03T20:02:56Z] TOOL= step=0 sprint=LV-001a
[2026-04-03T22:16:22Z] TOOL= step=0 sprint=LV-001a
[2026-04-03T22:16:27Z] TOOL= step=0 sprint=LV-001a
[2026-04-03T22:16:28Z] TOOL= step=0 sprint=LV-001a
[2026-04-03T22:17:52Z] TOOL= step=0 sprint=LV-001a
[2026-04-03T22:17:59Z] TOOL= step=0 sprint=LV-001a
[2026-04-03T22:18:27Z] TOOL= step=0 sprint=LV-001a
[2026-04-03T22:18:31Z] TOOL= step=0 sprint=LV-001a
[2026-04-03T22:18:34Z] TOOL= step=0 sprint=LV-001a
[2026-04-03T22:18:35Z] TOOL= step=0 sprint=LV-001a
[2026-04-03T22:18:38Z] TOOL= step=0 sprint=LV-001a
[2026-04-03T22:19:03Z] TOOL= step=0 sprint=LV-001a
[2026-04-03T22:53:01Z] TOOL= step=0 sprint=LV-001a
[2026-04-03T22:53:27Z] TOOL= step=0 sprint=LV-001a
[2026-04-03T22:53:32Z] TOOL= step=0 sprint=LV-001a
[2026-04-03T23:04:48Z] TOOL= step=0 sprint=LV-001a
[2026-04-03T23:17:19Z] TOOL= step=0 sprint=LV-001a
[2026-04-03T23:17:25Z] TOOL= step=0 sprint=LV-001a
[2026-04-03T23:17:40Z] TOOL= step=0 sprint=LV-001a
[2026-04-03T23:17:41Z] TOOL= step=0 sprint=LV-001a
[2026-04-03T23:17:42Z] TOOL= step=0 sprint=LV-001a
[2026-04-03T23:17:42Z] TOOL= step=0 sprint=LV-001a
[2026-04-03T23:17:48Z] TOOL= step=0 sprint=LV-001a
[2026-04-03T23:17:49Z] TOOL= step=0 sprint=LV-001a
[2026-04-03T23:17:53Z] TOOL= step=0 sprint=LV-001a
[2026-04-03T23:17:55Z] TOOL= step=0 sprint=LV-001a
[2026-04-03T23:17:55Z] TOOL= step=0 sprint=LV-001a
[2026-04-03T23:17:56Z] TOOL= step=0 sprint=LV-001a
[2026-04-04T01:07:11Z] TOOL= step=0 sprint=LV-001a
[2026-04-04T01:09:27Z] TOOL= step=0 sprint=LV-001a
[2026-04-04T01:09:34Z] TOOL= step=0 sprint=LV-001a
[2026-04-04T01:09:56Z] TOOL= step=0 sprint=LV-001a
[2026-04-04T01:13:30Z] TOOL= step=0 sprint=LV-001a
[2026-04-04T01:13:39Z] TOOL= step=0 sprint=LV-001a
[2026-04-04T01:13:46Z] TOOL= step=0 sprint=LV-001a
[2026-04-04T01:13:55Z] TOOL= step=0 sprint=LV-001a
[2026-04-04T01:14:02Z] TOOL= step=0 sprint=LV-001a
[2026-04-04T01:14:37Z] TOOL= step=0 sprint=LV-001a
[2026-04-04T01:14:44Z] TOOL= step=0 sprint=LV-001a
[2026-04-04T01:14:49Z] TOOL= step=0 sprint=LV-001a
[2026-04-04T01:15:05Z] TOOL= step=0 sprint=LV-001a
[2026-04-04T01:41:45Z] TOOL= step=0 sprint=LV-001a
[2026-04-04T01:41:50Z] TOOL= step=0 sprint=LV-001a
[2026-04-04T01:41:54Z] TOOL= step=0 sprint=LV-001a
[2026-04-04T01:52:11Z] TOOL= step=0 sprint=LV-001a
[2026-04-04T01:52:21Z] TOOL= step=0 sprint=LV-001a
[2026-04-04T01:52:31Z] TOOL= step=0 sprint=LV-001a
[2026-04-04T01:52:40Z] TOOL= step=0 sprint=LV-001a
[2026-04-04T01:53:32Z] TOOL= step=0 sprint=LV-001a
[2026-04-04T01:53:47Z] TOOL= step=0 sprint=LV-001a
[2026-04-04T01:54:41Z] TOOL= step=0 sprint=LV-001a
[2026-04-04T01:54:46Z] TOOL= step=0 sprint=LV-001a
[2026-04-04T01:54:54Z] TOOL= step=0 sprint=LV-001a
[2026-04-04T01:55:00Z] TOOL= step=0 sprint=LV-001a
[2026-04-04T01:55:05Z] TOOL= step=0 sprint=LV-001a
[2026-04-04T01:55:07Z] TOOL= step=0 sprint=LV-001a
[2026-04-04T01:55:12Z] TOOL= step=0 sprint=LV-001a
[2026-04-04T01:56:47Z] TOOL= step=0 sprint=LV-001a
[2026-04-04T01:56:52Z] TOOL= step=0 sprint=LV-001a
[2026-04-04T01:56:53Z] TOOL= step=0 sprint=LV-001a
[2026-04-04T01:57:12Z] TOOL= step=0 sprint=LV-001a
[2026-04-04T01:57:23Z] TOOL= step=0 sprint=LV-001a
[2026-04-04T01:58:15Z] TOOL= step=0 sprint=LV-001a
[2026-04-04T01:58:21Z] TOOL= step=0 sprint=LV-001a
[2026-04-04T01:58:25Z] TOOL= step=0 sprint=LV-001a
[2026-04-04T02:01:59Z] TOOL= step=0 sprint=LV-001a
[2026-04-04T02:02:08Z] TOOL= step=0 sprint=LV-001a
[2026-04-04T02:02:13Z] TOOL= step=0 sprint=LV-001a
[2026-04-04T02:07:46Z] TOOL= step=0 sprint=LV-001a
[2026-04-04T02:07:51Z] TOOL= step=0 sprint=LV-001a
[2026-04-04T02:07:53Z] TOOL= step=0 sprint=LV-001a
[2026-04-04T02:07:54Z] TOOL= step=0 sprint=LV-001a
[2026-04-04T02:08:19Z] TOOL= step=0 sprint=LV-001a
[2026-04-04T02:08:22Z] TOOL= step=0 sprint=LV-001a
[2026-04-04T02:08:28Z] TOOL= step=0 sprint=LV-001a
[2026-04-04T02:08:32Z] TOOL= step=0 sprint=LV-001a
[2026-04-04T02:08:33Z] TOOL= step=0 sprint=LV-001a
[2026-04-04T02:08:44Z] TOOL= step=0 sprint=LV-001a
[2026-04-04T02:08:45Z] TOOL= step=0 sprint=LV-001a
[2026-04-04T02:09:49Z] TOOL= step=0 sprint=LV-001a
[2026-04-04T02:14:56Z] TOOL= step=0 sprint=LV-001a
[2026-04-04T02:15:02Z] TOOL= step=0 sprint=LV-001a
[2026-04-04T02:15:21Z] TOOL= step=0 sprint=LV-001a
[2026-04-04T02:15:29Z] TOOL= step=0 sprint=LV-001a
[2026-04-04T02:15:49Z] TOOL= step=0 sprint=LV-001a
[2026-04-04T02:15:54Z] TOOL= step=0 sprint=LV-001a
[2026-04-04T02:16:03Z] TOOL= step=0 sprint=LV-001a
[2026-04-04T02:31:53Z] TOOL= step=0 sprint=LV-001a
[2026-04-04T02:34:24Z] TOOL= step=0 sprint=LV-001a
[2026-04-04T02:34:34Z] TOOL= step=0 sprint=LV-001a
[2026-04-04T02:40:57Z] TOOL= step=0 sprint=LV-001a
[2026-04-04T02:47:10Z] TOOL= step=0 sprint=LV-001a
[2026-04-04T02:53:52Z] TOOL= step=0 sprint=LV-001a
[2026-04-04T02:54:03Z] TOOL= step=0 sprint=LV-001a
[2026-04-04T03:00:23Z] TOOL= step=0 sprint=LV-001a
[2026-04-04T03:01:03Z] TOOL= step=0 sprint=LV-001a
[2026-04-04T03:09:36Z] TOOL= step=0 sprint=LV-001a
[2026-04-04T03:12:02Z] TOOL= step=0 sprint=LV-001a
[2026-04-04T03:12:08Z] TOOL= step=0 sprint=LV-001a
[2026-04-04T03:12:22Z] TOOL= step=0 sprint=LV-001a
[2026-04-04T03:13:51Z] TOOL= step=0 sprint=LV-001a
[2026-04-04T09:03:07Z] TOOL= step=0 sprint=LV-001a
[2026-04-04T09:03:09Z] TOOL= step=0 sprint=LV-001a
[2026-04-04T09:03:14Z] TOOL= step=0 sprint=LV-001a
[2026-04-04T09:03:22Z] TOOL= step=0 sprint=LV-001a
[2026-04-04T09:03:22Z] TOOL= step=0 sprint=LV-001a
[2026-04-04T09:03:29Z] TOOL= step=0 sprint=LV-001a
[2026-04-04T09:03:30Z] TOOL= step=0 sprint=LV-001a
[2026-04-04T09:03:32Z] TOOL= step=0 sprint=LV-001a
[2026-04-04T09:03:33Z] TOOL= step=0 sprint=LV-001a
[2026-04-04T09:03:34Z] TOOL= step=0 sprint=LV-001a
[2026-04-04T09:03:38Z] TOOL= step=0 sprint=LV-001a
[2026-04-04T09:03:45Z] TOOL= step=0 sprint=LV-001a
[2026-04-04T09:03:47Z] TOOL= step=0 sprint=LV-001a
[2026-04-04T09:03:54Z] TOOL= step=0 sprint=LV-001a
[2026-04-04T09:03:58Z] TOOL= step=0 sprint=LV-001a
[2026-04-04T09:03:59Z] TOOL= step=0 sprint=LV-001a
[2026-04-04T09:04:02Z] TOOL= step=0 sprint=LV-001a
[2026-04-04T09:04:08Z] TOOL= step=0 sprint=LV-001a
[2026-04-04T09:04:16Z] TOOL= step=0 sprint=LV-001a
[2026-04-04T09:04:18Z] TOOL= step=0 sprint=LV-001a
[2026-04-04T09:04:23Z] TOOL= step=0 sprint=LV-001a
[2026-04-04T09:04:25Z] TOOL= step=0 sprint=LV-001a
[2026-04-04T09:04:25Z] TOOL= step=0 sprint=LV-001a
[2026-04-04T09:04:31Z] TOOL= step=0 sprint=LV-001a
[2026-04-04T09:04:37Z] TOOL= step=0 sprint=LV-001a
[2026-04-04T09:04:48Z] TOOL= step=0 sprint=LV-001a
[2026-04-04T09:04:49Z] TOOL= step=0 sprint=LV-001a
[2026-04-04T09:04:51Z] TOOL= step=0 sprint=LV-001a
[2026-04-04T09:04:55Z] TOOL= step=0 sprint=LV-001a
[2026-04-04T09:05:03Z] TOOL= step=0 sprint=LV-001a
[2026-04-04T09:06:41Z] TOOL= step=0 sprint=LV-001a
[2026-04-04T09:07:10Z] TOOL= step=0 sprint=LV-001a
[2026-04-04T09:07:21Z] TOOL= step=0 sprint=LV-001a
[2026-04-04T09:07:27Z] TOOL= step=0 sprint=LV-001a
[2026-04-04T09:07:30Z] TOOL= step=0 sprint=LV-001a
[2026-04-04T09:07:33Z] TOOL= step=0 sprint=LV-001a
[2026-04-04T17:39:38Z] TOOL= step=0 sprint=LV-001a
[2026-04-04T17:39:42Z] TOOL= step=0 sprint=LV-001a
[2026-04-04T17:39:52Z] TOOL= step=0 sprint=LV-001a
[2026-04-04T17:39:58Z] TOOL= step=0 sprint=LV-001a
[2026-04-04T17:53:46Z] TOOL= step=0 sprint=LV-001a
[2026-04-04T17:53:51Z] TOOL= step=0 sprint=LV-001a
[2026-04-04T17:54:14Z] TOOL= step=0 sprint=LV-001a
[2026-04-04T17:54:35Z] TOOL= step=0 sprint=LV-001a
[2026-04-04T17:55:06Z] TOOL= step=0 sprint=LV-001a
[2026-04-04T17:59:58Z] TOOL= step=0 sprint=LV-001a
[2026-04-04T18:01:52Z] TOOL= step=0 sprint=LV-001a
[2026-04-04T18:02:18Z] TOOL= step=0 sprint=LV-001a
[2026-04-04T18:02:37Z] TOOL= step=0 sprint=LV-001a
[2026-04-04T18:03:05Z] TOOL= step=0 sprint=LV-001a
[2026-04-04T18:03:28Z] TOOL= step=0 sprint=LV-001a
[2026-04-04T18:03:49Z] TOOL= step=0 sprint=LV-001a
[2026-04-04T18:04:19Z] TOOL= step=0 sprint=LV-001a
[2026-04-04T18:05:15Z] TOOL= step=0 sprint=LV-001a
[2026-04-04T18:27:29Z] TOOL= step=0 sprint=LV-001a
[2026-04-04T18:27:32Z] TOOL= step=0 sprint=LV-001a
[2026-04-04T18:27:45Z] TOOL= step=0 sprint=LV-001a
[2026-04-04T18:28:20Z] TOOL= step=0 sprint=LV-001a
[2026-04-04T18:28:21Z] TOOL= step=0 sprint=LV-001a
[2026-04-04T18:28:25Z] TOOL= step=0 sprint=LV-001a
[2026-04-04T18:28:27Z] TOOL= step=0 sprint=LV-001a
[2026-04-04T18:28:30Z] TOOL= step=0 sprint=LV-001a
[2026-04-04T18:28:52Z] TOOL= step=0 sprint=LV-001a
[2026-04-04T18:29:01Z] TOOL= step=0 sprint=LV-001a
[2026-04-04T18:29:08Z] TOOL= step=0 sprint=LV-001a
[2026-04-04T18:29:09Z] TOOL= step=0 sprint=LV-001a
[2026-04-04T18:29:10Z] TOOL= step=0 sprint=LV-001a
[2026-04-04T18:29:12Z] TOOL= step=0 sprint=LV-001a
[2026-04-04T18:29:16Z] TOOL= step=0 sprint=LV-001a
[2026-04-04T18:29:16Z] TOOL= step=0 sprint=LV-001a
[2026-04-04T18:29:17Z] TOOL= step=0 sprint=LV-001a
[2026-04-04T18:29:21Z] TOOL= step=0 sprint=LV-001a
[2026-04-04T18:29:22Z] TOOL= step=0 sprint=LV-001a
[2026-04-04T18:29:22Z] TOOL= step=0 sprint=LV-001a
[2026-04-04T18:29:29Z] TOOL= step=0 sprint=LV-001a
[2026-04-04T18:29:32Z] TOOL= step=0 sprint=LV-001a
[2026-04-04T18:29:40Z] TOOL= step=0 sprint=LV-001a
[2026-04-04T18:29:48Z] TOOL= step=0 sprint=LV-001a
[2026-04-04T18:29:52Z] TOOL= step=0 sprint=LV-001a
[2026-04-04T18:29:58Z] TOOL= step=0 sprint=LV-001a
[2026-04-04T18:30:14Z] TOOL= step=0 sprint=LV-001a
[2026-04-04T18:30:18Z] TOOL= step=0 sprint=LV-001a
[2026-04-04T18:30:31Z] TOOL= step=0 sprint=LV-001a
[2026-04-04T18:30:35Z] TOOL= step=0 sprint=LV-001a
[2026-04-04T18:30:42Z] TOOL= step=0 sprint=LV-001a
[2026-04-04T18:30:46Z] TOOL= step=0 sprint=LV-001a
[2026-04-04T19:34:46Z] TOOL= step=0 sprint=LV-001a
[2026-04-04T19:34:50Z] TOOL= step=0 sprint=LV-001a
[2026-04-04T19:35:00Z] TOOL= step=0 sprint=LV-001a
[2026-04-04T19:38:45Z] TOOL= step=0 sprint=LV-001a
[2026-04-04T19:42:10Z] TOOL= step=0 sprint=LV-001a
[2026-04-04T19:45:58Z] TOOL= step=0 sprint=LV-001a
[2026-04-04T19:46:13Z] TOOL= step=0 sprint=LV-001a
[2026-04-04T19:49:46Z] TOOL= step=0 sprint=LV-001a
[2026-04-04T19:49:51Z] TOOL= step=0 sprint=LV-001a
[2026-04-04T19:50:06Z] TOOL= step=0 sprint=LV-001a
[2026-04-04T19:50:12Z] TOOL= step=0 sprint=LV-001a
[2026-04-04T19:50:16Z] TOOL= step=0 sprint=LV-001a
[2026-04-04T19:50:20Z] TOOL= step=0 sprint=LV-001a
[2026-04-04T19:50:26Z] TOOL= step=0 sprint=LV-001a
[2026-04-04T19:50:41Z] TOOL= step=0 sprint=LV-001a
[2026-04-04T19:51:01Z] TOOL= step=0 sprint=LV-001a
[2026-04-04T19:52:02Z] TOOL= step=0 sprint=LV-001a
[2026-04-04T20:11:37Z] TOOL= step=0 sprint=LV-001a
[2026-04-04T20:11:47Z] TOOL= step=0 sprint=LV-001a
[2026-04-04T20:12:01Z] TOOL= step=0 sprint=LV-001a
[2026-04-04T20:12:07Z] TOOL= step=0 sprint=LV-001a
[2026-04-04T20:12:16Z] TOOL= step=0 sprint=LV-001a
[2026-04-04T20:12:21Z] TOOL= step=0 sprint=LV-001a
[2026-04-04T20:12:22Z] TOOL= step=0 sprint=LV-001a
[2026-04-04T20:12:27Z] TOOL= step=0 sprint=LV-001a
[2026-04-04T20:12:32Z] TOOL= step=0 sprint=LV-001a
[2026-04-04T20:12:33Z] TOOL= step=0 sprint=LV-001a
[2026-04-04T20:12:33Z] TOOL= step=0 sprint=LV-001a
[2026-04-04T20:12:34Z] TOOL= step=0 sprint=LV-001a
[2026-04-04T20:12:39Z] TOOL= step=0 sprint=LV-001a
[2026-04-04T20:12:45Z] TOOL= step=0 sprint=LV-001a
[2026-04-04T20:12:45Z] TOOL= step=0 sprint=LV-001a
[2026-04-04T20:12:49Z] TOOL= step=0 sprint=LV-001a
[2026-04-04T20:12:53Z] TOOL= step=0 sprint=LV-001a
[2026-04-04T20:12:54Z] TOOL= step=0 sprint=LV-001a
[2026-04-04T20:12:55Z] TOOL= step=0 sprint=LV-001a
[2026-04-04T20:12:55Z] TOOL= step=0 sprint=LV-001a
[2026-04-04T20:12:56Z] TOOL= step=0 sprint=LV-001a
[2026-04-04T20:13:00Z] TOOL= step=0 sprint=LV-001a
[2026-04-04T20:13:02Z] TOOL= step=0 sprint=LV-001a
[2026-04-04T20:13:03Z] TOOL= step=0 sprint=LV-001a
[2026-04-04T20:13:08Z] TOOL= step=0 sprint=LV-001a
[2026-04-04T20:13:10Z] TOOL= step=0 sprint=LV-001a
[2026-04-04T20:13:13Z] TOOL= step=0 sprint=LV-001a
[2026-04-04T20:13:15Z] TOOL= step=0 sprint=LV-001a
[2026-04-04T20:13:27Z] TOOL= step=0 sprint=LV-001a
[2026-04-04T20:13:56Z] TOOL= step=0 sprint=LV-001a
[2026-04-04T20:14:16Z] TOOL= step=0 sprint=LV-001a
[2026-04-04T20:14:16Z] TOOL= step=0 sprint=LV-001a
[2026-04-04T20:14:22Z] TOOL= step=0 sprint=LV-001a
[2026-04-04T20:14:32Z] TOOL= step=0 sprint=LV-001a
[2026-04-04T20:14:40Z] TOOL= step=0 sprint=LV-001a
[2026-04-04T20:14:44Z] TOOL= step=0 sprint=LV-001a
[2026-04-04T20:14:46Z] TOOL= step=0 sprint=LV-001a
[2026-04-04T20:14:48Z] TOOL= step=0 sprint=LV-001a
[2026-04-04T20:14:54Z] TOOL= step=0 sprint=LV-001a
[2026-04-04T20:14:55Z] TOOL= step=0 sprint=LV-001a
[2026-04-04T20:14:58Z] TOOL= step=0 sprint=LV-001a
[2026-04-04T20:15:05Z] TOOL= step=0 sprint=LV-001a
[2026-04-04T20:15:23Z] TOOL= step=0 sprint=LV-001a
[2026-04-04T20:15:41Z] TOOL= step=0 sprint=LV-001a
[2026-04-04T20:15:50Z] TOOL= step=0 sprint=LV-001a
[2026-04-04T20:16:19Z] TOOL= step=0 sprint=LV-001a
[2026-04-04T20:16:31Z] TOOL= step=0 sprint=LV-001a
[2026-04-04T20:16:45Z] TOOL= step=0 sprint=LV-001a
[2026-04-04T20:18:03Z] TOOL= step=0 sprint=LV-001a
[2026-04-04T20:19:18Z] TOOL= step=0 sprint=LV-001a
[2026-04-04T22:28:32Z] TOOL= step=0 sprint=LV-001a
[2026-04-04T22:28:52Z] TOOL= step=0 sprint=LV-001a
[2026-04-04T22:28:54Z] TOOL= step=0 sprint=LV-001a
[2026-04-04T22:29:04Z] TOOL= step=0 sprint=LV-001a
[2026-04-05T01:38:23Z] TOOL= step=0 sprint=LV-001a
[2026-04-05T01:38:49Z] TOOL= step=0 sprint=LV-001a
[2026-04-05T01:38:55Z] TOOL= step=0 sprint=LV-001a
[2026-04-05T01:39:00Z] TOOL= step=0 sprint=LV-001a
[2026-04-05T01:39:04Z] TOOL= step=0 sprint=LV-001a
[2026-04-05T01:39:07Z] TOOL= step=0 sprint=LV-001a
[2026-04-05T01:39:11Z] TOOL= step=0 sprint=LV-001a
[2026-04-05T01:39:15Z] TOOL= step=0 sprint=LV-001a
[2026-04-05T01:39:18Z] TOOL= step=0 sprint=LV-001a
[2026-04-05T01:39:28Z] TOOL= step=0 sprint=LV-001a
[2026-04-05T01:39:34Z] TOOL= step=0 sprint=LV-001a
[2026-04-05T01:39:34Z] TOOL= step=0 sprint=LV-001a
[2026-04-05T01:39:35Z] TOOL= step=0 sprint=LV-001a
[2026-04-05T01:39:36Z] TOOL= step=0 sprint=LV-001a
[2026-04-05T01:39:40Z] TOOL= step=0 sprint=LV-001a
[2026-04-05T01:54:21Z] TOOL= step=0 sprint=LV-001a
[2026-04-05T01:54:25Z] TOOL= step=0 sprint=LV-001a
[2026-04-05T01:54:31Z] TOOL= step=0 sprint=LV-001a
[2026-04-05T01:54:36Z] TOOL= step=0 sprint=LV-001a
[2026-04-05T01:54:40Z] TOOL= step=0 sprint=LV-001a
[2026-04-05T01:54:45Z] TOOL= step=0 sprint=LV-001a
[2026-04-05T01:56:37Z] TOOL= step=0 sprint=LV-001a
[2026-04-05T01:56:41Z] TOOL= step=0 sprint=LV-001a
[2026-04-05T01:56:49Z] TOOL= step=0 sprint=LV-001a
[2026-04-05T01:56:57Z] TOOL= step=0 sprint=LV-001a
[2026-04-05T01:57:17Z] TOOL= step=0 sprint=LV-001a
[2026-04-05T01:57:22Z] TOOL= step=0 sprint=LV-001a
[2026-04-05T01:57:43Z] TOOL= step=0 sprint=LV-001a
[2026-04-05T01:57:47Z] TOOL= step=0 sprint=LV-001a
[2026-04-05T02:02:15Z] TOOL= step=0 sprint=LV-001a
[2026-04-05T02:06:38Z] TOOL= step=0 sprint=LV-001a
[2026-04-05T02:11:03Z] TOOL= step=0 sprint=LV-001a
[2026-04-05T02:15:26Z] TOOL= step=0 sprint=LV-001a
[2026-04-05T02:19:50Z] TOOL= step=0 sprint=LV-001a
[2026-04-05T02:24:01Z] TOOL= step=0 sprint=LV-001a
[2026-04-05T02:28:13Z] TOOL= step=0 sprint=LV-001a
[2026-04-05T02:32:43Z] TOOL= step=0 sprint=LV-001a
[2026-04-05T02:37:01Z] TOOL= step=0 sprint=LV-001a
[2026-04-05T02:41:28Z] TOOL= step=0 sprint=LV-001a
[2026-04-05T02:42:09Z] TOOL= step=0 sprint=LV-001a
[2026-04-05T02:42:40Z] TOOL= step=0 sprint=LV-001a
[2026-04-05T02:42:53Z] TOOL= step=0 sprint=LV-001a
[2026-04-05T02:43:27Z] TOOL= step=0 sprint=LV-001a
[2026-04-05T02:44:55Z] TOOL= step=0 sprint=LV-001a
[2026-04-05T02:45:02Z] TOOL= step=0 sprint=LV-001a
[2026-04-05T02:45:20Z] TOOL= step=0 sprint=LV-001a
[2026-04-05T02:45:25Z] TOOL= step=0 sprint=LV-001a
[2026-04-05T02:45:35Z] TOOL= step=0 sprint=LV-001a
[2026-04-05T02:45:38Z] TOOL= step=0 sprint=LV-001a
[2026-04-05T02:45:43Z] TOOL= step=0 sprint=LV-001a
[2026-04-05T02:45:46Z] TOOL= step=0 sprint=LV-001a
[2026-04-05T02:45:56Z] TOOL= step=0 sprint=LV-001a
[2026-04-05T02:47:25Z] TOOL= step=0 sprint=LV-001a
[2026-04-05T02:48:38Z] TOOL= step=0 sprint=LV-001a
[2026-04-05T02:49:01Z] TOOL= step=0 sprint=LV-001a
[2026-04-05T02:49:05Z] TOOL= step=0 sprint=LV-001a
[2026-04-05T02:49:11Z] TOOL= step=0 sprint=LV-001a
[2026-04-05T02:49:16Z] TOOL= step=0 sprint=LV-001a
[2026-04-05T02:49:21Z] TOOL= step=0 sprint=LV-001a
[2026-04-05T02:49:51Z] TOOL= step=0 sprint=LV-001a
[2026-04-05T02:49:56Z] TOOL= step=0 sprint=LV-001a
[2026-04-05T02:56:44Z] TOOL= step=0 sprint=LV-001a
[2026-04-05T03:03:31Z] TOOL= step=0 sprint=LV-001a
[2026-04-05T03:05:48Z] TOOL= step=0 sprint=LV-001a
[2026-04-05T03:12:35Z] TOOL= step=0 sprint=LV-001a
[2026-04-05T03:19:25Z] TOOL= step=0 sprint=LV-001a
[2026-04-05T03:19:59Z] TOOL= step=0 sprint=LV-001a
[2026-04-05T03:20:22Z] TOOL= step=0 sprint=LV-001a
[2026-04-05T03:21:19Z] TOOL= step=0 sprint=LV-001a
[2026-04-05T03:21:21Z] TOOL= step=0 sprint=LV-001a
[2026-04-05T03:21:23Z] TOOL= step=0 sprint=LV-001a
[2026-04-05T03:21:27Z] TOOL= step=0 sprint=LV-001a
[2026-04-05T03:21:30Z] TOOL= step=0 sprint=LV-001a
[2026-04-05T03:21:30Z] TOOL= step=0 sprint=LV-001a
[2026-04-05T03:21:31Z] TOOL= step=0 sprint=LV-001a
[2026-04-05T03:21:48Z] TOOL= step=0 sprint=LV-001a
[2026-04-05T03:21:53Z] TOOL= step=0 sprint=LV-001a
[2026-04-05T03:28:42Z] TOOL= step=0 sprint=LV-001a
[2026-04-05T03:35:31Z] TOOL= step=0 sprint=LV-001a
[2026-04-05T03:42:18Z] TOOL= step=0 sprint=LV-001a
[2026-04-05T03:49:06Z] TOOL= step=0 sprint=LV-001a
[2026-04-05T03:55:48Z] TOOL= step=0 sprint=LV-001a
[2026-04-05T03:55:52Z] TOOL= step=0 sprint=LV-001a
[2026-04-05T03:55:53Z] TOOL= step=0 sprint=LV-001a
[2026-04-05T03:55:53Z] TOOL= step=0 sprint=LV-001a
[2026-04-05T03:56:12Z] TOOL= step=0 sprint=LV-001a
[2026-04-05T03:56:15Z] TOOL= step=0 sprint=LV-001a
[2026-04-05T04:03:07Z] TOOL= step=0 sprint=LV-001a
[2026-04-05T04:09:56Z] TOOL= step=0 sprint=LV-001a
[2026-04-05T04:11:32Z] TOOL= step=0 sprint=LV-001a
[2026-04-05T04:11:39Z] TOOL= step=0 sprint=LV-001a
[2026-04-05T04:17:27Z] TOOL= step=0 sprint=LV-001a
[2026-04-05T04:17:33Z] TOOL= step=0 sprint=LV-001a
[2026-04-05T04:17:38Z] TOOL= step=0 sprint=LV-001a
[2026-04-05T04:17:42Z] TOOL= step=0 sprint=LV-001a
[2026-04-05T04:17:57Z] TOOL= step=0 sprint=LV-001a
[2026-04-05T04:18:02Z] TOOL= step=0 sprint=LV-001a
[2026-04-05T04:23:37Z] TOOL= step=0 sprint=LV-001a
[2026-04-05T04:23:37Z] TOOL= step=0 sprint=LV-001a
[2026-04-05T04:23:58Z] TOOL= step=0 sprint=LV-001a
[2026-04-05T04:23:58Z] TOOL= step=0 sprint=LV-001a
[2026-04-05T04:26:31Z] TOOL= step=0 sprint=LV-001a
[2026-04-05T04:26:36Z] TOOL= step=0 sprint=LV-001a
[2026-04-05T04:26:36Z] TOOL= step=0 sprint=LV-001a
[2026-04-05T04:26:46Z] TOOL= step=0 sprint=LV-001a
[2026-04-05T04:26:52Z] TOOL= step=0 sprint=LV-001a
[2026-04-05T04:26:53Z] TOOL= step=0 sprint=LV-001a
[2026-04-05T04:26:55Z] TOOL= step=0 sprint=LV-001a
[2026-04-05T04:27:00Z] TOOL= step=0 sprint=LV-001a
[2026-04-05T04:27:02Z] TOOL= step=0 sprint=LV-001a
[2026-04-05T04:27:02Z] TOOL= step=0 sprint=LV-001a
[2026-04-05T04:27:06Z] TOOL= step=0 sprint=LV-001a
[2026-04-05T04:27:08Z] TOOL= step=0 sprint=LV-001a
[2026-04-05T04:27:13Z] TOOL= step=0 sprint=LV-001a
[2026-04-05T04:27:19Z] TOOL= step=0 sprint=LV-001a
[2026-04-05T04:27:23Z] TOOL= step=0 sprint=LV-001a
[2026-04-05T04:27:27Z] TOOL= step=0 sprint=LV-001a
[2026-04-05T04:27:31Z] TOOL= step=0 sprint=LV-001a
[2026-04-05T04:27:35Z] TOOL= step=0 sprint=LV-001a
[2026-04-05T04:27:47Z] TOOL= step=0 sprint=LV-001a
[2026-04-05T04:28:03Z] TOOL= step=0 sprint=LV-001a
[2026-04-05T04:28:09Z] TOOL= step=0 sprint=LV-001a
[2026-04-05T04:28:14Z] TOOL= step=0 sprint=LV-001a
[2026-04-05T04:29:13Z] TOOL= step=0 sprint=LV-001a
[2026-04-05T04:41:28Z] TOOL= step=0 sprint=LV-001a
[2026-04-05T04:41:31Z] TOOL= step=0 sprint=LV-001a
[2026-04-05T04:41:32Z] TOOL= step=0 sprint=LV-001a
[2026-04-05T04:41:37Z] TOOL= step=0 sprint=LV-001a
[2026-04-05T04:41:41Z] TOOL= step=0 sprint=LV-001a
[2026-04-05T04:41:50Z] TOOL= step=0 sprint=LV-001a
[2026-04-05T04:41:56Z] TOOL= step=0 sprint=LV-001a
[2026-04-05T04:42:07Z] TOOL= step=0 sprint=LV-001a
[2026-04-05T04:42:29Z] PRE-COMMIT role=orchestrator sprint=LV-001a result=BLOCKED detail="Watchdog gate: Ack is 2247 minutes old (max 60). Re-acknowledge."
[2026-04-05T04:44:26Z] PRE-COMMIT role=orchestrator sprint=LV-001a result=BLOCKED detail="Staged files not declared in pre-execution report: server/routes/public.ts server/seed.ts. Update ## Declared Files section."
[2026-04-05T04:45:02Z] PRE-COMMIT role=orchestrator sprint=LV-001a result=BLOCKED detail="Enforcer checklist is stale (modified 135036s ago, max 1800s). Re-run the generator."
[2026-04-05T04:46:26Z] TOOL= step=? sprint=LV-001a
[2026-04-05T04:45:00Z] agent-launch role=orchestrator sprint=LV-001a scope=tests/e2e/wf-vapi-inbound.spec.ts,tests/e2e/wf-tavus-inbound.spec.ts,tests/e2e/wf-widget-video.spec.ts,tests/e2e/wf-widget-callback.spec.ts,tests/e2e/wf-widget-form.spec.ts,tests/e2e/wf-widget-chat.spec.ts,tests/e2e/wf-cold-service.spec.ts,tests/e2e/wf-cold-sales.spec.ts,tests/e2e/wf-campaign.spec.ts,tests/e2e/wf-teambox.spec.ts,tests/e2e/wf-vin-lead.spec.ts,tests/e2e/wf-vin-trigger.spec.ts,tests/e2e/wf-takeover.spec.ts,tests/e2e/seed.spec.ts,playwright.config.ts,server/routes/public.ts,server/seed.ts
[2026-04-05T04:46:30Z] TOOL= step=? sprint=LV-001a
[2026-04-05T04:46:40Z] TOOL= step=? sprint=LV-001a
[2026-04-05T04:47:34Z] PRE-COMMIT role=orchestrator sprint=LV-001a result=BLOCKED detail="Cross-sign is stale (modified 135152s ago, max 1800s). Re-run the generator."
[2026-04-05T04:48:14Z] PRE-COMMIT role=orchestrator sprint=LV-001a result=PASS detail="All 7 gates passed"
[2026-04-05T06:04:53Z] PRE-COMMIT role=orchestrator sprint=LV-001a result=BLOCKED detail="Watchdog gate: Ack is 76 minutes old (max 60). Re-acknowledge."
[2026-04-05T06:06:08Z] PRE-COMMIT role=orchestrator sprint=LV-001a result=BLOCKED detail="Staged files not declared in pre-execution report: server/index.ts. Update ## Declared Files section."
[2026-04-05T06:06:36Z] PRE-COMMIT role=orchestrator sprint=LV-001a result=BLOCKED detail="Enforcer checklist is stale (modified 4682s ago, max 1800s). Re-run the generator."
[2026-04-05T06:07:51Z] agent-launch role=orchestrator sprint=LV-001a scope=server/index.ts,tests/e2e/domain-12-infrastructure.spec.ts
[2026-04-05T06:08:40Z] PRE-COMMIT role=orchestrator sprint=LV-001a result=BLOCKED detail="Cross-sign is stale (modified 4806s ago, max 1800s). Re-run the generator."
[2026-04-05T06:09:16Z] PRE-COMMIT role=orchestrator sprint=LV-001a result=PASS detail="All 7 gates passed"
[2026-04-05T06:14:19Z] PRE-COMMIT role=orchestrator sprint=LV-001a result=PASS detail="All 7 gates passed"
[2026-04-05T07:24:16Z] PRE-COMMIT role=orchestrator sprint=LV-001a result=BLOCKED detail="Watchdog gate: Ack is 78 minutes old (max 60). Re-acknowledge."
[2026-04-05T07:25:03Z] PRE-COMMIT role=orchestrator sprint=LV-001a result=BLOCKED detail="Enforcer checklist is stale (modified 4595s ago, max 1800s). Re-run the generator."
[2026-04-05T07:25:59Z] PRE-COMMIT role=orchestrator sprint=LV-001a result=BLOCKED detail="Cross-sign is stale (modified 4612s ago, max 1800s). Re-run the generator."
[2026-04-05T07:26:27Z] PRE-COMMIT role=orchestrator sprint=LV-001a result=PASS detail="All 7 gates passed"
[2026-04-05T07:41:06Z] PRE-COMMIT role=orchestrator sprint=LV-001a result=PASS detail="All 7 gates passed"
[2026-04-05T12:02:09Z] PRE-COMMIT role=orchestrator sprint=LV-001a result=BLOCKED detail="Watchdog gate: Ack is 277 minutes old (max 60). Re-acknowledge."
[2026-04-05T12:03:18Z] PRE-COMMIT role=orchestrator sprint=LV-001a result=BLOCKED detail="Staged files not declared in pre-execution report: client/src/pages/widget-landing.tsx. Update ## Declared Files section."
[2026-04-05T12:03:49Z] PRE-COMMIT role=orchestrator sprint=LV-001a result=BLOCKED detail="Enforcer checklist is stale (modified 16681s ago, max 1800s). Re-run the generator."
[2026-04-05T12:05:20Z] agent-launch role=orchestrator sprint=LV-001a scope=client/src/pages/widget-landing.tsx,tests/e2e/wf-widget-embed.spec.ts,tests/agents/generated/edge-cases.agent.spec.ts
[2026-04-05T12:06:00Z] PRE-COMMIT role=orchestrator sprint=LV-001a result=BLOCKED detail="Cross-sign is stale (modified 16782s ago, max 1800s). Re-run the generator."
[2026-04-05T12:06:38Z] PRE-COMMIT role=orchestrator sprint=LV-001a result=PASS detail="All 7 gates passed"
