[2026-04-07T19:42:31Z] TOOL=Bash step=1 sprint=PE-SETTINGS-03
[2026-04-07T19:42:32Z] TOOL=Bash step=1 sprint=PE-SETTINGS-03
[2026-04-07T19:42:38Z] TOOL=Bash step=1 sprint=PE-SETTINGS-03
[2026-04-07T19:42:43Z] TOOL=Bash step=1 sprint=PE-SETTINGS-03
[2026-04-07T19:42:49Z] TOOL=Bash step=1 sprint=PE-SETTINGS-03
[2026-04-07T19:43:08Z] TOOL=Bash step=1 sprint=PE-SETTINGS-03
[2026-04-07T19:43:09Z] TOOL=Bash step=1 sprint=PE-SETTINGS-03
[2026-04-07T19:43:12Z] TOOL=Bash step=1 sprint=PE-SETTINGS-03
[2026-04-07T19:43:16Z] TOOL=Write step=1 sprint=PE-SETTINGS-03
[2026-04-07T19:43:17Z] TOOL=Bash step=1 sprint=PE-SETTINGS-03
[2026-04-07T19:43:21Z] TOOL=Bash step=1 sprint=PE-SETTINGS-03
[2026-04-07T19:43:29Z] TOOL=Bash step=1 sprint=PE-SETTINGS-03
[2026-04-07T19:43:46Z] TOOL=Bash step=1 sprint=PE-SETTINGS-03
[2026-04-07T19:43:50Z] TOOL=Write step=1 sprint=PE-SETTINGS-03
[2026-04-07T19:43:53Z] TOOL=Bash step=1 sprint=PE-SETTINGS-03
[2026-04-07T19:43:56Z] TOOL=Write step=1 sprint=PE-SETTINGS-03
[2026-04-07T19:43:59Z] TOOL=Bash step=1 sprint=PE-SETTINGS-03
[2026-04-07T19:44:06Z] TOOL=Bash step=1 sprint=PE-SETTINGS-03
[2026-04-07T19:44:11Z] TOOL=Write step=1 sprint=PE-SETTINGS-03
[2026-04-07T19:44:18Z] TOOL=Bash step=1 sprint=PE-SETTINGS-03
[2026-04-07T19:44:35Z] TOOL=Bash step=1 sprint=PE-SETTINGS-03
[2026-04-07T19:44:39Z] TOOL=Bash step=1 sprint=PE-SETTINGS-03
[2026-04-07T19:45:01Z] TOOL=Bash step=1 sprint=PE-SETTINGS-03
[2026-04-07T19:45:06Z] TOOL=Bash step=1 sprint=PE-SETTINGS-03
[2026-04-07T19:45:20Z] TOOL=Bash step=1 sprint=PE-SETTINGS-03
[2026-04-07T19:45:22Z] TOOL=Bash step=1 sprint=PE-SETTINGS-03
[2026-04-07T19:45:26Z] TOOL=Bash step=1 sprint=PE-SETTINGS-03
[2026-04-07T19:45:32Z] TOOL=Bash step=1 sprint=PE-SETTINGS-03
[2026-04-07T19:45:38Z] TOOL=Bash step=1 sprint=PE-SETTINGS-03
[2026-04-07T19:46:19Z] TOOL=Bash step=1 sprint=PE-SETTINGS-03
[2026-04-07T19:46:23Z] TOOL=Bash step=1 sprint=PE-SETTINGS-03
[2026-04-07T19:46:24Z] TOOL=Write step=1 sprint=PE-SETTINGS-03
[2026-04-07T19:46:27Z] TOOL=Bash step=1 sprint=PE-SETTINGS-03
[2026-04-07T19:46:50Z] TOOL=Bash step=1 sprint=PE-SETTINGS-03
[2026-04-07T19:47:15Z] TOOL=Bash step=1 sprint=PE-SETTINGS-03
[2026-04-07T19:47:29Z] TOOL=Bash step=1 sprint=PE-SETTINGS-03
[2026-04-07T19:47:31Z] TOOL=Write step=1 sprint=PE-SETTINGS-03
[2026-04-07T19:47:39Z] TOOL=Bash step=1 sprint=PE-SETTINGS-03
[2026-04-07T19:47:49Z] TOOL=Write step=1 sprint=PE-SETTINGS-03
[2026-04-07T19:47:55Z] TOOL=Bash step=1 sprint=PE-SETTINGS-03
[2026-04-07T19:48:09Z] TOOL=Write step=1 sprint=PE-SETTINGS-03
[2026-04-07T19:48:21Z] TOOL=Bash step=1 sprint=PE-SETTINGS-03
[2026-04-07T19:48:22Z] TOOL=Write step=1 sprint=PE-SETTINGS-03
[2026-04-07T19:48:50Z] TOOL=Edit step=1 sprint=PE-SETTINGS-03
[2026-04-07T19:48:51Z] TOOL=Bash step=1 sprint=PE-SETTINGS-03
[2026-04-07T19:48:54Z] TOOL=Bash step=1 sprint=PE-SETTINGS-03
[2026-04-07T19:49:04Z] TOOL=Bash step=1 sprint=PE-SETTINGS-03
[2026-04-07T19:49:09Z] TOOL=Bash step=1 sprint=PE-SETTINGS-03
[2026-04-07T19:49:30Z] TOOL=Bash step=1 sprint=PE-SETTINGS-03
[2026-04-07T19:49:32Z] TOOL=Write step=1 sprint=PE-SETTINGS-03
[2026-04-07T19:49:47Z] TOOL=Edit step=1 sprint=PE-SETTINGS-03
[2026-04-07T19:49:56Z] TOOL=Edit step=1 sprint=PE-SETTINGS-03
[2026-04-07T19:49:58Z] TOOL=Agent step=1 sprint=PE-SETTINGS-03
[2026-04-07T19:50:03Z] TOOL=Bash step=1 sprint=PE-SETTINGS-03
[2026-04-07T19:50:04Z] TOOL=Write step=1 sprint=PE-SETTINGS-03
[2026-04-07T19:50:13Z] TOOL=Write step=1 sprint=PE-SETTINGS-03
[2026-04-07T19:50:15Z] TOOL=Bash step=1 sprint=PE-SETTINGS-03
[2026-04-07T19:50:19Z] TOOL=Bash step=1 sprint=PE-SETTINGS-03
[2026-04-07T19:50:40Z] TOOL=Bash step=1 sprint=PE-SETTINGS-03
[2026-04-07T19:50:42Z] TOOL=Bash step=1 sprint=PE-SETTINGS-03
[2026-04-07T19:50:46Z] TOOL=Bash step=1 sprint=PE-SETTINGS-03
[2026-04-07T19:50:47Z] TOOL=Bash step=1 sprint=PE-SETTINGS-03
[2026-04-07T19:50:50Z] TOOL=Bash step=1 sprint=PE-SETTINGS-03
[2026-04-07T19:50:56Z] TOOL=Bash step=1 sprint=PE-SETTINGS-03
[2026-04-07T19:52:43Z] PRE-COMMIT role=orchestrator sprint=PE-SETTINGS-03 result=BLOCKED detail="Pre-execution report has a Declared Files section but no file paths listed."
[2026-04-07T19:53:14Z] PRE-COMMIT role=orchestrator sprint=PE-SETTINGS-03 result=BLOCKED detail="Pre-execution report has a Declared Files section but no file paths listed."
[2026-04-07T19:53:48Z] PRE-COMMIT role=orchestrator sprint=PE-SETTINGS-03 result=BLOCKED detail="Pre-exec and post-sprint written -65s apart (minimum 300s / 5 minutes). Write the pre-exec FIRST, do the work, THEN write the post-sprint."
[2026-04-07T19:54:15Z] PRE-COMMIT role=orchestrator sprint=PE-SETTINGS-03 result=BLOCKED detail="Cross-sign verdict is '', not 'approved'."
[2026-04-07T19:54:53Z] PRE-COMMIT role=orchestrator sprint=PE-SETTINGS-03 result=BLOCKED detail="Cross-sign implementing role (**orchestrator) does not match COMMIT_ROLE (orchestrator)."
[2026-04-07T19:55:56Z] PRE-COMMIT role=orchestrator sprint=PE-SETTINGS-03 result=PASS detail="All 7 gates passed"
