[2026-04-07T18:20:23Z] TOOL=Bash step=1 sprint=PE-SALES-03
[2026-04-07T18:22:54Z] TOOL=Bash step=1 sprint=PE-SALES-03
[2026-04-07T18:23:00Z] TOOL=Bash step=1 sprint=PE-SALES-03
[2026-04-07T18:23:09Z] TOOL=Bash step=1 sprint=PE-SALES-03
[2026-04-07T18:23:13Z] TOOL=Bash step=1 sprint=PE-SALES-03
[2026-04-07T18:23:26Z] TOOL=Bash step=1 sprint=PE-SALES-03
[2026-04-07T18:24:51Z] TOOL=Bash step=1 sprint=PE-SALES-03
[2026-04-07T18:25:15Z] TOOL=Write step=1 sprint=PE-SALES-03
[2026-04-07T18:25:30Z] TOOL=Write step=1 sprint=PE-SALES-03
[2026-04-07T18:26:57Z] TOOL=Write step=1 sprint=PE-SALES-03
[2026-04-07T18:27:15Z] TOOL=Write step=1 sprint=PE-SALES-03
[2026-04-07T18:27:44Z] TOOL=Write step=1 sprint=PE-SALES-03
[2026-04-07T18:28:11Z] TOOL=Bash step=1 sprint=PE-SALES-03
[2026-04-07T18:28:32Z] TOOL=Edit step=1 sprint=PE-SALES-03
[2026-04-07T18:28:45Z] TOOL=Edit step=1 sprint=PE-SALES-03
[2026-04-07T18:28:53Z] TOOL=Bash step=1 sprint=PE-SALES-03
--- PE-SALES-03 Round 3 Eval Session ---
[2026-04-07T21:00:00Z] Sprint status updated to in_progress
[2026-04-07T21:01:00Z] Browser: navigated to https://dev.huminicdev.com, login page loaded
[2026-04-07T21:01:10Z] Browser: login as serra_honda@huminic.ai, signed in
[2026-04-07T21:01:20Z] Main Dashboard observed: Active Pipeline=107, Appts=0, Escalations=262, Outbound=21
[2026-04-07T21:01:30Z] Browser: navigated to /sales via sidebar click
[2026-04-07T21:01:35Z] F1: Sales Dashboard loaded. 7 tiles, agents, activity. Warehouse synced 31m ago.
[2026-04-07T21:01:40Z] F1: Screenshot F1-sales-dashboard-full.png captured
[2026-04-07T21:02:00Z] F2: Serra Honda scoped (org_admin). No store selector. Metrics plausible.
[2026-04-07T21:02:10Z] F3: Total Leads popout - 452, +5%, records EMPTY
[2026-04-07T21:02:30Z] F3: New Leads popout - 36, +100%, records EMPTY
[2026-04-07T21:02:50Z] F3: Sold popout - summary breakdown correct
[2026-04-07T21:03:00Z] BROWSER CRASH. Recovery failed.
[2026-04-07T21:04:00Z] Code review completed. Evidence files written.
[2026-04-07T21:05:20Z] EVAL RESULT: Accepted with risk. BUG-01 (empty record tables). F5/F6 blocked.
[2026-04-07T18:28:57Z] TOOL=Bash step=1 sprint=PE-SALES-03
[2026-04-07T18:29:57Z] TOOL=Agent step=1 sprint=PE-SALES-03
[2026-04-07T18:30:51Z] TOOL=Bash step=1 sprint=PE-SALES-03
[2026-04-07T18:30:53Z] TOOL=Bash step=1 sprint=PE-SALES-03
[2026-04-07T18:31:06Z] TOOL=Edit step=1 sprint=PE-SALES-03
[2026-04-07T18:31:27Z] TOOL=Bash step=1 sprint=PE-SALES-03
[2026-04-07T18:31:40Z] TOOL=Bash step=1 sprint=PE-SALES-03
[2026-04-07T18:31:46Z] TOOL=Bash step=1 sprint=PE-SALES-03
[2026-04-07T18:31:49Z] TOOL=Bash step=1 sprint=PE-SALES-03
[2026-04-07T18:32:10Z] TOOL=Bash step=1 sprint=PE-SALES-03
[2026-04-07T18:32:42Z] TOOL=Bash step=1 sprint=PE-SALES-03
[2026-04-07T18:32:46Z] TOOL=Bash step=1 sprint=PE-SALES-03
[2026-04-07T18:32:56Z] TOOL=Bash step=1 sprint=PE-SALES-03
[2026-04-07T18:33:03Z] TOOL=Bash step=1 sprint=PE-SALES-03
[2026-04-07T18:33:10Z] TOOL=Bash step=1 sprint=PE-SALES-03
[2026-04-07T18:33:19Z] TOOL=Bash step=1 sprint=PE-SALES-03
[2026-04-07T18:33:23Z] TOOL=Bash step=1 sprint=PE-SALES-03
[2026-04-07T18:33:43Z] TOOL=Write step=1 sprint=PE-SALES-03
[2026-04-07T18:34:05Z] TOOL=Write step=1 sprint=PE-SALES-03
[2026-04-07T18:34:08Z] TOOL=Edit step=1 sprint=PE-SALES-03
[2026-04-07T18:34:16Z] TOOL=Write step=1 sprint=PE-SALES-03
[2026-04-07T18:34:22Z] TOOL=Write step=1 sprint=PE-SALES-03
[2026-04-07T18:34:25Z] TOOL=Bash step=1 sprint=PE-SALES-03
[2026-04-07T18:34:31Z] TOOL=Bash step=1 sprint=PE-SALES-03
[2026-04-07T18:34:38Z] TOOL=Bash step=1 sprint=PE-SALES-03
[2026-04-07T18:34:42Z] TOOL=Bash step=1 sprint=PE-SALES-03
[2026-04-07T18:34:46Z] TOOL=Bash step=1 sprint=PE-SALES-03
[2026-04-07T18:34:51Z] TOOL=Bash step=1 sprint=PE-SALES-03
