[2026-03-27T23:04:23Z] CAPTAIN TOOL= step=1 sprint=R-018
[2026-03-27T23:04:44Z] CAPTAIN TOOL= step=1 sprint=R-018
[2026-03-27T23:05:09Z] CAPTAIN TOOL= step=? sprint=R-018
[2026-03-27T23:11:56Z] CAPTAIN TOOL= step=? sprint=R-018
[2026-03-27T23:18:25Z] CAPTAIN TOOL= step=? sprint=R-018
[2026-03-27T23:29:59Z] CAPTAIN TOOL=Agent step=? sprint=R-018
[2026-03-27T23:36:13Z] CAPTAIN TOOL=Write step=? sprint=R-018
[2026-03-27T23:36:18Z] CAPTAIN TOOL=Agent step=? sprint=R-018
[2026-03-27T23:36:26Z] CAPTAIN TOOL=Bash step=? sprint=R-018
[2026-03-27T23:37:30Z] CAPTAIN TOOL=Agent step=? sprint=R-018
[2026-03-27T23:39:52Z] CAPTAIN TOOL=Edit step=? sprint=R-018
[2026-03-27T23:40:29Z] CAPTAIN TOOL=Agent step=? sprint=R-018
[2026-03-27T23:40:42Z] CAPTAIN TOOL=Edit step=? sprint=R-018
[2026-03-27T23:40:55Z] CAPTAIN TOOL=Edit step=? sprint=R-018
[2026-03-27T23:41:00Z] CAPTAIN TOOL=Edit step=? sprint=R-018
[2026-03-27T23:41:20Z] CAPTAIN TOOL=Edit step=? sprint=R-018
[2026-03-27T23:41:25Z] CAPTAIN TOOL=Edit step=? sprint=R-018
[2026-03-27T23:41:49Z] CAPTAIN TOOL=Agent step=? sprint=R-018
[2026-03-27T23:42:05Z] CAPTAIN TOOL=Bash step=? sprint=R-018
[2026-03-27T23:43:31Z] CAPTAIN TOOL=Bash step=? sprint=R-018
[2026-03-27T23:43:44Z] CAPTAIN TOOL=Edit step=? sprint=R-018
[2026-03-27T23:43:49Z] CAPTAIN TOOL=Write step=? sprint=R-018
[2026-03-27T23:52:40Z] CAPTAIN TOOL=Bash step=? sprint=R-018
[2026-03-27T23:52:41Z] CAPTAIN TOOL=Agent step=? sprint=R-018
[2026-03-27T23:52:41Z] CAPTAIN TOOL=Edit step=? sprint=R-018
[2026-03-27T23:52:41Z] CAPTAIN TOOL=Edit step=? sprint=R-018
[2026-03-27T23:52:41Z] CAPTAIN TOOL=Edit step=? sprint=R-018
[2026-03-27T23:54:12Z] CAPTAIN TOOL=Edit step=? sprint=R-018
[2026-03-27T23:54:23Z] CAPTAIN TOOL=Edit step=? sprint=R-018
[2026-03-27T23:54:39Z] CAPTAIN TOOL=Edit step=1 sprint=R-018
[2026-03-27T23:57:05Z] CAPTAIN TOOL=Write step=2 sprint=R-018
[2026-03-27T23:57:12Z] CAPTAIN TOOL=Write step=2 sprint=R-018
[2026-03-27T23:58:57Z] CAPTAIN TOOL=Edit step=2 sprint=R-018
[2026-03-27T23:59:13Z] CAPTAIN TOOL=Edit step=2 sprint=R-018
[2026-03-27T23:59:33Z] CAPTAIN TOOL=Write step=2 sprint=R-018
[2026-03-27T23:59:50Z] CAPTAIN TOOL=Edit step=2 sprint=R-018
[2026-03-27T23:59:55Z] CAPTAIN TOOL=Edit step=2 sprint=R-018
[2026-03-28T00:00:45Z] CAPTAIN TOOL=Agent step=2 sprint=R-018
[2026-03-28T00:00:50Z] CAPTAIN TOOL=Bash step=2 sprint=R-018
[2026-03-28T00:00:59Z] CAPTAIN TOOL=Bash step=2 sprint=R-018
[2026-03-28T00:07:46Z] CAPTAIN TOOL=Agent step=2 sprint=R-018
[2026-03-28T00:10:55Z] CAPTAIN TOOL=Edit step=2 sprint=R-018
[2026-03-28T00:11:01Z] CAPTAIN TOOL=Agent step=2 sprint=R-018
[2026-03-28T00:11:18Z] CAPTAIN TOOL=Edit step=2 sprint=R-018
[2026-03-28T00:11:24Z] CAPTAIN TOOL=Edit step=2 sprint=R-018
[2026-03-28T00:11:31Z] CAPTAIN TOOL=Agent step=2 sprint=R-018
[2026-03-28T00:11:40Z] CAPTAIN TOOL=Edit step=2 sprint=R-018
[2026-03-28T00:11:52Z] CAPTAIN TOOL=Edit step=2 sprint=R-018
[2026-03-28T00:12:11Z] CAPTAIN TOOL=Agent step=2 sprint=R-018
[2026-03-28T00:12:16Z] CAPTAIN TOOL=Bash step=2 sprint=R-018
[2026-03-28T00:13:23Z] CAPTAIN TOOL=Bash step=2 sprint=R-018
[2026-03-28T00:13:28Z] CAPTAIN TOOL=Bash step=2 sprint=R-018
[2026-03-28T00:13:31Z] CAPTAIN TOOL=Bash step=2 sprint=R-018
[2026-03-28T00:13:38Z] CAPTAIN TOOL=Bash step=2 sprint=R-018
[2026-03-28T00:13:44Z] CAPTAIN TOOL=Bash step=2 sprint=R-018
[2026-03-28T00:15:04Z] CAPTAIN TOOL=Bash step=2 sprint=R-018
[2026-03-28T00:15:33Z] CAPTAIN TOOL=Write step=2 sprint=R-018
[2026-03-28T00:17:44Z] CAPTAIN TOOL=Agent step=2 sprint=R-018
[2026-03-28T00:17:49Z] CAPTAIN TOOL=Bash step=2 sprint=R-018
[2026-03-28T00:17:52Z] CAPTAIN TOOL=Edit step=2 sprint=R-018
[2026-03-28T00:18:11Z] CAPTAIN TOOL=Edit step=2 sprint=R-018
[2026-03-28T00:18:36Z] CAPTAIN TOOL=Edit step=2 sprint=R-018
[2026-03-28T00:18:50Z] CAPTAIN TOOL=Bash step=2 sprint=R-018
[2026-03-28T00:19:24Z] CAPTAIN TOOL=Bash step=2 sprint=R-018
[2026-03-28T00:19:28Z] CAPTAIN TOOL=Bash step=2 sprint=R-018
[2026-03-28T00:19:32Z] CAPTAIN TOOL=Bash step=2 sprint=R-018
[2026-03-28T00:19:37Z] CAPTAIN TOOL=Bash step=2 sprint=R-018
[2026-03-28T00:19:42Z] CAPTAIN TOOL=Bash step=2 sprint=R-018
[2026-03-28T00:19:48Z] CAPTAIN TOOL=Bash step=2 sprint=R-018
[2026-03-28T00:19:53Z] CAPTAIN TOOL=Bash step=2 sprint=R-018
[2026-03-28T00:20:05Z] CAPTAIN TOOL=Bash step=2 sprint=R-018
[2026-03-28T00:23:46Z] CAPTAIN TOOL=Agent step=2 sprint=R-018
[2026-03-28T00:24:02Z] CAPTAIN TOOL=Agent step=2 sprint=R-018
[2026-03-28T00:24:12Z] CAPTAIN TOOL=Bash step=2 sprint=R-018
[2026-03-28T00:24:13Z] CAPTAIN TOOL=Bash step=2 sprint=R-018
[2026-03-28T00:24:18Z] CAPTAIN TOOL=Agent step=2 sprint=R-018
[2026-03-28T00:24:25Z] CAPTAIN TOOL=Bash step=2 sprint=R-018
[2026-03-28T00:24:27Z] CAPTAIN TOOL=Bash step=2 sprint=R-018
[2026-03-28T00:24:28Z] CAPTAIN TOOL=Bash step=2 sprint=R-018
[2026-03-28T00:24:28Z] CAPTAIN TOOL=Bash step=2 sprint=R-018
[2026-03-28T00:24:32Z] CAPTAIN TOOL=Bash step=2 sprint=R-018
[2026-03-28T00:24:35Z] CAPTAIN TOOL=Bash step=2 sprint=R-018
[2026-03-28T00:24:37Z] CAPTAIN TOOL=Bash step=2 sprint=R-018
[2026-03-28T00:24:37Z] CAPTAIN TOOL=Bash step=2 sprint=R-018
[2026-03-28T00:24:40Z] CAPTAIN TOOL=Bash step=2 sprint=R-018
[2026-03-28T00:24:58Z] CAPTAIN TOOL=Bash step=2 sprint=R-018
[2026-03-28T00:28:50Z] CAPTAIN TOOL=Agent step=2 sprint=R-018
[2026-03-28T00:29:00Z] CAPTAIN TOOL=Bash step=2 sprint=R-018
[2026-03-28T00:29:00Z] CAPTAIN TOOL=Bash step=2 sprint=R-018
[2026-03-28T00:29:14Z] CAPTAIN TOOL=Bash step=2 sprint=R-018
[2026-03-28T00:29:22Z] CAPTAIN TOOL=Bash step=2 sprint=R-018
[2026-03-28T00:29:22Z] CAPTAIN TOOL=Bash step=2 sprint=R-018
[2026-03-28T00:29:27Z] CAPTAIN TOOL=Bash step=2 sprint=R-018
[2026-03-28T00:29:27Z] CAPTAIN TOOL=Bash step=2 sprint=R-018
[2026-03-28T00:29:30Z] CAPTAIN TOOL=Bash step=2 sprint=R-018
[2026-03-28T00:29:37Z] CAPTAIN TOOL=Bash step=2 sprint=R-018
[2026-03-28T00:29:38Z] CAPTAIN TOOL=Bash step=2 sprint=R-018
[2026-03-28T00:29:40Z] CAPTAIN TOOL=Bash step=2 sprint=R-018
[2026-03-28T00:29:42Z] CAPTAIN TOOL=Bash step=2 sprint=R-018
[2026-03-28T00:29:45Z] CAPTAIN TOOL=Bash step=2 sprint=R-018
[2026-03-28T00:29:49Z] CAPTAIN TOOL=Bash step=2 sprint=R-018
[2026-03-28T00:29:52Z] CAPTAIN TOOL=Bash step=2 sprint=R-018
[2026-03-28T00:29:53Z] CAPTAIN TOOL=Bash step=2 sprint=R-018
[2026-03-28T00:29:55Z] CAPTAIN TOOL=Bash step=2 sprint=R-018
[2026-03-28T00:29:55Z] CAPTAIN TOOL=Bash step=2 sprint=R-018
[2026-03-28T00:29:55Z] CAPTAIN TOOL=Bash step=2 sprint=R-018
[2026-03-28T00:29:59Z] CAPTAIN TOOL=Bash step=2 sprint=R-018
[2026-03-28T00:30:02Z] CAPTAIN TOOL=Bash step=2 sprint=R-018
[2026-03-28T00:30:05Z] CAPTAIN TOOL=Bash step=2 sprint=R-018
[2026-03-28T00:30:09Z] CAPTAIN TOOL=Bash step=2 sprint=R-018
[2026-03-28T00:30:13Z] CAPTAIN TOOL=Bash step=2 sprint=R-018
[2026-03-28T00:35:05Z] CAPTAIN TOOL=Agent step=2 sprint=R-018
[2026-03-28T00:35:13Z] CAPTAIN TOOL=Bash step=2 sprint=R-018
[2026-03-28T00:35:17Z] CAPTAIN TOOL=Agent step=2 sprint=R-018
[2026-03-28T00:35:24Z] CAPTAIN TOOL=Bash step=2 sprint=R-018
[2026-03-28T00:35:27Z] CAPTAIN TOOL=Bash step=2 sprint=R-018
[2026-03-28T00:35:30Z] CAPTAIN TOOL=Bash step=2 sprint=R-018
[2026-03-28T00:35:31Z] CAPTAIN TOOL=Agent step=2 sprint=R-018
[2026-03-28T00:35:40Z] CAPTAIN TOOL=Agent step=2 sprint=R-018
[2026-03-28T00:35:43Z] CAPTAIN TOOL=Bash step=2 sprint=R-018
[2026-03-28T00:35:43Z] CAPTAIN TOOL=Bash step=2 sprint=R-018
[2026-03-28T00:35:46Z] CAPTAIN TOOL=Bash step=2 sprint=R-018
[2026-03-28T00:35:49Z] CAPTAIN TOOL=Bash step=2 sprint=R-018
[2026-03-28T00:35:56Z] CAPTAIN TOOL=Bash step=2 sprint=R-018
[2026-03-28T00:36:06Z] CAPTAIN TOOL=Bash step=2 sprint=R-018
[2026-03-28T00:36:08Z] CAPTAIN TOOL=Bash step=2 sprint=R-018
[2026-03-28T00:36:15Z] CAPTAIN TOOL=Bash step=2 sprint=R-018
[2026-03-28T00:36:16Z] CAPTAIN TOOL=Bash step=2 sprint=R-018
[2026-03-28T00:36:21Z] CAPTAIN TOOL=Bash step=2 sprint=R-018
[2026-03-28T00:36:21Z] CAPTAIN TOOL=Bash step=2 sprint=R-018
[2026-03-28T00:36:22Z] CAPTAIN TOOL=Bash step=2 sprint=R-018
[2026-03-28T00:36:24Z] CAPTAIN TOOL=Bash step=2 sprint=R-018
[2026-03-28T00:36:30Z] CAPTAIN TOOL=Bash step=2 sprint=R-018
[2026-03-28T00:36:31Z] CAPTAIN TOOL=Bash step=2 sprint=R-018
[2026-03-28T00:36:32Z] CAPTAIN TOOL=Bash step=2 sprint=R-018
[2026-03-28T00:36:33Z] CAPTAIN TOOL=Bash step=2 sprint=R-018
[2026-03-28T00:36:37Z] CAPTAIN TOOL=Bash step=2 sprint=R-018
[2026-03-28T00:36:38Z] CAPTAIN TOOL=Bash step=2 sprint=R-018
[2026-03-28T00:36:39Z] CAPTAIN TOOL=Bash step=2 sprint=R-018
[2026-03-28T00:36:50Z] CAPTAIN TOOL=Bash step=2 sprint=R-018
[2026-03-28T00:37:00Z] CAPTAIN TOOL=Bash step=2 sprint=R-018
[2026-03-28T00:37:21Z] CAPTAIN TOOL=Write step=2 sprint=R-018
[2026-03-28T00:37:28Z] CAPTAIN TOOL=Write step=2 sprint=R-018
[2026-03-28T00:38:39Z] CAPTAIN TOOL=Write step=2 sprint=R-018
[2026-03-28T00:40:16Z] CAPTAIN TOOL=Write step=2 sprint=R-018
[2026-03-28T00:42:05Z] CAPTAIN TOOL=Agent step=2 sprint=R-018
[2026-03-28T00:43:19Z] CAPTAIN TOOL=Bash step=2 sprint=R-018
[2026-03-28T00:43:20Z] CAPTAIN TOOL=Bash step=2 sprint=R-018
[2026-03-28T00:45:49Z] CAPTAIN TOOL=Write step=2 sprint=R-018
[2026-03-28T01:56:15Z] CAPTAIN TOOL=Agent step=2 sprint=R-018
[2026-03-28T01:56:30Z] CAPTAIN TOOL=Agent step=2 sprint=R-018
[2026-03-28T01:56:36Z] CAPTAIN TOOL=Bash step=2 sprint=R-018
[2026-03-28T01:56:46Z] CAPTAIN TOOL=Bash step=2 sprint=R-018
[2026-03-28T01:56:46Z] CAPTAIN TOOL=Agent step=2 sprint=R-018
[2026-03-28T01:56:56Z] CAPTAIN TOOL=Bash step=2 sprint=R-018
[2026-03-28T01:57:00Z] CAPTAIN TOOL=Bash step=2 sprint=R-018
[2026-03-28T01:57:09Z] CAPTAIN TOOL=Bash step=2 sprint=R-018
[2026-03-28T01:57:12Z] CAPTAIN TOOL=Bash step=2 sprint=R-018
[2026-03-28T01:57:16Z] CAPTAIN TOOL=Bash step=2 sprint=R-018
[2026-03-28T01:57:17Z] CAPTAIN TOOL=Bash step=2 sprint=R-018
[2026-03-28T01:57:22Z] CAPTAIN TOOL=Bash step=2 sprint=R-018
[2026-03-28T01:57:23Z] CAPTAIN TOOL=Bash step=2 sprint=R-018
[2026-03-28T01:57:26Z] CAPTAIN TOOL=Bash step=2 sprint=R-018
[2026-03-28T01:58:57Z] CAPTAIN TOOL=Write step=2 sprint=R-018
[2026-03-28T01:59:10Z] CAPTAIN TOOL=Write step=2 sprint=R-018
[2026-03-28T01:59:40Z] CAPTAIN TOOL=Write step=2 sprint=R-018
[2026-03-28T04:15:01Z] CAPTAIN TOOL=Write step=2 sprint=R-018
[2026-03-28T04:15:21Z] CAPTAIN TOOL=Write step=2 sprint=R-018
[2026-03-28T04:15:28Z] CAPTAIN TOOL=Edit step=2 sprint=R-018
[2026-03-28T04:15:33Z] CAPTAIN TOOL=Edit step=2 sprint=R-018
[2026-03-28T04:15:41Z] CAPTAIN TOOL=Edit step=2 sprint=R-018
