[2026-04-02T00:44:15Z] CAPTAIN TOOL=Bash step=1 sprint=A-001
[2026-04-02T00:44:44Z] CAPTAIN TOOL=Write step=1 sprint=A-001
[2026-04-02T00:44:51Z] CAPTAIN TOOL=Edit step=1 sprint=A-001
[2026-04-02T00:45:36Z] CAPTAIN TOOL=Agent step=1 sprint=A-001
[2026-04-02T00:45:41Z] CAPTAIN TOOL=Bash step=1 sprint=A-001
[2026-04-02T00:45:41Z] CAPTAIN TOOL=Bash step=1 sprint=A-001
[2026-04-02T00:45:42Z] CAPTAIN TOOL=Bash step=1 sprint=A-001
[2026-04-02T00:45:42Z] CAPTAIN TOOL=Bash step=1 sprint=A-001
[2026-04-02T00:45:45Z] CAPTAIN TOOL=Bash step=1 sprint=A-001
[2026-04-02T00:45:48Z] CAPTAIN TOOL=Bash step=1 sprint=A-001
[2026-04-02T00:45:48Z] CAPTAIN TOOL=Agent step=1 sprint=A-001
[2026-04-02T00:45:49Z] CAPTAIN TOOL=Bash step=1 sprint=A-001
[2026-04-02T00:45:50Z] CAPTAIN TOOL=Bash step=1 sprint=A-001
[2026-04-02T00:45:54Z] CAPTAIN TOOL=Bash step=1 sprint=A-001
[2026-04-02T00:45:54Z] CAPTAIN TOOL=Bash step=1 sprint=A-001
[2026-04-02T00:45:55Z] CAPTAIN TOOL=Bash step=1 sprint=A-001
[2026-04-02T00:45:56Z] CAPTAIN TOOL=Bash step=1 sprint=A-001
[2026-04-02T00:45:56Z] CAPTAIN TOOL=Bash step=1 sprint=A-001
[2026-04-02T00:45:59Z] CAPTAIN TOOL=Agent step=1 sprint=A-001
[2026-04-02T00:46:04Z] CAPTAIN TOOL=Bash step=1 sprint=A-001
[2026-04-02T00:46:04Z] CAPTAIN TOOL=Bash step=1 sprint=A-001
[2026-04-02T00:46:04Z] CAPTAIN TOOL=Bash step=1 sprint=A-001
[2026-04-02T00:46:07Z] CAPTAIN TOOL=Bash step=1 sprint=A-001
[2026-04-02T00:46:08Z] CAPTAIN TOOL=Bash step=1 sprint=A-001
[2026-04-02T00:46:09Z] CAPTAIN TOOL=Agent step=1 sprint=A-001
[2026-04-02T00:46:10Z] CAPTAIN TOOL=Bash step=1 sprint=A-001
[2026-04-02T00:46:11Z] CAPTAIN TOOL=Bash step=1 sprint=A-001
[2026-04-02T00:46:12Z] CAPTAIN TOOL=Bash step=1 sprint=A-001
[2026-04-02T00:46:14Z] CAPTAIN TOOL=Bash step=1 sprint=A-001
[2026-04-02T00:46:14Z] CAPTAIN TOOL=Bash step=1 sprint=A-001
[2026-04-02T00:46:15Z] CAPTAIN TOOL=Bash step=1 sprint=A-001
[2026-04-02T00:46:17Z] CAPTAIN TOOL=Bash step=1 sprint=A-001
[2026-04-02T00:46:19Z] CAPTAIN TOOL=Bash step=1 sprint=A-001
[2026-04-02T00:46:20Z] CAPTAIN TOOL=Bash step=1 sprint=A-001
[2026-04-02T00:46:21Z] CAPTAIN TOOL=Bash step=1 sprint=A-001
[2026-04-02T00:46:23Z] CAPTAIN TOOL=Bash step=1 sprint=A-001
[2026-04-02T00:46:23Z] CAPTAIN TOOL=Bash step=1 sprint=A-001
[2026-04-02T00:46:23Z] CAPTAIN TOOL=Bash step=1 sprint=A-001
[2026-04-02T00:46:25Z] CAPTAIN TOOL=Bash step=1 sprint=A-001
[2026-04-02T00:46:33Z] CAPTAIN TOOL=Bash step=1 sprint=A-001
[2026-04-02T00:46:41Z] CAPTAIN TOOL=Bash step=1 sprint=A-001
[2026-04-02T00:46:50Z] CAPTAIN TOOL=Bash step=1 sprint=A-001
[2026-04-02T00:46:53Z] CAPTAIN TOOL=Bash step=1 sprint=A-001
[2026-04-02T00:46:53Z] CAPTAIN TOOL=Bash step=1 sprint=A-001
[2026-04-02T00:46:55Z] CAPTAIN TOOL=Bash step=1 sprint=A-001
[2026-04-02T00:47:00Z] CAPTAIN TOOL=Bash step=1 sprint=A-001
[2026-04-02T00:47:00Z] CAPTAIN TOOL=Bash step=1 sprint=A-001
[2026-04-02T00:47:03Z] CAPTAIN TOOL=Bash step=1 sprint=A-001
[2026-04-02T00:47:04Z] CAPTAIN TOOL=Bash step=1 sprint=A-001
[2026-04-02T00:47:09Z] CAPTAIN TOOL=Bash step=1 sprint=A-001
[2026-04-02T00:47:11Z] CAPTAIN TOOL=Bash step=1 sprint=A-001
[2026-04-02T00:47:13Z] CAPTAIN TOOL=Bash step=1 sprint=A-001
[2026-04-02T00:47:15Z] CAPTAIN TOOL=Bash step=1 sprint=A-001
[2026-04-02T00:47:20Z] CAPTAIN TOOL=Bash step=1 sprint=A-001
[2026-04-02T00:47:23Z] CAPTAIN TOOL=Bash step=1 sprint=A-001
[2026-04-02T00:47:23Z] CAPTAIN TOOL=Bash step=1 sprint=A-001
[2026-04-02T00:47:27Z] CAPTAIN TOOL=Bash step=1 sprint=A-001
[2026-04-02T00:47:29Z] CAPTAIN TOOL=Bash step=1 sprint=A-001
[2026-04-02T00:47:35Z] CAPTAIN TOOL=Bash step=1 sprint=A-001
[2026-04-02T00:47:36Z] CAPTAIN TOOL=Bash step=1 sprint=A-001
[2026-04-02T02:13:22Z] CAPTAIN TOOL=Bash step=1 sprint=A-001
[2026-04-02T02:13:23Z] CAPTAIN TOOL=Bash step=1 sprint=A-001
[2026-04-02T02:14:40Z] CAPTAIN TOOL=Write step=1 sprint=A-001
[2026-04-02T02:15:41Z] CAPTAIN TOOL=Edit step=1 sprint=A-001
[2026-04-02T02:16:18Z] CAPTAIN TOOL=Write step=1 sprint=A-001
[2026-04-02T02:16:51Z] CAPTAIN TOOL=Write step=1 sprint=A-001
[2026-04-02T02:17:14Z] CAPTAIN TOOL=Write step=1 sprint=A-001
[2026-04-02T02:17:54Z] CAPTAIN TOOL=Bash step=1 sprint=A-001
[2026-04-02T02:18:19Z] CAPTAIN TOOL=Bash step=1 sprint=A-001
[2026-04-02T02:18:31Z] CAPTAIN TOOL=Edit step=1 sprint=A-001
[2026-04-02T02:18:38Z] CAPTAIN TOOL=Bash step=1 sprint=A-001
[2026-04-02T02:18:52Z] CAPTAIN TOOL=Write step=5 sprint=A-001
[2026-04-02T02:26:28Z] CAPTAIN TOOL=Agent step=5 sprint=A-001
[2026-04-02T02:26:57Z] CAPTAIN TOOL=Bash step=5 sprint=A-001
[2026-04-02T02:27:21Z] CAPTAIN TOOL=Bash step=5 sprint=A-001
[2026-04-02T02:29:20Z] CAPTAIN TOOL=Edit step=5 sprint=A-001
[2026-04-02T02:29:35Z] CAPTAIN TOOL=Edit step=5 sprint=A-001
[2026-04-02T02:29:52Z] CAPTAIN TOOL=Edit step=5 sprint=A-001
[2026-04-02T02:30:00Z] CAPTAIN TOOL=Bash step=5 sprint=A-001
[2026-04-02T02:30:22Z] CAPTAIN TOOL=Edit step=5 sprint=A-001
[2026-04-02T02:42:58Z] CAPTAIN TOOL=Agent step=5 sprint=A-001
[2026-04-02T02:43:26Z] CAPTAIN TOOL=Bash step=5 sprint=A-001
[2026-04-02T02:43:41Z] CAPTAIN TOOL=Bash step=5 sprint=A-001
[2026-04-02T02:43:44Z] CAPTAIN TOOL=Bash step=5 sprint=A-001
[2026-04-02T02:44:01Z] CAPTAIN TOOL=Bash step=5 sprint=A-001
[2026-04-02T02:45:07Z] CAPTAIN TOOL=Write step=5 sprint=A-001
[2026-04-02T02:45:15Z] CAPTAIN TOOL=Write step=5 sprint=A-001
[2026-04-02T02:45:21Z] CAPTAIN TOOL=Bash step=5 sprint=A-001
[2026-04-02T02:45:21Z] agent-launch | role=orchestrator | task="A-001 MVP Launch Architecture" | scope=PLAN.md,issues.md,sprints.json,evidence/A-001/
[2026-04-02T02:45:45Z] CAPTAIN TOOL=Bash step=5 sprint=A-001
[2026-04-02T02:46:19Z] CAPTAIN TOOL=Edit step=5 sprint=A-001
[2026-04-02T02:46:23Z] CAPTAIN TOOL=Bash step=5 sprint=A-001
[2026-04-02T02:46:46Z] CAPTAIN TOOL=Edit step=5 sprint=A-001
[2026-04-02T02:47:02Z] CAPTAIN TOOL=Bash step=5 sprint=A-001
[2026-04-02T02:47:07Z] CAPTAIN TOOL=Bash step=? sprint=A-001
[2026-04-02T02:47:11Z] CAPTAIN TOOL=Bash step=? sprint=A-001
[2026-04-02T02:47:17Z] CAPTAIN TOOL=Bash step=? sprint=A-001
[2026-04-02T02:47:27Z] CAPTAIN TOOL=Edit step=? sprint=A-001
[2026-04-02T03:27:15Z] CAPTAIN TOOL=Edit step=? sprint=A-001
[2026-04-02T03:27:25Z] CAPTAIN TOOL=Bash step=? sprint=A-001
[2026-04-02T03:27:35Z] PRE-COMMIT role=orchestrator sprint=A-001 result=BLOCKED detail="Enforcer checklist is stale (modified 2443s ago, max 1800s). Re-run the generator."
[2026-04-02T03:27:40Z] CAPTAIN TOOL=Bash step=? sprint=A-001
[2026-04-02T03:28:10Z] PRE-COMMIT role=orchestrator sprint=A-001 result=BLOCKED detail="Cross-sign is stale (modified 2564s ago, max 1800s). Re-run the generator."
[2026-04-02T03:28:20Z] CAPTAIN TOOL=Bash step=? sprint=A-001
[2026-04-02T03:28:34Z] PRE-COMMIT role=orchestrator sprint=A-001 result=PASS detail="All 7 gates passed"
[2026-04-02T03:28:40Z] CAPTAIN TOOL=Bash step=? sprint=A-001
