[2026-04-06T15:20:00Z] agent-launch role=integration sprint=REM-PE-003 scope=server/vendorProxy.ts,issues.md,server/routes/webhooks.ts,server/routes/integrations.ts,server/routes/conversations.ts
[2026-04-06T15:20:10Z] TOOL= step=1 sprint=REM-PE-003
[2026-04-06T15:21:51Z] TOOL= step=1 sprint=REM-PE-003
[2026-04-06T15:21:55Z] TOOL= step=1 sprint=REM-PE-003
[2026-04-06T15:22:01Z] TOOL= step=1 sprint=REM-PE-003
[2026-04-06T15:22:05Z] TOOL= step=1 sprint=REM-PE-003
[2026-04-06T15:23:39Z] TOOL= step=1 sprint=REM-PE-003
[2026-04-06T15:24:03Z] TOOL= step=1 sprint=REM-PE-003
[2026-04-06T15:24:44Z] TOOL= step=1 sprint=REM-PE-003
[2026-04-06T15:25:12Z] TOOL= step=1 sprint=REM-PE-003
[2026-04-06T15:25:19Z] TOOL= step=1 sprint=REM-PE-003
[2026-04-06T15:25:22Z] TOOL= step=1 sprint=REM-PE-003
[2026-04-06T15:25:27Z] TOOL= step=1 sprint=REM-PE-003
[2026-04-06T15:25:45Z] TOOL= step=1 sprint=REM-PE-003
[2026-04-06T15:25:49Z] TOOL= step=1 sprint=REM-PE-003
[2026-04-06T15:26:22Z] TOOL= step=1 sprint=REM-PE-003
[2026-04-06T15:27:03Z] TOOL= step=1 sprint=REM-PE-003
[2026-04-06T15:27:07Z] TOOL= step=1 sprint=REM-PE-003
[2026-04-06T15:27:15Z] TOOL= step=1 sprint=REM-PE-003
[2026-04-06T15:27:53Z] TOOL= step=1 sprint=REM-PE-003
[2026-04-06T15:28:03Z] TOOL= step=1 sprint=REM-PE-003
[2026-04-06T15:28:14Z] PRE-COMMIT role=integration sprint=REM-PE-003 result=BLOCKED detail="Watchdog gate: 2 violation(s) not addressed in ack."
[2026-04-06T15:28:17Z] TOOL= step=1 sprint=REM-PE-003
[2026-04-06T15:28:24Z] TOOL= step=1 sprint=REM-PE-003
[2026-04-06T15:28:36Z] TOOL= step=1 sprint=REM-PE-003
[2026-04-06T15:28:43Z] TOOL= step=1 sprint=REM-PE-003
[2026-04-06T15:28:59Z] TOOL= step=1 sprint=REM-PE-003
[2026-04-06T15:29:16Z] TOOL= step=1 sprint=REM-PE-003
[2026-04-06T15:29:43Z] TOOL= step=1 sprint=REM-PE-003
[2026-04-06T15:29:50Z] TOOL= step=? sprint=REM-PE-003
[2026-04-06T15:30:01Z] PRE-COMMIT role=integration sprint=REM-PE-003 result=BLOCKED detail="Enforcer checklist not found: evidence/REM-PE-003/enforcer-checklist.txt. Run: ./scripts/enforcer-checklist.sh REM-PE-003"
[2026-04-06T15:30:08Z] TOOL= step=? sprint=REM-PE-003
[2026-04-06T15:30:45Z] TOOL= step=? sprint=REM-PE-003
[2026-04-06T15:31:26Z] TOOL= step=? sprint=REM-PE-003
[2026-04-06T15:31:33Z] TOOL= step=? sprint=REM-PE-003
[2026-04-06T15:31:38Z] TOOL= step=? sprint=REM-PE-003
[2026-04-06T15:31:44Z] TOOL= step=? sprint=REM-PE-003
[2026-04-06T15:32:14Z] TOOL= step=? sprint=REM-PE-003
[2026-04-06T15:32:25Z] PRE-COMMIT role=integration sprint=REM-PE-003 result=BLOCKED detail="Cross-sign not found: evidence/REM-PE-003/cross-sign.md. A different role must review and create it."
[2026-04-06T15:32:38Z] TOOL= step=? sprint=REM-PE-003
[2026-04-06T15:32:50Z] TOOL= step=? sprint=REM-PE-003
[2026-04-06T15:32:57Z] TOOL= step=? sprint=REM-PE-003
[2026-04-06T15:33:08Z] PRE-COMMIT role=integration sprint=REM-PE-003 result=BLOCKED detail="Staged files outside integration scope."
[2026-04-06T15:33:28Z] TOOL= step=? sprint=REM-PE-003
[2026-04-06T15:33:38Z] TOOL= step=? sprint=REM-PE-003
[2026-04-06T15:33:53Z] PRE-COMMIT role=orchestrator sprint=REM-PE-003 result=PASS detail="All 7 gates passed"
