[2026-03-28T06:52:44Z] CAPTAIN TOOL=Agent step=? sprint=FIX-01
[2026-03-28T06:52:49Z] CAPTAIN TOOL=Bash step=? sprint=FIX-01
[2026-03-28T06:53:02Z] CAPTAIN TOOL=Bash step=? sprint=FIX-01
[2026-03-28T06:53:12Z] CAPTAIN TOOL=Write step=? sprint=FIX-01
[2026-03-28T06:53:22Z] CAPTAIN TOOL=Edit step=? sprint=FIX-01
[2026-03-28T06:53:37Z] CAPTAIN TOOL=Agent step=1 sprint=FIX-01
[2026-03-28T06:53:46Z] CAPTAIN TOOL=Edit step=1 sprint=FIX-01
[2026-03-28T06:53:47Z] CAPTAIN TOOL=Bash step=1 sprint=FIX-01
[2026-03-28T06:53:57Z] CAPTAIN TOOL=Write step=1 sprint=FIX-01
[2026-03-28T06:54:19Z] CAPTAIN TOOL=Agent step=1 sprint=FIX-01
[2026-03-28T06:54:24Z] CAPTAIN TOOL=Bash step=1 sprint=FIX-01
[2026-03-28T06:55:40Z] CAPTAIN TOOL=Write step=1 sprint=FIX-01
[2026-03-28T07:01:48Z] CAPTAIN TOOL=Agent step=1 sprint=FIX-01
[2026-03-28T07:02:06Z] CAPTAIN TOOL=Edit step=1 sprint=FIX-01
[2026-03-28T07:02:26Z] CAPTAIN TOOL=Write step=1 sprint=FIX-01
[2026-03-28T07:02:53Z] CAPTAIN TOOL=Agent step=1 sprint=FIX-01
[2026-03-28T07:03:15Z] CAPTAIN TOOL=Bash step=1 sprint=FIX-01
[2026-03-28T07:05:09Z] CAPTAIN TOOL=Write step=1 sprint=FIX-01
[2026-03-28T07:07:17Z] CAPTAIN TOOL=Agent step=1 sprint=FIX-01
[2026-03-28T07:07:24Z] CAPTAIN TOOL=Edit step=1 sprint=FIX-01
[2026-03-28T07:07:39Z] CAPTAIN TOOL=Write step=1 sprint=FIX-01
[2026-03-28T07:09:13Z] CAPTAIN TOOL=Agent step=1 sprint=FIX-01
[2026-03-28T07:09:16Z] CAPTAIN TOOL=Bash step=1 sprint=FIX-01
[2026-03-28T07:09:58Z] CAPTAIN TOOL=Bash step=1 sprint=FIX-01
[2026-03-28T07:10:23Z] CAPTAIN TOOL=Write step=1 sprint=FIX-01
[2026-03-28T07:10:39Z] CAPTAIN TOOL=Agent step=1 sprint=FIX-01
[2026-03-28T07:10:58Z] CAPTAIN TOOL=Write step=1 sprint=FIX-01
[2026-03-28T07:11:13Z] CAPTAIN TOOL=Edit step=1 sprint=FIX-01
